ARM GAS  C:\Users\aasys\AppData\Local\Temp\cclg06rH.s 			page 1


   1              		.syntax unified
   2              		.cpu cortex-m0
   3              		.fpu softvfp
   4              		.eabi_attribute 20, 1
   5              		.eabi_attribute 21, 1
   6              		.eabi_attribute 23, 3
   7              		.eabi_attribute 24, 1
   8              		.eabi_attribute 25, 1
   9              		.eabi_attribute 26, 1
  10              		.eabi_attribute 30, 1
  11              		.eabi_attribute 34, 0
  12              		.eabi_attribute 18, 4
  13              		.thumb
  14              		.syntax unified
  15              		.file	"cyfitter_cfg.c"
  16              		.text
  17              	.Ltext0:
  18              		.cfi_sections	.debug_frame
  19              		.section	.text.cfg_write_bytes32,"ax",%progbits
  20              		.align	2
  21              		.code	16
  22              		.thumb_func
  23              		.type	cfg_write_bytes32, %function
  24              	cfg_write_bytes32:
  25              	.LFB3:
  26              		.file 1 "Generated_Source\\PSoC4\\cyfitter_cfg.c"
   1:Generated_Source\PSoC4/cyfitter_cfg.c **** 
   2:Generated_Source\PSoC4/cyfitter_cfg.c **** /*******************************************************************************
   3:Generated_Source\PSoC4/cyfitter_cfg.c **** * File Name: cyfitter_cfg.c
   4:Generated_Source\PSoC4/cyfitter_cfg.c **** * 
   5:Generated_Source\PSoC4/cyfitter_cfg.c **** * PSoC Creator  4.1 Update 1
   6:Generated_Source\PSoC4/cyfitter_cfg.c **** *
   7:Generated_Source\PSoC4/cyfitter_cfg.c **** * Description:
   8:Generated_Source\PSoC4/cyfitter_cfg.c **** * This file contains device initialization code.
   9:Generated_Source\PSoC4/cyfitter_cfg.c **** * Except for the user defined sections in CyClockStartupError(), this file should not be modified.
  10:Generated_Source\PSoC4/cyfitter_cfg.c **** * This file is automatically generated by PSoC Creator.
  11:Generated_Source\PSoC4/cyfitter_cfg.c **** *
  12:Generated_Source\PSoC4/cyfitter_cfg.c **** ********************************************************************************
  13:Generated_Source\PSoC4/cyfitter_cfg.c **** * Copyright (c) 2007-2017 Cypress Semiconductor.  All rights reserved.
  14:Generated_Source\PSoC4/cyfitter_cfg.c **** * You may use this file only in accordance with the license, terms, conditions, 
  15:Generated_Source\PSoC4/cyfitter_cfg.c **** * disclaimers, and limitations in the end user license agreement accompanying 
  16:Generated_Source\PSoC4/cyfitter_cfg.c **** * the software package with which this file was provided.
  17:Generated_Source\PSoC4/cyfitter_cfg.c **** ********************************************************************************/
  18:Generated_Source\PSoC4/cyfitter_cfg.c **** 
  19:Generated_Source\PSoC4/cyfitter_cfg.c **** #include <string.h>
  20:Generated_Source\PSoC4/cyfitter_cfg.c **** #include "cytypes.h"
  21:Generated_Source\PSoC4/cyfitter_cfg.c **** #include "cydevice_trm.h"
  22:Generated_Source\PSoC4/cyfitter_cfg.c **** #include "cyfitter.h"
  23:Generated_Source\PSoC4/cyfitter_cfg.c **** #include "CyLib.h"
  24:Generated_Source\PSoC4/cyfitter_cfg.c **** #include "CyLFClk.h"
  25:Generated_Source\PSoC4/cyfitter_cfg.c **** #include "cyfitter_cfg.h"
  26:Generated_Source\PSoC4/cyfitter_cfg.c **** #include "cyapicallbacks.h"
  27:Generated_Source\PSoC4/cyfitter_cfg.c **** 
  28:Generated_Source\PSoC4/cyfitter_cfg.c **** 
  29:Generated_Source\PSoC4/cyfitter_cfg.c **** #if defined(__GNUC__) || defined(__ARMCC_VERSION)
  30:Generated_Source\PSoC4/cyfitter_cfg.c ****     #define CYPACKED 
  31:Generated_Source\PSoC4/cyfitter_cfg.c ****     #define CYPACKED_ATTR __attribute__ ((packed))
ARM GAS  C:\Users\aasys\AppData\Local\Temp\cclg06rH.s 			page 2


  32:Generated_Source\PSoC4/cyfitter_cfg.c ****     #define CYALIGNED __attribute__ ((aligned))
  33:Generated_Source\PSoC4/cyfitter_cfg.c ****     #define CY_CFG_UNUSED __attribute__ ((unused))
  34:Generated_Source\PSoC4/cyfitter_cfg.c ****     #ifndef CY_CFG_SECTION
  35:Generated_Source\PSoC4/cyfitter_cfg.c ****         #define CY_CFG_SECTION __attribute__ ((section(".psocinit")))
  36:Generated_Source\PSoC4/cyfitter_cfg.c ****     #endif
  37:Generated_Source\PSoC4/cyfitter_cfg.c ****     
  38:Generated_Source\PSoC4/cyfitter_cfg.c ****     #if defined(__ARMCC_VERSION)
  39:Generated_Source\PSoC4/cyfitter_cfg.c ****         #define CY_CFG_MEMORY_BARRIER() __memory_changed()
  40:Generated_Source\PSoC4/cyfitter_cfg.c ****     #else
  41:Generated_Source\PSoC4/cyfitter_cfg.c ****         #define CY_CFG_MEMORY_BARRIER() __sync_synchronize()
  42:Generated_Source\PSoC4/cyfitter_cfg.c ****     #endif
  43:Generated_Source\PSoC4/cyfitter_cfg.c ****     
  44:Generated_Source\PSoC4/cyfitter_cfg.c **** #elif defined(__ICCARM__)
  45:Generated_Source\PSoC4/cyfitter_cfg.c ****     #include <intrinsics.h>
  46:Generated_Source\PSoC4/cyfitter_cfg.c **** 
  47:Generated_Source\PSoC4/cyfitter_cfg.c ****     #define CYPACKED __packed
  48:Generated_Source\PSoC4/cyfitter_cfg.c ****     #define CYPACKED_ATTR 
  49:Generated_Source\PSoC4/cyfitter_cfg.c ****     #define CYALIGNED _Pragma("data_alignment=4")
  50:Generated_Source\PSoC4/cyfitter_cfg.c ****     #define CY_CFG_UNUSED _Pragma("diag_suppress=Pe177")
  51:Generated_Source\PSoC4/cyfitter_cfg.c ****     #define CY_CFG_SECTION _Pragma("location=\".psocinit\"")
  52:Generated_Source\PSoC4/cyfitter_cfg.c ****     
  53:Generated_Source\PSoC4/cyfitter_cfg.c ****     #define CY_CFG_MEMORY_BARRIER() __DMB()
  54:Generated_Source\PSoC4/cyfitter_cfg.c ****     
  55:Generated_Source\PSoC4/cyfitter_cfg.c **** #else
  56:Generated_Source\PSoC4/cyfitter_cfg.c ****     #error Unsupported toolchain
  57:Generated_Source\PSoC4/cyfitter_cfg.c **** #endif
  58:Generated_Source\PSoC4/cyfitter_cfg.c **** 
  59:Generated_Source\PSoC4/cyfitter_cfg.c **** #ifndef CYCODE
  60:Generated_Source\PSoC4/cyfitter_cfg.c ****     #define CYCODE
  61:Generated_Source\PSoC4/cyfitter_cfg.c **** #endif
  62:Generated_Source\PSoC4/cyfitter_cfg.c **** #ifndef CYDATA
  63:Generated_Source\PSoC4/cyfitter_cfg.c ****     #define CYDATA
  64:Generated_Source\PSoC4/cyfitter_cfg.c **** #endif
  65:Generated_Source\PSoC4/cyfitter_cfg.c **** #ifndef CYFAR
  66:Generated_Source\PSoC4/cyfitter_cfg.c ****     #define CYFAR
  67:Generated_Source\PSoC4/cyfitter_cfg.c **** #endif
  68:Generated_Source\PSoC4/cyfitter_cfg.c **** #ifndef CYXDATA
  69:Generated_Source\PSoC4/cyfitter_cfg.c ****     #define CYXDATA
  70:Generated_Source\PSoC4/cyfitter_cfg.c **** #endif
  71:Generated_Source\PSoC4/cyfitter_cfg.c **** 
  72:Generated_Source\PSoC4/cyfitter_cfg.c **** 
  73:Generated_Source\PSoC4/cyfitter_cfg.c **** CY_CFG_UNUSED
  74:Generated_Source\PSoC4/cyfitter_cfg.c **** static void CYMEMZERO(void *s, size_t n);
  75:Generated_Source\PSoC4/cyfitter_cfg.c **** CY_CFG_UNUSED
  76:Generated_Source\PSoC4/cyfitter_cfg.c **** static void CYMEMZERO(void *s, size_t n)
  77:Generated_Source\PSoC4/cyfitter_cfg.c **** {
  78:Generated_Source\PSoC4/cyfitter_cfg.c **** 	(void)memset(s, 0, n);
  79:Generated_Source\PSoC4/cyfitter_cfg.c **** }
  80:Generated_Source\PSoC4/cyfitter_cfg.c **** CY_CFG_UNUSED
  81:Generated_Source\PSoC4/cyfitter_cfg.c **** static void CYCONFIGCPY(void *dest, const void *src, size_t n);
  82:Generated_Source\PSoC4/cyfitter_cfg.c **** CY_CFG_UNUSED
  83:Generated_Source\PSoC4/cyfitter_cfg.c **** static void CYCONFIGCPY(void *dest, const void *src, size_t n)
  84:Generated_Source\PSoC4/cyfitter_cfg.c **** {
  85:Generated_Source\PSoC4/cyfitter_cfg.c **** 	(void)memcpy(dest, src, n);
  86:Generated_Source\PSoC4/cyfitter_cfg.c **** }
  87:Generated_Source\PSoC4/cyfitter_cfg.c **** CY_CFG_UNUSED
  88:Generated_Source\PSoC4/cyfitter_cfg.c **** static void CYCONFIGCPYCODE(void *dest, const void *src, size_t n);
ARM GAS  C:\Users\aasys\AppData\Local\Temp\cclg06rH.s 			page 3


  89:Generated_Source\PSoC4/cyfitter_cfg.c **** CY_CFG_UNUSED
  90:Generated_Source\PSoC4/cyfitter_cfg.c **** static void CYCONFIGCPYCODE(void *dest, const void *src, size_t n)
  91:Generated_Source\PSoC4/cyfitter_cfg.c **** {
  92:Generated_Source\PSoC4/cyfitter_cfg.c **** 	(void)memcpy(dest, src, n);
  93:Generated_Source\PSoC4/cyfitter_cfg.c **** }
  94:Generated_Source\PSoC4/cyfitter_cfg.c **** 
  95:Generated_Source\PSoC4/cyfitter_cfg.c **** 
  96:Generated_Source\PSoC4/cyfitter_cfg.c **** 
  97:Generated_Source\PSoC4/cyfitter_cfg.c **** 
  98:Generated_Source\PSoC4/cyfitter_cfg.c **** /* Clock startup error codes                                                   */
  99:Generated_Source\PSoC4/cyfitter_cfg.c **** #define CYCLOCKSTART_NO_ERROR    0u
 100:Generated_Source\PSoC4/cyfitter_cfg.c **** #define CYCLOCKSTART_XTAL_ERROR  1u
 101:Generated_Source\PSoC4/cyfitter_cfg.c **** #define CYCLOCKSTART_32KHZ_ERROR 2u
 102:Generated_Source\PSoC4/cyfitter_cfg.c **** #define CYCLOCKSTART_PLL_ERROR   3u
 103:Generated_Source\PSoC4/cyfitter_cfg.c **** #define CYCLOCKSTART_FLL_ERROR   4u
 104:Generated_Source\PSoC4/cyfitter_cfg.c **** 
 105:Generated_Source\PSoC4/cyfitter_cfg.c **** 
 106:Generated_Source\PSoC4/cyfitter_cfg.c **** #ifdef CY_NEED_CYCLOCKSTARTUPERROR
 107:Generated_Source\PSoC4/cyfitter_cfg.c **** /*******************************************************************************
 108:Generated_Source\PSoC4/cyfitter_cfg.c **** * Function Name: CyClockStartupError
 109:Generated_Source\PSoC4/cyfitter_cfg.c **** ********************************************************************************
 110:Generated_Source\PSoC4/cyfitter_cfg.c **** * Summary:
 111:Generated_Source\PSoC4/cyfitter_cfg.c **** *  If an error is encountered during clock configuration (crystal startup error,
 112:Generated_Source\PSoC4/cyfitter_cfg.c **** *  PLL lock error, etc.), the system will end up here.  Unless reimplemented by
 113:Generated_Source\PSoC4/cyfitter_cfg.c **** *  the customer, this function will stop in an infinite loop.
 114:Generated_Source\PSoC4/cyfitter_cfg.c **** *
 115:Generated_Source\PSoC4/cyfitter_cfg.c **** * Parameters:
 116:Generated_Source\PSoC4/cyfitter_cfg.c **** *   void
 117:Generated_Source\PSoC4/cyfitter_cfg.c **** *
 118:Generated_Source\PSoC4/cyfitter_cfg.c **** * Return:
 119:Generated_Source\PSoC4/cyfitter_cfg.c **** *   void
 120:Generated_Source\PSoC4/cyfitter_cfg.c **** *
 121:Generated_Source\PSoC4/cyfitter_cfg.c **** *******************************************************************************/
 122:Generated_Source\PSoC4/cyfitter_cfg.c **** CY_CFG_UNUSED
 123:Generated_Source\PSoC4/cyfitter_cfg.c **** static void CyClockStartupError(uint8 errorCode);
 124:Generated_Source\PSoC4/cyfitter_cfg.c **** CY_CFG_UNUSED
 125:Generated_Source\PSoC4/cyfitter_cfg.c **** static void CyClockStartupError(uint8 errorCode)
 126:Generated_Source\PSoC4/cyfitter_cfg.c **** {
 127:Generated_Source\PSoC4/cyfitter_cfg.c ****     /* To remove the compiler warning if errorCode not used. */
 128:Generated_Source\PSoC4/cyfitter_cfg.c **** #if defined(CY_PSOC3) && (CY_PSOC3)
 129:Generated_Source\PSoC4/cyfitter_cfg.c ****     errorCode = errorCode;
 130:Generated_Source\PSoC4/cyfitter_cfg.c **** #else
 131:Generated_Source\PSoC4/cyfitter_cfg.c ****     (void)errorCode;
 132:Generated_Source\PSoC4/cyfitter_cfg.c **** #endif /* CY_PSOC3 */
 133:Generated_Source\PSoC4/cyfitter_cfg.c **** 
 134:Generated_Source\PSoC4/cyfitter_cfg.c ****     /* If we have a clock startup error (bad MHz crystal, PLL lock, etc.),  */
 135:Generated_Source\PSoC4/cyfitter_cfg.c ****     /* we will end up here to allow the customer to implement something to  */
 136:Generated_Source\PSoC4/cyfitter_cfg.c ****     /* deal with the clock condition.                                       */
 137:Generated_Source\PSoC4/cyfitter_cfg.c **** 
 138:Generated_Source\PSoC4/cyfitter_cfg.c **** #ifdef CY_CFG_CLOCK_STARTUP_ERROR_CALLBACK
 139:Generated_Source\PSoC4/cyfitter_cfg.c ****     CY_CFG_Clock_Startup_ErrorCallback();
 140:Generated_Source\PSoC4/cyfitter_cfg.c **** #else
 141:Generated_Source\PSoC4/cyfitter_cfg.c ****     /*  If not using CY_CFG_CLOCK_STARTUP_ERROR_CALLBACK, place your clock startup code here. */
 142:Generated_Source\PSoC4/cyfitter_cfg.c ****     /* `#START CyClockStartupError` */
 143:Generated_Source\PSoC4/cyfitter_cfg.c **** 
 144:Generated_Source\PSoC4/cyfitter_cfg.c **** 
 145:Generated_Source\PSoC4/cyfitter_cfg.c **** 
ARM GAS  C:\Users\aasys\AppData\Local\Temp\cclg06rH.s 			page 4


 146:Generated_Source\PSoC4/cyfitter_cfg.c ****     /* `#END` */
 147:Generated_Source\PSoC4/cyfitter_cfg.c **** 
 148:Generated_Source\PSoC4/cyfitter_cfg.c ****     while(1) {}
 149:Generated_Source\PSoC4/cyfitter_cfg.c **** #endif /* CY_CFG_CLOCK_STARTUP_ERROR_CALLBACK */
 150:Generated_Source\PSoC4/cyfitter_cfg.c **** }
 151:Generated_Source\PSoC4/cyfitter_cfg.c **** #endif
 152:Generated_Source\PSoC4/cyfitter_cfg.c **** 
 153:Generated_Source\PSoC4/cyfitter_cfg.c **** #define CY_CFG_BASE_ADDR_COUNT 2u
 154:Generated_Source\PSoC4/cyfitter_cfg.c **** CYPACKED typedef struct
 155:Generated_Source\PSoC4/cyfitter_cfg.c **** {
 156:Generated_Source\PSoC4/cyfitter_cfg.c **** 	uint8 offset;
 157:Generated_Source\PSoC4/cyfitter_cfg.c **** 	uint8 value;
 158:Generated_Source\PSoC4/cyfitter_cfg.c **** } CYPACKED_ATTR cy_cfg_addrvalue_t;
 159:Generated_Source\PSoC4/cyfitter_cfg.c **** 
 160:Generated_Source\PSoC4/cyfitter_cfg.c **** 
 161:Generated_Source\PSoC4/cyfitter_cfg.c **** 
 162:Generated_Source\PSoC4/cyfitter_cfg.c **** /*******************************************************************************
 163:Generated_Source\PSoC4/cyfitter_cfg.c **** * Function Name: cfg_write_bytes32
 164:Generated_Source\PSoC4/cyfitter_cfg.c **** ********************************************************************************
 165:Generated_Source\PSoC4/cyfitter_cfg.c **** * Summary:
 166:Generated_Source\PSoC4/cyfitter_cfg.c **** *  This function is used for setting up the chip configuration areas that
 167:Generated_Source\PSoC4/cyfitter_cfg.c **** *  contain relatively sparse data.
 168:Generated_Source\PSoC4/cyfitter_cfg.c **** *
 169:Generated_Source\PSoC4/cyfitter_cfg.c **** * Parameters:
 170:Generated_Source\PSoC4/cyfitter_cfg.c **** *   void
 171:Generated_Source\PSoC4/cyfitter_cfg.c **** *
 172:Generated_Source\PSoC4/cyfitter_cfg.c **** * Return:
 173:Generated_Source\PSoC4/cyfitter_cfg.c **** *   void
 174:Generated_Source\PSoC4/cyfitter_cfg.c **** *
 175:Generated_Source\PSoC4/cyfitter_cfg.c **** *******************************************************************************/
 176:Generated_Source\PSoC4/cyfitter_cfg.c **** static void cfg_write_bytes32(const uint32 addr_table[], const cy_cfg_addrvalue_t data_table[]);
 177:Generated_Source\PSoC4/cyfitter_cfg.c **** static void cfg_write_bytes32(const uint32 addr_table[], const cy_cfg_addrvalue_t data_table[])
 178:Generated_Source\PSoC4/cyfitter_cfg.c **** {
  27              		.loc 1 178 0
  28              		.cfi_startproc
  29              		@ args = 0, pretend = 0, frame = 0
  30              		@ frame_needed = 0, uses_anonymous_args = 0
  31              	.LVL0:
  32 0000 F0B5     		push	{r4, r5, r6, r7, lr}
  33              		.cfi_def_cfa_offset 20
  34              		.cfi_offset 4, -20
  35              		.cfi_offset 5, -16
  36              		.cfi_offset 6, -12
  37              		.cfi_offset 7, -8
  38              		.cfi_offset 14, -4
  39              	.LVL1:
 179:Generated_Source\PSoC4/cyfitter_cfg.c **** 	/* For 32-bit little-endian architectures */
 180:Generated_Source\PSoC4/cyfitter_cfg.c **** 	uint32 i, j = 0u;
  40              		.loc 1 180 0
  41 0002 0025     		movs	r5, #0
 181:Generated_Source\PSoC4/cyfitter_cfg.c **** 	for (i = 0u; i < CY_CFG_BASE_ADDR_COUNT; i++)
  42              		.loc 1 181 0
  43 0004 0027     		movs	r7, #0
  44 0006 11E0     		b	.L2
  45              	.LVL2:
  46              	.L5:
  47              	.LBB2:
ARM GAS  C:\Users\aasys\AppData\Local\Temp\cclg06rH.s 			page 5


 182:Generated_Source\PSoC4/cyfitter_cfg.c **** 	{
 183:Generated_Source\PSoC4/cyfitter_cfg.c **** 		uint32 baseAddr = addr_table[i];
  48              		.loc 1 183 0
  49 0008 BB00     		lsls	r3, r7, #2
  50 000a C658     		ldr	r6, [r0, r3]
  51              	.LVL3:
 184:Generated_Source\PSoC4/cyfitter_cfg.c **** 		uint8 count = (uint8)baseAddr;
  52              		.loc 1 184 0
  53 000c F3B2     		uxtb	r3, r6
  54              	.LVL4:
 185:Generated_Source\PSoC4/cyfitter_cfg.c **** 		baseAddr &= 0xFFFFFF00u;
  55              		.loc 1 185 0
  56 000e FF22     		movs	r2, #255
  57 0010 9643     		bics	r6, r2
  58              	.LVL5:
 186:Generated_Source\PSoC4/cyfitter_cfg.c **** 		while (count != 0u)
  59              		.loc 1 186 0
  60 0012 08E0     		b	.L3
  61              	.L4:
 187:Generated_Source\PSoC4/cyfitter_cfg.c **** 		{
 188:Generated_Source\PSoC4/cyfitter_cfg.c **** 			CY_SET_REG8((void *)(baseAddr + data_table[j].offset), data_table[j].value);
  62              		.loc 1 188 0
  63 0014 6A00     		lsls	r2, r5, #1
  64 0016 8A18     		adds	r2, r1, r2
  65 0018 1478     		ldrb	r4, [r2]
  66 001a A419     		adds	r4, r4, r6
  67 001c 5278     		ldrb	r2, [r2, #1]
  68 001e 2270     		strb	r2, [r4]
 189:Generated_Source\PSoC4/cyfitter_cfg.c **** 			j++;
  69              		.loc 1 189 0
  70 0020 0135     		adds	r5, r5, #1
  71              	.LVL6:
 190:Generated_Source\PSoC4/cyfitter_cfg.c **** 			count--;
  72              		.loc 1 190 0
  73 0022 013B     		subs	r3, r3, #1
  74              	.LVL7:
  75 0024 DBB2     		uxtb	r3, r3
  76              	.LVL8:
  77              	.L3:
 186:Generated_Source\PSoC4/cyfitter_cfg.c **** 		{
  78              		.loc 1 186 0
  79 0026 002B     		cmp	r3, #0
  80 0028 F4D1     		bne	.L4
  81              	.LBE2:
 181:Generated_Source\PSoC4/cyfitter_cfg.c **** 	{
  82              		.loc 1 181 0 discriminator 2
  83 002a 0137     		adds	r7, r7, #1
  84              	.LVL9:
  85              	.L2:
 181:Generated_Source\PSoC4/cyfitter_cfg.c **** 	{
  86              		.loc 1 181 0 is_stmt 0 discriminator 1
  87 002c 012F     		cmp	r7, #1
  88 002e EBD9     		bls	.L5
 191:Generated_Source\PSoC4/cyfitter_cfg.c **** 		}
 192:Generated_Source\PSoC4/cyfitter_cfg.c **** 	}
 193:Generated_Source\PSoC4/cyfitter_cfg.c **** }
  89              		.loc 1 193 0 is_stmt 1
ARM GAS  C:\Users\aasys\AppData\Local\Temp\cclg06rH.s 			page 6


  90              		@ sp needed
  91              	.LVL10:
  92              	.LVL11:
  93 0030 F0BD     		pop	{r4, r5, r6, r7, pc}
  94              		.cfi_endproc
  95              	.LFE3:
  96              		.size	cfg_write_bytes32, .-cfg_write_bytes32
  97 0032 C046     		.section	.text.CYMEMZERO,"ax",%progbits
  98              		.align	2
  99              		.code	16
 100              		.thumb_func
 101              		.type	CYMEMZERO, %function
 102              	CYMEMZERO:
 103              	.LFB0:
  77:Generated_Source\PSoC4/cyfitter_cfg.c **** 	(void)memset(s, 0, n);
 104              		.loc 1 77 0
 105              		.cfi_startproc
 106              		@ args = 0, pretend = 0, frame = 0
 107              		@ frame_needed = 0, uses_anonymous_args = 0
 108              	.LVL12:
 109 0000 10B5     		push	{r4, lr}
 110              		.cfi_def_cfa_offset 8
 111              		.cfi_offset 4, -8
 112              		.cfi_offset 14, -4
 113 0002 0A00     		movs	r2, r1
  78:Generated_Source\PSoC4/cyfitter_cfg.c **** }
 114              		.loc 1 78 0
 115 0004 0021     		movs	r1, #0
 116              	.LVL13:
 117 0006 FFF7FEFF 		bl	memset
 118              	.LVL14:
  79:Generated_Source\PSoC4/cyfitter_cfg.c **** CY_CFG_UNUSED
 119              		.loc 1 79 0
 120              		@ sp needed
 121 000a 10BD     		pop	{r4, pc}
 122              		.cfi_endproc
 123              	.LFE0:
 124              		.size	CYMEMZERO, .-CYMEMZERO
 125              		.section	.psocinit,"ax",%progbits
 126              		.align	2
 127              		.code	16
 128              		.thumb_func
 129              		.type	ClockSetup, %function
 130              	ClockSetup:
 131              	.LFB4:
 194:Generated_Source\PSoC4/cyfitter_cfg.c **** 
 195:Generated_Source\PSoC4/cyfitter_cfg.c **** 
 196:Generated_Source\PSoC4/cyfitter_cfg.c **** /*******************************************************************************
 197:Generated_Source\PSoC4/cyfitter_cfg.c **** * Function Name: ClockSetup
 198:Generated_Source\PSoC4/cyfitter_cfg.c **** ********************************************************************************
 199:Generated_Source\PSoC4/cyfitter_cfg.c **** *
 200:Generated_Source\PSoC4/cyfitter_cfg.c **** * Summary:
 201:Generated_Source\PSoC4/cyfitter_cfg.c **** *   Performs the initialization of all of the clocks in the device based on the
 202:Generated_Source\PSoC4/cyfitter_cfg.c **** *   settings in the Clock tab of the DWR.  This includes enabling the requested
 203:Generated_Source\PSoC4/cyfitter_cfg.c **** *   clocks and setting the necessary dividers to produce the desired frequency. 
 204:Generated_Source\PSoC4/cyfitter_cfg.c **** *
 205:Generated_Source\PSoC4/cyfitter_cfg.c **** * Parameters:
ARM GAS  C:\Users\aasys\AppData\Local\Temp\cclg06rH.s 			page 7


 206:Generated_Source\PSoC4/cyfitter_cfg.c **** *   void
 207:Generated_Source\PSoC4/cyfitter_cfg.c **** *
 208:Generated_Source\PSoC4/cyfitter_cfg.c **** * Return:
 209:Generated_Source\PSoC4/cyfitter_cfg.c **** *   void
 210:Generated_Source\PSoC4/cyfitter_cfg.c **** *
 211:Generated_Source\PSoC4/cyfitter_cfg.c **** *******************************************************************************/
 212:Generated_Source\PSoC4/cyfitter_cfg.c **** static void ClockSetup(void);
 213:Generated_Source\PSoC4/cyfitter_cfg.c **** CY_CFG_SECTION
 214:Generated_Source\PSoC4/cyfitter_cfg.c **** static void ClockSetup(void)
 215:Generated_Source\PSoC4/cyfitter_cfg.c **** {
 132              		.loc 1 215 0
 133              		.cfi_startproc
 134              		@ args = 0, pretend = 0, frame = 0
 135              		@ frame_needed = 0, uses_anonymous_args = 0
 136 0000 70B5     		push	{r4, r5, r6, lr}
 137              		.cfi_def_cfa_offset 16
 138              		.cfi_offset 4, -16
 139              		.cfi_offset 5, -12
 140              		.cfi_offset 6, -8
 141              		.cfi_offset 14, -4
 216:Generated_Source\PSoC4/cyfitter_cfg.c **** 	/* Enable HALF_EN before trimming for the flash accelerator. */
 217:Generated_Source\PSoC4/cyfitter_cfg.c **** 	CY_SET_REG32((void CYXDATA *)(CYREG_CLK_SELECT), (CY_GET_REG32((void *)CYREG_CLK_SELECT) | 0x00040
 142              		.loc 1 217 0
 143 0002 184C     		ldr	r4, .L8
 144 0004 2368     		ldr	r3, [r4]
 145 0006 8022     		movs	r2, #128
 146 0008 D202     		lsls	r2, r2, #11
 147 000a 1343     		orrs	r3, r2
 148 000c 2360     		str	r3, [r4]
 218:Generated_Source\PSoC4/cyfitter_cfg.c **** 
 219:Generated_Source\PSoC4/cyfitter_cfg.c **** 	/* Setup and trim IMO based on desired frequency. */
 220:Generated_Source\PSoC4/cyfitter_cfg.c **** 	CySysClkWriteImoFreq(24u);
 149              		.loc 1 220 0
 150 000e 1820     		movs	r0, #24
 151 0010 FFF7FEFF 		bl	CySysClkWriteImoFreq
 152              	.LVL15:
 221:Generated_Source\PSoC4/cyfitter_cfg.c **** 
 222:Generated_Source\PSoC4/cyfitter_cfg.c **** 	/* Disable HALF_EN since it is not required at this IMO frequency. */
 223:Generated_Source\PSoC4/cyfitter_cfg.c **** 	CY_SET_REG32((void CYXDATA *)(CYREG_CLK_SELECT), (CY_GET_REG32((void *)CYREG_CLK_SELECT) & 0xFFFBF
 153              		.loc 1 223 0
 154 0014 2268     		ldr	r2, [r4]
 155 0016 144B     		ldr	r3, .L8+4
 156 0018 1340     		ands	r3, r2
 157 001a 2360     		str	r3, [r4]
 224:Generated_Source\PSoC4/cyfitter_cfg.c **** 	/* CYDEV_CLK_ILO_CONFIG Starting address: CYDEV_CLK_ILO_CONFIG */
 225:Generated_Source\PSoC4/cyfitter_cfg.c **** 	CY_SET_REG32((void *)(CYREG_CLK_ILO_CONFIG), 0x80000006u);
 158              		.loc 1 225 0
 159 001c 134A     		ldr	r2, .L8+8
 160 001e 144B     		ldr	r3, .L8+12
 161 0020 1A60     		str	r2, [r3]
 226:Generated_Source\PSoC4/cyfitter_cfg.c **** 
 227:Generated_Source\PSoC4/cyfitter_cfg.c **** 
 228:Generated_Source\PSoC4/cyfitter_cfg.c **** 	/* CYDEV_CLK_SELECT00 Starting address: CYDEV_CLK_SELECT00 */
 229:Generated_Source\PSoC4/cyfitter_cfg.c **** 	CY_SET_REG32((void *)(CYREG_CLK_SELECT02), 0x00000030u);
 162              		.loc 1 229 0
 163 0022 3022     		movs	r2, #48
 164 0024 134B     		ldr	r3, .L8+16
ARM GAS  C:\Users\aasys\AppData\Local\Temp\cclg06rH.s 			page 8


 165 0026 1A60     		str	r2, [r3]
 230:Generated_Source\PSoC4/cyfitter_cfg.c **** 	CY_SET_REG32((void *)(CYREG_CLK_SELECT08), 0x00000020u);
 166              		.loc 1 230 0
 167 0028 103A     		subs	r2, r2, #16
 168 002a 134B     		ldr	r3, .L8+20
 169 002c 1A60     		str	r2, [r3]
 231:Generated_Source\PSoC4/cyfitter_cfg.c **** 	CY_SET_REG32((void *)(CYREG_CLK_SELECT09), 0x00000010u);
 170              		.loc 1 231 0
 171 002e 103A     		subs	r2, r2, #16
 172 0030 124B     		ldr	r3, .L8+24
 173 0032 1A60     		str	r2, [r3]
 232:Generated_Source\PSoC4/cyfitter_cfg.c **** 
 233:Generated_Source\PSoC4/cyfitter_cfg.c **** 	/* CYDEV_CLK_IMO_CONFIG Starting address: CYDEV_CLK_IMO_CONFIG */
 234:Generated_Source\PSoC4/cyfitter_cfg.c **** 	CY_SET_REG32((void *)(CYREG_CLK_IMO_CONFIG), 0x80000000u);
 174              		.loc 1 234 0
 175 0034 8022     		movs	r2, #128
 176 0036 1206     		lsls	r2, r2, #24
 177 0038 114B     		ldr	r3, .L8+28
 178 003a 1A60     		str	r2, [r3]
 235:Generated_Source\PSoC4/cyfitter_cfg.c **** 
 236:Generated_Source\PSoC4/cyfitter_cfg.c **** 	/* CYDEV_CLK_SELECT Starting address: CYDEV_CLK_SELECT */
 237:Generated_Source\PSoC4/cyfitter_cfg.c **** 	CY_SET_REG32((void *)(CYREG_CLK_SELECT), 0x00000000u);
 179              		.loc 1 237 0
 180 003c 0025     		movs	r5, #0
 181 003e 2560     		str	r5, [r4]
 238:Generated_Source\PSoC4/cyfitter_cfg.c **** 
 239:Generated_Source\PSoC4/cyfitter_cfg.c **** 	/* CYDEV_CLK_DIVIDER_A00 Starting address: CYDEV_CLK_DIVIDER_A00 */
 240:Generated_Source\PSoC4/cyfitter_cfg.c **** 	CY_SET_REG32((void *)(CYREG_CLK_DIVIDER_A00), 0x80000017u);
 182              		.loc 1 240 0
 183 0040 104B     		ldr	r3, .L8+32
 184 0042 114A     		ldr	r2, .L8+36
 185 0044 1360     		str	r3, [r2]
 241:Generated_Source\PSoC4/cyfitter_cfg.c **** 
 242:Generated_Source\PSoC4/cyfitter_cfg.c **** 	/* CYDEV_CLK_DIVIDER_B00 Starting address: CYDEV_CLK_DIVIDER_B00 */
 243:Generated_Source\PSoC4/cyfitter_cfg.c **** 	CY_SET_REG32((void *)(CYREG_CLK_DIVIDER_B00), 0x80000017u);
 186              		.loc 1 243 0
 187 0046 114A     		ldr	r2, .L8+40
 188 0048 1360     		str	r3, [r2]
 244:Generated_Source\PSoC4/cyfitter_cfg.c **** 
 245:Generated_Source\PSoC4/cyfitter_cfg.c **** 	/* CYDEV_CLK_DIVIDER_C00 Starting address: CYDEV_CLK_DIVIDER_C00 */
 246:Generated_Source\PSoC4/cyfitter_cfg.c **** 	CY_SET_REG32((void *)(CYREG_CLK_DIVIDER_C00), 0x800000CFu);
 189              		.loc 1 246 0
 190 004a 114A     		ldr	r2, .L8+44
 191 004c 114B     		ldr	r3, .L8+48
 192 004e 1A60     		str	r2, [r3]
 247:Generated_Source\PSoC4/cyfitter_cfg.c **** 
 248:Generated_Source\PSoC4/cyfitter_cfg.c **** 	(void)CyIntSetVector(9u, &CySysWdtIsr);
 193              		.loc 1 248 0
 194 0050 1149     		ldr	r1, .L8+52
 195 0052 0920     		movs	r0, #9
 196 0054 FFF7FEFF 		bl	CyIntSetVector
 197              	.LVL16:
 249:Generated_Source\PSoC4/cyfitter_cfg.c **** 	CyIntEnable(9u);
 198              		.loc 1 249 0
 199 0058 0920     		movs	r0, #9
 200 005a FFF7FEFF 		bl	CyIntEnable
 201              	.LVL17:
ARM GAS  C:\Users\aasys\AppData\Local\Temp\cclg06rH.s 			page 9


 250:Generated_Source\PSoC4/cyfitter_cfg.c **** 	CY_SET_REG32((void *)(CYREG_WDT_CONFIG), 0x00000000u);
 202              		.loc 1 250 0
 203 005e 0F4B     		ldr	r3, .L8+56
 204 0060 1D60     		str	r5, [r3]
 251:Generated_Source\PSoC4/cyfitter_cfg.c **** }
 205              		.loc 1 251 0
 206              		@ sp needed
 207 0062 70BD     		pop	{r4, r5, r6, pc}
 208              	.L9:
 209              		.align	2
 210              	.L8:
 211 0064 00010B40 		.word	1074462976
 212 0068 FFFFFBFF 		.word	-262145
 213 006c 06000080 		.word	-2147483642
 214 0070 04010B40 		.word	1074462980
 215 0074 08020240 		.word	1073873416
 216 0078 20020240 		.word	1073873440
 217 007c 24020240 		.word	1073873444
 218 0080 08010B40 		.word	1074462984
 219 0084 17000080 		.word	-2147483625
 220 0088 00000240 		.word	1073872896
 221 008c 40000240 		.word	1073872960
 222 0090 CF000080 		.word	-2147483441
 223 0094 80000240 		.word	1073873024
 224 0098 00000000 		.word	CySysWdtIsr
 225 009c 0C020B40 		.word	1074463244
 226              		.cfi_endproc
 227              	.LFE4:
 228              		.size	ClockSetup, .-ClockSetup
 229              		.align	2
 230              		.global	cyfitter_cfg
 231              		.code	16
 232              		.thumb_func
 233              		.type	cyfitter_cfg, %function
 234              	cyfitter_cfg:
 235              	.LFB6:
 252:Generated_Source\PSoC4/cyfitter_cfg.c **** 
 253:Generated_Source\PSoC4/cyfitter_cfg.c **** 
 254:Generated_Source\PSoC4/cyfitter_cfg.c **** /* Analog API Functions */
 255:Generated_Source\PSoC4/cyfitter_cfg.c **** 
 256:Generated_Source\PSoC4/cyfitter_cfg.c **** 
 257:Generated_Source\PSoC4/cyfitter_cfg.c **** /*******************************************************************************
 258:Generated_Source\PSoC4/cyfitter_cfg.c **** * Function Name: AnalogSetDefault
 259:Generated_Source\PSoC4/cyfitter_cfg.c **** ********************************************************************************
 260:Generated_Source\PSoC4/cyfitter_cfg.c **** *
 261:Generated_Source\PSoC4/cyfitter_cfg.c **** * Summary:
 262:Generated_Source\PSoC4/cyfitter_cfg.c **** *  Sets up the analog portions of the chip to default values based on chip
 263:Generated_Source\PSoC4/cyfitter_cfg.c **** *  configuration options from the project.
 264:Generated_Source\PSoC4/cyfitter_cfg.c **** *
 265:Generated_Source\PSoC4/cyfitter_cfg.c **** * Parameters:
 266:Generated_Source\PSoC4/cyfitter_cfg.c **** *  void
 267:Generated_Source\PSoC4/cyfitter_cfg.c **** *
 268:Generated_Source\PSoC4/cyfitter_cfg.c **** * Return:
 269:Generated_Source\PSoC4/cyfitter_cfg.c **** *  void
 270:Generated_Source\PSoC4/cyfitter_cfg.c **** *
 271:Generated_Source\PSoC4/cyfitter_cfg.c **** *******************************************************************************/
 272:Generated_Source\PSoC4/cyfitter_cfg.c **** static void AnalogSetDefault(void);
ARM GAS  C:\Users\aasys\AppData\Local\Temp\cclg06rH.s 			page 10


 273:Generated_Source\PSoC4/cyfitter_cfg.c **** static void AnalogSetDefault(void)
 274:Generated_Source\PSoC4/cyfitter_cfg.c **** {
 275:Generated_Source\PSoC4/cyfitter_cfg.c **** }
 276:Generated_Source\PSoC4/cyfitter_cfg.c **** 
 277:Generated_Source\PSoC4/cyfitter_cfg.c **** 
 278:Generated_Source\PSoC4/cyfitter_cfg.c **** 
 279:Generated_Source\PSoC4/cyfitter_cfg.c **** 
 280:Generated_Source\PSoC4/cyfitter_cfg.c **** /*******************************************************************************
 281:Generated_Source\PSoC4/cyfitter_cfg.c **** * Function Name: cyfitter_cfg
 282:Generated_Source\PSoC4/cyfitter_cfg.c **** ********************************************************************************
 283:Generated_Source\PSoC4/cyfitter_cfg.c **** * Summary:
 284:Generated_Source\PSoC4/cyfitter_cfg.c **** *  This function is called by the start-up code for the selected device. It
 285:Generated_Source\PSoC4/cyfitter_cfg.c **** *  performs all of the necessary device configuration based on the design
 286:Generated_Source\PSoC4/cyfitter_cfg.c **** *  settings.  This includes settings from the Design Wide Resources (DWR) such
 287:Generated_Source\PSoC4/cyfitter_cfg.c **** *  as Clocks and Pins as well as any component configuration that is necessary.
 288:Generated_Source\PSoC4/cyfitter_cfg.c **** *
 289:Generated_Source\PSoC4/cyfitter_cfg.c **** * Parameters:
 290:Generated_Source\PSoC4/cyfitter_cfg.c **** *   void
 291:Generated_Source\PSoC4/cyfitter_cfg.c **** *
 292:Generated_Source\PSoC4/cyfitter_cfg.c **** * Return:
 293:Generated_Source\PSoC4/cyfitter_cfg.c **** *   void
 294:Generated_Source\PSoC4/cyfitter_cfg.c **** *
 295:Generated_Source\PSoC4/cyfitter_cfg.c **** *******************************************************************************/
 296:Generated_Source\PSoC4/cyfitter_cfg.c **** CY_CFG_SECTION
 297:Generated_Source\PSoC4/cyfitter_cfg.c **** void cyfitter_cfg(void)
 298:Generated_Source\PSoC4/cyfitter_cfg.c **** {
 236              		.loc 1 298 0
 237              		.cfi_startproc
 238              		@ args = 0, pretend = 0, frame = 0
 239              		@ frame_needed = 0, uses_anonymous_args = 0
 240 00a0 10B5     		push	{r4, lr}
 241              		.cfi_def_cfa_offset 8
 242              		.cfi_offset 4, -8
 243              		.cfi_offset 14, -4
 299:Generated_Source\PSoC4/cyfitter_cfg.c **** 	/* Disable interrupts by default. Let user enable if/when they want. */
 300:Generated_Source\PSoC4/cyfitter_cfg.c **** 	CyGlobalIntDisable;
 244              		.loc 1 300 0
 245              		.syntax divided
 246              	@ 300 "Generated_Source\PSoC4\cyfitter_cfg.c" 1
 247 00a2 72B6     		CPSID   i
 248              	@ 0 "" 2
 249              	.LVL18:
 250              		.thumb
 251              		.syntax unified
 252              	.LBB3:
 301:Generated_Source\PSoC4/cyfitter_cfg.c **** 
 302:Generated_Source\PSoC4/cyfitter_cfg.c **** 	{
 303:Generated_Source\PSoC4/cyfitter_cfg.c **** 		static const uint32 CYCODE cy_cfg_addr_table[] = {
 304:Generated_Source\PSoC4/cyfitter_cfg.c **** 			0x400F4002u, /* Base address: 0x400F4000 Count: 2 */
 305:Generated_Source\PSoC4/cyfitter_cfg.c **** 			0x400F4103u, /* Base address: 0x400F4100 Count: 3 */
 306:Generated_Source\PSoC4/cyfitter_cfg.c **** 		};
 307:Generated_Source\PSoC4/cyfitter_cfg.c **** 
 308:Generated_Source\PSoC4/cyfitter_cfg.c **** 		static const cy_cfg_addrvalue_t CYCODE cy_cfg_data_table[] = {
 309:Generated_Source\PSoC4/cyfitter_cfg.c **** 			{0x02u, 0x40u},
 310:Generated_Source\PSoC4/cyfitter_cfg.c **** 			{0xC0u, 0x10u},
 311:Generated_Source\PSoC4/cyfitter_cfg.c **** 			{0x46u, 0x40u},
 312:Generated_Source\PSoC4/cyfitter_cfg.c **** 			{0x9Au, 0x40u},
ARM GAS  C:\Users\aasys\AppData\Local\Temp\cclg06rH.s 			page 11


 313:Generated_Source\PSoC4/cyfitter_cfg.c **** 			{0xD0u, 0x80u},
 314:Generated_Source\PSoC4/cyfitter_cfg.c **** 		};
 315:Generated_Source\PSoC4/cyfitter_cfg.c **** 
 316:Generated_Source\PSoC4/cyfitter_cfg.c **** 
 317:Generated_Source\PSoC4/cyfitter_cfg.c **** 
 318:Generated_Source\PSoC4/cyfitter_cfg.c **** 		CYPACKED typedef struct {
 319:Generated_Source\PSoC4/cyfitter_cfg.c **** 			void CYFAR *address;
 320:Generated_Source\PSoC4/cyfitter_cfg.c **** 			uint16 size;
 321:Generated_Source\PSoC4/cyfitter_cfg.c **** 		} CYPACKED_ATTR cfg_memset_t;
 322:Generated_Source\PSoC4/cyfitter_cfg.c **** 
 323:Generated_Source\PSoC4/cyfitter_cfg.c **** 		static const cfg_memset_t CYCODE cfg_memset_list[] = {
 324:Generated_Source\PSoC4/cyfitter_cfg.c **** 			/* address, size */
 325:Generated_Source\PSoC4/cyfitter_cfg.c **** 			{(void CYFAR *)(CYDEV_UDB_P0_U0_BASE), 1024u},
 326:Generated_Source\PSoC4/cyfitter_cfg.c **** 			{(void CYFAR *)(CYDEV_UDB_DSI0_BASE), 1024u},
 327:Generated_Source\PSoC4/cyfitter_cfg.c **** 		};
 328:Generated_Source\PSoC4/cyfitter_cfg.c **** 
 329:Generated_Source\PSoC4/cyfitter_cfg.c **** 		uint8 CYDATA i;
 330:Generated_Source\PSoC4/cyfitter_cfg.c **** 
 331:Generated_Source\PSoC4/cyfitter_cfg.c **** 		/* Zero out critical memory blocks before beginning configuration */
 332:Generated_Source\PSoC4/cyfitter_cfg.c **** 		for (i = 0u; i < (sizeof(cfg_memset_list)/sizeof(cfg_memset_list[0])); i++)
 253              		.loc 1 332 0
 254 00a4 0024     		movs	r4, #0
 255 00a6 0FE0     		b	.L11
 256              	.LVL19:
 257              	.L12:
 258              	.LBB4:
 333:Generated_Source\PSoC4/cyfitter_cfg.c **** 		{
 334:Generated_Source\PSoC4/cyfitter_cfg.c **** 			const cfg_memset_t CYCODE * CYDATA ms = &cfg_memset_list[i];
 335:Generated_Source\PSoC4/cyfitter_cfg.c **** 			CYMEMZERO(ms->address, (size_t)(uint32)(ms->size));
 259              		.loc 1 335 0 discriminator 3
 260 00a8 2648     		ldr	r0, .L13
 261 00aa 6200     		lsls	r2, r4, #1
 262 00ac 1319     		adds	r3, r2, r4
 263 00ae 5900     		lsls	r1, r3, #1
 264 00b0 0B00     		movs	r3, r1
 265 00b2 4118     		adds	r1, r0, r1
 266 00b4 8988     		ldrh	r1, [r1, #4]
 267 00b6 1A5A     		ldrh	r2, [r3, r0]
 268 00b8 C318     		adds	r3, r0, r3
 269 00ba 5888     		ldrh	r0, [r3, #2]
 270 00bc 0004     		lsls	r0, r0, #16
 271 00be 1043     		orrs	r0, r2
 272 00c0 FFF7FEFF 		bl	CYMEMZERO
 273              	.LVL20:
 274              	.LBE4:
 332:Generated_Source\PSoC4/cyfitter_cfg.c **** 		{
 275              		.loc 1 332 0 discriminator 3
 276 00c4 0134     		adds	r4, r4, #1
 277              	.LVL21:
 278 00c6 E4B2     		uxtb	r4, r4
 279              	.LVL22:
 280              	.L11:
 332:Generated_Source\PSoC4/cyfitter_cfg.c **** 		{
 281              		.loc 1 332 0 is_stmt 0 discriminator 1
 282 00c8 012C     		cmp	r4, #1
 283 00ca EDD9     		bls	.L12
 336:Generated_Source\PSoC4/cyfitter_cfg.c **** 		}
ARM GAS  C:\Users\aasys\AppData\Local\Temp\cclg06rH.s 			page 12


 337:Generated_Source\PSoC4/cyfitter_cfg.c **** 
 338:Generated_Source\PSoC4/cyfitter_cfg.c **** 		cfg_write_bytes32(cy_cfg_addr_table, cy_cfg_data_table);
 284              		.loc 1 338 0 is_stmt 1
 285 00cc 1D48     		ldr	r0, .L13
 286 00ce 0100     		movs	r1, r0
 287 00d0 0C31     		adds	r1, r1, #12
 288 00d2 1830     		adds	r0, r0, #24
 289 00d4 FFF7FEFF 		bl	cfg_write_bytes32
 290              	.LVL23:
 339:Generated_Source\PSoC4/cyfitter_cfg.c **** 
 340:Generated_Source\PSoC4/cyfitter_cfg.c **** 		/* HSIOM Starting address: CYDEV_HSIOM_BASE */
 341:Generated_Source\PSoC4/cyfitter_cfg.c **** 		CY_SET_REG32((void *)(CYREG_HSIOM_PORT_SEL2), 0x08000000u);
 291              		.loc 1 341 0
 292 00d8 8022     		movs	r2, #128
 293 00da 1205     		lsls	r2, r2, #20
 294 00dc 1A4B     		ldr	r3, .L13+4
 295 00de 1A60     		str	r2, [r3]
 342:Generated_Source\PSoC4/cyfitter_cfg.c **** 		CY_SET_REG32((void *)(CYREG_HSIOM_PORT_SEL3), 0x0000EE00u);
 296              		.loc 1 342 0
 297 00e0 EE22     		movs	r2, #238
 298 00e2 1202     		lsls	r2, r2, #8
 299 00e4 194B     		ldr	r3, .L13+8
 300 00e6 1A60     		str	r2, [r3]
 343:Generated_Source\PSoC4/cyfitter_cfg.c **** 		CY_SET_REG32((void *)(CYREG_HSIOM_PORT_SEL4), 0x00000099u);
 301              		.loc 1 343 0
 302 00e8 9922     		movs	r2, #153
 303 00ea 194B     		ldr	r3, .L13+12
 304 00ec 1A60     		str	r2, [r3]
 344:Generated_Source\PSoC4/cyfitter_cfg.c **** 
 345:Generated_Source\PSoC4/cyfitter_cfg.c **** 		/* UDB_PA_0 Starting address: CYDEV_UDB_PA0_BASE */
 346:Generated_Source\PSoC4/cyfitter_cfg.c **** 		CY_SET_REG32((void *)(CYDEV_UDB_PA0_BASE), 0x00990000u);
 305              		.loc 1 346 0
 306 00ee 9923     		movs	r3, #153
 307 00f0 1B04     		lsls	r3, r3, #16
 308 00f2 184A     		ldr	r2, .L13+16
 309 00f4 1360     		str	r3, [r2]
 347:Generated_Source\PSoC4/cyfitter_cfg.c **** 
 348:Generated_Source\PSoC4/cyfitter_cfg.c **** 		/* UDB_PA_2 Starting address: CYDEV_UDB_PA2_BASE */
 349:Generated_Source\PSoC4/cyfitter_cfg.c **** 		CY_SET_REG32((void *)(CYDEV_UDB_PA2_BASE), 0x00990000u);
 310              		.loc 1 349 0
 311 00f6 184A     		ldr	r2, .L13+20
 312 00f8 1360     		str	r3, [r2]
 350:Generated_Source\PSoC4/cyfitter_cfg.c **** 
 351:Generated_Source\PSoC4/cyfitter_cfg.c **** 		/* UDB_PA_3 Starting address: CYDEV_UDB_PA3_BASE */
 352:Generated_Source\PSoC4/cyfitter_cfg.c **** 		CY_SET_REG32((void *)(CYDEV_UDB_PA3_BASE), 0x00990000u);
 313              		.loc 1 352 0
 314 00fa 184A     		ldr	r2, .L13+24
 315 00fc 1360     		str	r3, [r2]
 353:Generated_Source\PSoC4/cyfitter_cfg.c **** 
 354:Generated_Source\PSoC4/cyfitter_cfg.c **** 		/* TCPWM_CNT0 Starting address: CYDEV_TCPWM_CNT0_TR_CTRL0 */
 355:Generated_Source\PSoC4/cyfitter_cfg.c **** 		CY_SET_REG32((void *)(CYREG_TCPWM_CNT0_TR_CTRL0), 0x0000001Du);
 316              		.loc 1 355 0
 317 00fe 1D22     		movs	r2, #29
 318 0100 174B     		ldr	r3, .L13+28
 319 0102 1A60     		str	r2, [r3]
 356:Generated_Source\PSoC4/cyfitter_cfg.c **** 
 357:Generated_Source\PSoC4/cyfitter_cfg.c **** 		/* Enable digital routing */
ARM GAS  C:\Users\aasys\AppData\Local\Temp\cclg06rH.s 			page 13


 358:Generated_Source\PSoC4/cyfitter_cfg.c **** 		CY_SET_XTND_REG8((void *)CYREG_UDB_UDBIF_BANK_CTL, (uint8)(CY_GET_XTND_REG8((void *)CYREG_UDB_UDB
 320              		.loc 1 358 0
 321 0104 174A     		ldr	r2, .L13+32
 322 0106 1178     		ldrb	r1, [r2]
 323 0108 0623     		movs	r3, #6
 324 010a 0B43     		orrs	r3, r1
 325 010c DBB2     		uxtb	r3, r3
 326 010e 1370     		strb	r3, [r2]
 327              	.LBE3:
 359:Generated_Source\PSoC4/cyfitter_cfg.c **** 	}
 360:Generated_Source\PSoC4/cyfitter_cfg.c **** 
 361:Generated_Source\PSoC4/cyfitter_cfg.c **** 	/* Perform second pass device configuration. These items must be configured in specific order afte
 362:Generated_Source\PSoC4/cyfitter_cfg.c **** 	/* IOPINS0_0 Starting address: CYDEV_PRT0_BASE */
 363:Generated_Source\PSoC4/cyfitter_cfg.c **** 	CY_SET_REG32((void *)(CYREG_PRT0_PC), 0x00000001u);
 328              		.loc 1 363 0
 329 0110 0122     		movs	r2, #1
 330 0112 154B     		ldr	r3, .L13+36
 331 0114 1A60     		str	r2, [r3]
 364:Generated_Source\PSoC4/cyfitter_cfg.c **** 
 365:Generated_Source\PSoC4/cyfitter_cfg.c **** 	/* IOPINS0_2 Starting address: CYDEV_PRT2_BASE */
 366:Generated_Source\PSoC4/cyfitter_cfg.c **** 	CY_SET_REG32((void *)(CYDEV_PRT2_BASE), 0x00000040u);
 332              		.loc 1 366 0
 333 0116 3F32     		adds	r2, r2, #63
 334 0118 144B     		ldr	r3, .L13+40
 335 011a 1A60     		str	r2, [r3]
 367:Generated_Source\PSoC4/cyfitter_cfg.c **** 	CY_SET_REG32((void *)(CYREG_PRT2_PC), 0x00180000u);
 336              		.loc 1 367 0
 337 011c C022     		movs	r2, #192
 338 011e 5203     		lsls	r2, r2, #13
 339 0120 134B     		ldr	r3, .L13+44
 340 0122 1A60     		str	r2, [r3]
 368:Generated_Source\PSoC4/cyfitter_cfg.c **** 
 369:Generated_Source\PSoC4/cyfitter_cfg.c **** 	/* IOPINS0_3 Starting address: CYDEV_PRT3_BASE */
 370:Generated_Source\PSoC4/cyfitter_cfg.c **** 	CY_SET_REG32((void *)(CYREG_PRT3_PC), 0x00000D80u);
 341              		.loc 1 370 0
 342 0124 D822     		movs	r2, #216
 343 0126 1201     		lsls	r2, r2, #4
 344 0128 124B     		ldr	r3, .L13+48
 345 012a 1A60     		str	r2, [r3]
 371:Generated_Source\PSoC4/cyfitter_cfg.c **** 
 372:Generated_Source\PSoC4/cyfitter_cfg.c **** 	/* IOPINS0_4 Starting address: CYDEV_PRT4_BASE */
 373:Generated_Source\PSoC4/cyfitter_cfg.c **** 	CY_SET_REG32((void *)(CYDEV_PRT4_BASE), 0x00000002u);
 346              		.loc 1 373 0
 347 012c 0223     		movs	r3, #2
 348 012e 124A     		ldr	r2, .L13+52
 349 0130 1360     		str	r3, [r2]
 374:Generated_Source\PSoC4/cyfitter_cfg.c **** 	CY_SET_REG32((void *)(CYREG_PRT4_PC), 0x00000031u);
 350              		.loc 1 374 0
 351 0132 3121     		movs	r1, #49
 352 0134 114A     		ldr	r2, .L13+56
 353 0136 1160     		str	r1, [r2]
 375:Generated_Source\PSoC4/cyfitter_cfg.c **** 	CY_SET_REG32((void *)(CYREG_PRT4_PC2), 0x00000002u);
 354              		.loc 1 375 0
 355 0138 114A     		ldr	r2, .L13+60
 356 013a 1360     		str	r3, [r2]
 376:Generated_Source\PSoC4/cyfitter_cfg.c **** 
 377:Generated_Source\PSoC4/cyfitter_cfg.c **** 
ARM GAS  C:\Users\aasys\AppData\Local\Temp\cclg06rH.s 			page 14


 378:Generated_Source\PSoC4/cyfitter_cfg.c **** 	/* Setup clocks based on selections from Clock DWR */
 379:Generated_Source\PSoC4/cyfitter_cfg.c **** 	ClockSetup();
 357              		.loc 1 379 0
 358 013c FFF760FF 		bl	ClockSetup
 359              	.LVL24:
 380:Generated_Source\PSoC4/cyfitter_cfg.c **** 
 381:Generated_Source\PSoC4/cyfitter_cfg.c **** 	/* Perform basic analog initialization to defaults */
 382:Generated_Source\PSoC4/cyfitter_cfg.c **** 	AnalogSetDefault();
 383:Generated_Source\PSoC4/cyfitter_cfg.c **** 
 384:Generated_Source\PSoC4/cyfitter_cfg.c **** }
 360              		.loc 1 384 0
 361              		@ sp needed
 362              	.LVL25:
 363 0140 10BD     		pop	{r4, pc}
 364              	.L14:
 365 0142 C046     		.align	2
 366              	.L13:
 367 0144 00000000 		.word	.LANCHOR0
 368 0148 08000140 		.word	1073807368
 369 014c 0C000140 		.word	1073807372
 370 0150 10000140 		.word	1073807376
 371 0154 00500F40 		.word	1074745344
 372 0158 20500F40 		.word	1074745376
 373 015c 30500F40 		.word	1074745392
 374 0160 20010540 		.word	1074069792
 375 0164 00700F40 		.word	1074753536
 376 0168 08000440 		.word	1074003976
 377 016c 00020440 		.word	1074004480
 378 0170 08020440 		.word	1074004488
 379 0174 08030440 		.word	1074004744
 380 0178 00040440 		.word	1074004992
 381 017c 08040440 		.word	1074005000
 382 0180 18040440 		.word	1074005016
 383              		.cfi_endproc
 384              	.LFE6:
 385              		.size	cyfitter_cfg, .-cyfitter_cfg
 386              		.section	.rodata
 387              		.align	2
 388              		.set	.LANCHOR0,. + 0
 389              		.type	cfg_memset_list.4870, %object
 390              		.size	cfg_memset_list.4870, 12
 391              	cfg_memset_list.4870:
 392 0000 00300F40 		.word	1074737152
 393 0004 0004     		.short	1024
 394 0006 00400F40 		.4byte	1074741248
 395 000a 0004     		.short	1024
 396              		.type	cy_cfg_data_table.4865, %object
 397              		.size	cy_cfg_data_table.4865, 10
 398              	cy_cfg_data_table.4865:
 399 000c 02       		.byte	2
 400 000d 40       		.byte	64
 401 000e C0       		.byte	-64
 402 000f 10       		.byte	16
 403 0010 46       		.byte	70
 404 0011 40       		.byte	64
 405 0012 9A       		.byte	-102
 406 0013 40       		.byte	64
ARM GAS  C:\Users\aasys\AppData\Local\Temp\cclg06rH.s 			page 15


 407 0014 D0       		.byte	-48
 408 0015 80       		.byte	-128
 409 0016 0000     		.space	2
 410              		.type	cy_cfg_addr_table.4864, %object
 411              		.size	cy_cfg_addr_table.4864, 8
 412              	cy_cfg_addr_table.4864:
 413 0018 02400F40 		.word	1074741250
 414 001c 03410F40 		.word	1074741507
 415              		.text
 416              	.Letext0:
 417              		.file 2 "c:\\program files (x86)\\cypress\\psoc creator\\4.1\\psoc creator\\import\\gnu\\arm\\5.4.
 418              		.file 3 "Generated_Source\\PSoC4\\cytypes.h"
 419              		.file 4 "Generated_Source\\PSoC4\\CyLib.h"
 420              		.section	.debug_info,"",%progbits
 421              	.Ldebug_info0:
 422 0000 9C030000 		.4byte	0x39c
 423 0004 0400     		.2byte	0x4
 424 0006 00000000 		.4byte	.Ldebug_abbrev0
 425 000a 04       		.byte	0x4
 426 000b 01       		.uleb128 0x1
 427 000c 7B010000 		.4byte	.LASF39
 428 0010 0C       		.byte	0xc
 429 0011 A8020000 		.4byte	.LASF40
 430 0015 57000000 		.4byte	.LASF41
 431 0019 00000000 		.4byte	.Ldebug_ranges0+0
 432 001d 00000000 		.4byte	0
 433 0021 00000000 		.4byte	.Ldebug_line0
 434 0025 02       		.uleb128 0x2
 435 0026 04       		.byte	0x4
 436 0027 05       		.byte	0x5
 437 0028 696E7400 		.ascii	"int\000"
 438 002c 03       		.uleb128 0x3
 439 002d 06000000 		.4byte	.LASF12
 440 0031 02       		.byte	0x2
 441 0032 D8       		.byte	0xd8
 442 0033 37000000 		.4byte	0x37
 443 0037 04       		.uleb128 0x4
 444 0038 04       		.byte	0x4
 445 0039 07       		.byte	0x7
 446 003a 42010000 		.4byte	.LASF0
 447 003e 04       		.uleb128 0x4
 448 003f 08       		.byte	0x8
 449 0040 05       		.byte	0x5
 450 0041 3B020000 		.4byte	.LASF1
 451 0045 04       		.uleb128 0x4
 452 0046 08       		.byte	0x8
 453 0047 04       		.byte	0x4
 454 0048 90020000 		.4byte	.LASF2
 455 004c 04       		.uleb128 0x4
 456 004d 01       		.byte	0x1
 457 004e 06       		.byte	0x6
 458 004f 9C020000 		.4byte	.LASF3
 459 0053 04       		.uleb128 0x4
 460 0054 01       		.byte	0x1
 461 0055 08       		.byte	0x8
 462 0056 E4000000 		.4byte	.LASF4
 463 005a 04       		.uleb128 0x4
ARM GAS  C:\Users\aasys\AppData\Local\Temp\cclg06rH.s 			page 16


 464 005b 02       		.byte	0x2
 465 005c 05       		.byte	0x5
 466 005d 68020000 		.4byte	.LASF5
 467 0061 04       		.uleb128 0x4
 468 0062 02       		.byte	0x2
 469 0063 07       		.byte	0x7
 470 0064 28020000 		.4byte	.LASF6
 471 0068 04       		.uleb128 0x4
 472 0069 04       		.byte	0x4
 473 006a 05       		.byte	0x5
 474 006b 87020000 		.4byte	.LASF7
 475 006f 04       		.uleb128 0x4
 476 0070 04       		.byte	0x4
 477 0071 07       		.byte	0x7
 478 0072 C2000000 		.4byte	.LASF8
 479 0076 04       		.uleb128 0x4
 480 0077 08       		.byte	0x8
 481 0078 07       		.byte	0x7
 482 0079 64010000 		.4byte	.LASF9
 483 007d 04       		.uleb128 0x4
 484 007e 04       		.byte	0x4
 485 007f 07       		.byte	0x7
 486 0080 1F020000 		.4byte	.LASF10
 487 0084 05       		.uleb128 0x5
 488 0085 04       		.byte	0x4
 489 0086 04       		.uleb128 0x4
 490 0087 01       		.byte	0x1
 491 0088 08       		.byte	0x8
 492 0089 49020000 		.4byte	.LASF11
 493 008d 06       		.uleb128 0x6
 494 008e D4000000 		.4byte	.LASF13
 495 0092 03       		.byte	0x3
 496 0093 D201     		.2byte	0x1d2
 497 0095 53000000 		.4byte	0x53
 498 0099 06       		.uleb128 0x6
 499 009a 29010000 		.4byte	.LASF14
 500 009e 03       		.byte	0x3
 501 009f D301     		.2byte	0x1d3
 502 00a1 61000000 		.4byte	0x61
 503 00a5 06       		.uleb128 0x6
 504 00a6 3B010000 		.4byte	.LASF15
 505 00aa 03       		.byte	0x3
 506 00ab D401     		.2byte	0x1d4
 507 00ad 6F000000 		.4byte	0x6f
 508 00b1 04       		.uleb128 0x4
 509 00b2 04       		.byte	0x4
 510 00b3 04       		.byte	0x4
 511 00b4 A2000000 		.4byte	.LASF16
 512 00b8 04       		.uleb128 0x4
 513 00b9 08       		.byte	0x8
 514 00ba 04       		.byte	0x4
 515 00bb F9000000 		.4byte	.LASF17
 516 00bf 06       		.uleb128 0x6
 517 00c0 BD000000 		.4byte	.LASF18
 518 00c4 03       		.byte	0x3
 519 00c5 7C02     		.2byte	0x27c
 520 00c7 CB000000 		.4byte	0xcb
ARM GAS  C:\Users\aasys\AppData\Local\Temp\cclg06rH.s 			page 17


 521 00cb 07       		.uleb128 0x7
 522 00cc 8D000000 		.4byte	0x8d
 523 00d0 06       		.uleb128 0x6
 524 00d1 00000000 		.4byte	.LASF19
 525 00d5 03       		.byte	0x3
 526 00d6 7E02     		.2byte	0x27e
 527 00d8 DC000000 		.4byte	0xdc
 528 00dc 07       		.uleb128 0x7
 529 00dd A5000000 		.4byte	0xa5
 530 00e1 08       		.uleb128 0x8
 531 00e2 02       		.byte	0x2
 532 00e3 01       		.byte	0x1
 533 00e4 9A       		.byte	0x9a
 534 00e5 02010000 		.4byte	0x102
 535 00e9 09       		.uleb128 0x9
 536 00ea 61020000 		.4byte	.LASF20
 537 00ee 01       		.byte	0x1
 538 00ef 9C       		.byte	0x9c
 539 00f0 8D000000 		.4byte	0x8d
 540 00f4 00       		.byte	0
 541 00f5 09       		.uleb128 0x9
 542 00f6 1C000000 		.4byte	.LASF21
 543 00fa 01       		.byte	0x1
 544 00fb 9D       		.byte	0x9d
 545 00fc 8D000000 		.4byte	0x8d
 546 0100 01       		.byte	0x1
 547 0101 00       		.byte	0
 548 0102 03       		.uleb128 0x3
 549 0103 4E020000 		.4byte	.LASF22
 550 0107 01       		.byte	0x1
 551 0108 9E       		.byte	0x9e
 552 0109 E1000000 		.4byte	0xe1
 553 010d 0A       		.uleb128 0xa
 554 010e 00010000 		.4byte	.LASF27
 555 0112 01       		.byte	0x1
 556 0113 B1       		.byte	0xb1
 557 0114 00000000 		.4byte	.LFB3
 558 0118 32000000 		.4byte	.LFE3-.LFB3
 559 011c 01       		.uleb128 0x1
 560 011d 9C       		.byte	0x9c
 561 011e 7F010000 		.4byte	0x17f
 562 0122 0B       		.uleb128 0xb
 563 0123 1E010000 		.4byte	.LASF23
 564 0127 01       		.byte	0x1
 565 0128 B1       		.byte	0xb1
 566 0129 7F010000 		.4byte	0x17f
 567 012d 01       		.uleb128 0x1
 568 012e 50       		.byte	0x50
 569 012f 0B       		.uleb128 0xb
 570 0130 30010000 		.4byte	.LASF24
 571 0134 01       		.byte	0x1
 572 0135 B1       		.byte	0xb1
 573 0136 8A010000 		.4byte	0x18a
 574 013a 01       		.uleb128 0x1
 575 013b 51       		.byte	0x51
 576 013c 0C       		.uleb128 0xc
 577 013d 6900     		.ascii	"i\000"
ARM GAS  C:\Users\aasys\AppData\Local\Temp\cclg06rH.s 			page 18


 578 013f 01       		.byte	0x1
 579 0140 B4       		.byte	0xb4
 580 0141 A5000000 		.4byte	0xa5
 581 0145 00000000 		.4byte	.LLST0
 582 0149 0C       		.uleb128 0xc
 583 014a 6A00     		.ascii	"j\000"
 584 014c 01       		.byte	0x1
 585 014d B4       		.byte	0xb4
 586 014e A5000000 		.4byte	0xa5
 587 0152 1F000000 		.4byte	.LLST1
 588 0156 0D       		.uleb128 0xd
 589 0157 08000000 		.4byte	.LBB2
 590 015b 22000000 		.4byte	.LBE2-.LBB2
 591 015f 0E       		.uleb128 0xe
 592 0160 16020000 		.4byte	.LASF25
 593 0164 01       		.byte	0x1
 594 0165 B7       		.byte	0xb7
 595 0166 A5000000 		.4byte	0xa5
 596 016a 3E000000 		.4byte	.LLST2
 597 016e 0E       		.uleb128 0xe
 598 016f 22000000 		.4byte	.LASF26
 599 0173 01       		.byte	0x1
 600 0174 B8       		.byte	0xb8
 601 0175 8D000000 		.4byte	0x8d
 602 0179 51000000 		.4byte	.LLST3
 603 017d 00       		.byte	0
 604 017e 00       		.byte	0
 605 017f 0F       		.uleb128 0xf
 606 0180 04       		.byte	0x4
 607 0181 85010000 		.4byte	0x185
 608 0185 10       		.uleb128 0x10
 609 0186 A5000000 		.4byte	0xa5
 610 018a 0F       		.uleb128 0xf
 611 018b 04       		.byte	0x4
 612 018c 90010000 		.4byte	0x190
 613 0190 10       		.uleb128 0x10
 614 0191 02010000 		.4byte	0x102
 615 0195 0A       		.uleb128 0xa
 616 0196 DA000000 		.4byte	.LASF28
 617 019a 01       		.byte	0x1
 618 019b 4C       		.byte	0x4c
 619 019c 00000000 		.4byte	.LFB0
 620 01a0 0C000000 		.4byte	.LFE0-.LFB0
 621 01a4 01       		.uleb128 0x1
 622 01a5 9C       		.byte	0x9c
 623 01a6 E2010000 		.4byte	0x1e2
 624 01aa 11       		.uleb128 0x11
 625 01ab 7300     		.ascii	"s\000"
 626 01ad 01       		.byte	0x1
 627 01ae 4C       		.byte	0x4c
 628 01af 84000000 		.4byte	0x84
 629 01b3 6F000000 		.4byte	.LLST4
 630 01b7 11       		.uleb128 0x11
 631 01b8 6E00     		.ascii	"n\000"
 632 01ba 01       		.byte	0x1
 633 01bb 4C       		.byte	0x4c
 634 01bc 2C000000 		.4byte	0x2c
ARM GAS  C:\Users\aasys\AppData\Local\Temp\cclg06rH.s 			page 19


 635 01c0 90000000 		.4byte	.LLST5
 636 01c4 12       		.uleb128 0x12
 637 01c5 0A000000 		.4byte	.LVL14
 638 01c9 75030000 		.4byte	0x375
 639 01cd 13       		.uleb128 0x13
 640 01ce 01       		.uleb128 0x1
 641 01cf 50       		.byte	0x50
 642 01d0 03       		.uleb128 0x3
 643 01d1 F3       		.byte	0xf3
 644 01d2 01       		.uleb128 0x1
 645 01d3 50       		.byte	0x50
 646 01d4 13       		.uleb128 0x13
 647 01d5 01       		.uleb128 0x1
 648 01d6 51       		.byte	0x51
 649 01d7 01       		.uleb128 0x1
 650 01d8 30       		.byte	0x30
 651 01d9 13       		.uleb128 0x13
 652 01da 01       		.uleb128 0x1
 653 01db 52       		.byte	0x52
 654 01dc 03       		.uleb128 0x3
 655 01dd F3       		.byte	0xf3
 656 01de 01       		.uleb128 0x1
 657 01df 51       		.byte	0x51
 658 01e0 00       		.byte	0
 659 01e1 00       		.byte	0
 660 01e2 0A       		.uleb128 0xa
 661 01e3 28000000 		.4byte	.LASF29
 662 01e7 01       		.byte	0x1
 663 01e8 D6       		.byte	0xd6
 664 01e9 00000000 		.4byte	.LFB4
 665 01ed A0000000 		.4byte	.LFE4-.LFB4
 666 01f1 01       		.uleb128 0x1
 667 01f2 9C       		.byte	0x9c
 668 01f3 2D020000 		.4byte	0x22d
 669 01f7 14       		.uleb128 0x14
 670 01f8 14000000 		.4byte	.LVL15
 671 01fc 7E030000 		.4byte	0x37e
 672 0200 0A020000 		.4byte	0x20a
 673 0204 13       		.uleb128 0x13
 674 0205 01       		.uleb128 0x1
 675 0206 50       		.byte	0x50
 676 0207 01       		.uleb128 0x1
 677 0208 48       		.byte	0x48
 678 0209 00       		.byte	0
 679 020a 14       		.uleb128 0x14
 680 020b 58000000 		.4byte	.LVL16
 681 020f 89030000 		.4byte	0x389
 682 0213 1D020000 		.4byte	0x21d
 683 0217 13       		.uleb128 0x13
 684 0218 01       		.uleb128 0x1
 685 0219 50       		.byte	0x50
 686 021a 01       		.uleb128 0x1
 687 021b 39       		.byte	0x39
 688 021c 00       		.byte	0
 689 021d 12       		.uleb128 0x12
 690 021e 5E000000 		.4byte	.LVL17
 691 0222 94030000 		.4byte	0x394
ARM GAS  C:\Users\aasys\AppData\Local\Temp\cclg06rH.s 			page 20


 692 0226 13       		.uleb128 0x13
 693 0227 01       		.uleb128 0x1
 694 0228 50       		.byte	0x50
 695 0229 01       		.uleb128 0x1
 696 022a 39       		.byte	0x39
 697 022b 00       		.byte	0
 698 022c 00       		.byte	0
 699 022d 15       		.uleb128 0x15
 700 022e 4F010000 		.4byte	.LASF42
 701 0232 01       		.byte	0x1
 702 0233 2901     		.2byte	0x129
 703 0235 A0000000 		.4byte	.LFB6
 704 0239 E4000000 		.4byte	.LFE6-.LFB6
 705 023d 01       		.uleb128 0x1
 706 023e 9C       		.byte	0x9c
 707 023f 4B030000 		.4byte	0x34b
 708 0243 16       		.uleb128 0x16
 709 0244 A4000000 		.4byte	.LBB3
 710 0248 6C000000 		.4byte	.LBE3-.LBB3
 711 024c 41030000 		.4byte	0x341
 712 0250 17       		.uleb128 0x17
 713 0251 33000000 		.4byte	.LASF30
 714 0255 01       		.byte	0x1
 715 0256 2F01     		.2byte	0x12f
 716 0258 5B030000 		.4byte	0x35b
 717 025c 05       		.uleb128 0x5
 718 025d 03       		.byte	0x3
 719 025e 18000000 		.4byte	cy_cfg_addr_table.4864
 720 0262 17       		.uleb128 0x17
 721 0263 45000000 		.4byte	.LASF31
 722 0267 01       		.byte	0x1
 723 0268 3401     		.2byte	0x134
 724 026a 70030000 		.4byte	0x370
 725 026e 05       		.uleb128 0x5
 726 026f 03       		.byte	0x3
 727 0270 0C000000 		.4byte	cy_cfg_data_table.4865
 728 0274 18       		.uleb128 0x18
 729 0275 06       		.byte	0x6
 730 0276 01       		.byte	0x1
 731 0277 3E01     		.2byte	0x13e
 732 0279 98020000 		.4byte	0x298
 733 027d 19       		.uleb128 0x19
 734 027e 5C010000 		.4byte	.LASF32
 735 0282 01       		.byte	0x1
 736 0283 3F01     		.2byte	0x13f
 737 0285 84000000 		.4byte	0x84
 738 0289 00       		.byte	0
 739 028a 19       		.uleb128 0x19
 740 028b B8000000 		.4byte	.LASF33
 741 028f 01       		.byte	0x1
 742 0290 4001     		.2byte	0x140
 743 0292 99000000 		.4byte	0x99
 744 0296 04       		.byte	0x4
 745 0297 00       		.byte	0
 746 0298 06       		.uleb128 0x6
 747 0299 09020000 		.4byte	.LASF34
 748 029d 01       		.byte	0x1
ARM GAS  C:\Users\aasys\AppData\Local\Temp\cclg06rH.s 			page 21


 749 029e 4101     		.2byte	0x141
 750 02a0 74020000 		.4byte	0x274
 751 02a4 1A       		.uleb128 0x1a
 752 02a5 B4020000 		.4byte	0x2b4
 753 02a9 B4020000 		.4byte	0x2b4
 754 02ad 1B       		.uleb128 0x1b
 755 02ae 7D000000 		.4byte	0x7d
 756 02b2 01       		.byte	0x1
 757 02b3 00       		.byte	0
 758 02b4 10       		.uleb128 0x10
 759 02b5 98020000 		.4byte	0x298
 760 02b9 17       		.uleb128 0x17
 761 02ba A8000000 		.4byte	.LASF35
 762 02be 01       		.byte	0x1
 763 02bf 4301     		.2byte	0x143
 764 02c1 CB020000 		.4byte	0x2cb
 765 02c5 05       		.uleb128 0x5
 766 02c6 03       		.byte	0x3
 767 02c7 00000000 		.4byte	cfg_memset_list.4870
 768 02cb 10       		.uleb128 0x10
 769 02cc A4020000 		.4byte	0x2a4
 770 02d0 1C       		.uleb128 0x1c
 771 02d1 6900     		.ascii	"i\000"
 772 02d3 01       		.byte	0x1
 773 02d4 4901     		.2byte	0x149
 774 02d6 8D000000 		.4byte	0x8d
 775 02da BC000000 		.4byte	.LLST6
 776 02de 16       		.uleb128 0x16
 777 02df A8000000 		.4byte	.LBB4
 778 02e3 1C000000 		.4byte	.LBE4-.LBB4
 779 02e7 24030000 		.4byte	0x324
 780 02eb 1C       		.uleb128 0x1c
 781 02ec 6D7300   		.ascii	"ms\000"
 782 02ef 01       		.byte	0x1
 783 02f0 4E01     		.2byte	0x14e
 784 02f2 FA020000 		.4byte	0x2fa
 785 02f6 E6000000 		.4byte	.LLST7
 786 02fa 0F       		.uleb128 0xf
 787 02fb 04       		.byte	0x4
 788 02fc B4020000 		.4byte	0x2b4
 789 0300 12       		.uleb128 0x12
 790 0301 C4000000 		.4byte	.LVL20
 791 0305 95010000 		.4byte	0x195
 792 0309 13       		.uleb128 0x13
 793 030a 01       		.uleb128 0x1
 794 030b 51       		.byte	0x51
 795 030c 15       		.uleb128 0x15
 796 030d 74       		.byte	0x74
 797 030e 00       		.sleb128 0
 798 030f 31       		.byte	0x31
 799 0310 24       		.byte	0x24
 800 0311 74       		.byte	0x74
 801 0312 00       		.sleb128 0
 802 0313 22       		.byte	0x22
 803 0314 31       		.byte	0x31
 804 0315 24       		.byte	0x24
 805 0316 03       		.byte	0x3
ARM GAS  C:\Users\aasys\AppData\Local\Temp\cclg06rH.s 			page 22


 806 0317 04000000 		.4byte	.LANCHOR0+4
 807 031b 22       		.byte	0x22
 808 031c 94       		.byte	0x94
 809 031d 02       		.byte	0x2
 810 031e 0A       		.byte	0xa
 811 031f FFFF     		.2byte	0xffff
 812 0321 1A       		.byte	0x1a
 813 0322 00       		.byte	0
 814 0323 00       		.byte	0
 815 0324 12       		.uleb128 0x12
 816 0325 D8000000 		.4byte	.LVL23
 817 0329 0D010000 		.4byte	0x10d
 818 032d 13       		.uleb128 0x13
 819 032e 01       		.uleb128 0x1
 820 032f 50       		.byte	0x50
 821 0330 05       		.uleb128 0x5
 822 0331 03       		.byte	0x3
 823 0332 18000000 		.4byte	.LANCHOR0+24
 824 0336 13       		.uleb128 0x13
 825 0337 01       		.uleb128 0x1
 826 0338 51       		.byte	0x51
 827 0339 05       		.uleb128 0x5
 828 033a 03       		.byte	0x3
 829 033b 0C000000 		.4byte	.LANCHOR0+12
 830 033f 00       		.byte	0
 831 0340 00       		.byte	0
 832 0341 1D       		.uleb128 0x1d
 833 0342 40010000 		.4byte	.LVL24
 834 0346 E2010000 		.4byte	0x1e2
 835 034a 00       		.byte	0
 836 034b 1A       		.uleb128 0x1a
 837 034c 85010000 		.4byte	0x185
 838 0350 5B030000 		.4byte	0x35b
 839 0354 1B       		.uleb128 0x1b
 840 0355 7D000000 		.4byte	0x7d
 841 0359 01       		.byte	0x1
 842 035a 00       		.byte	0
 843 035b 10       		.uleb128 0x10
 844 035c 4B030000 		.4byte	0x34b
 845 0360 1A       		.uleb128 0x1a
 846 0361 90010000 		.4byte	0x190
 847 0365 70030000 		.4byte	0x370
 848 0369 1B       		.uleb128 0x1b
 849 036a 7D000000 		.4byte	0x7d
 850 036e 04       		.byte	0x4
 851 036f 00       		.byte	0
 852 0370 10       		.uleb128 0x10
 853 0371 60030000 		.4byte	0x360
 854 0375 1E       		.uleb128 0x1e
 855 0376 F2000000 		.4byte	.LASF43
 856 037a F2000000 		.4byte	.LASF43
 857 037e 1F       		.uleb128 0x1f
 858 037f 72020000 		.4byte	.LASF36
 859 0383 72020000 		.4byte	.LASF36
 860 0387 04       		.byte	0x4
 861 0388 6C       		.byte	0x6c
 862 0389 1F       		.uleb128 0x1f
ARM GAS  C:\Users\aasys\AppData\Local\Temp\cclg06rH.s 			page 23


 863 038a 0D000000 		.4byte	.LASF37
 864 038e 0D000000 		.4byte	.LASF37
 865 0392 04       		.byte	0x4
 866 0393 BD       		.byte	0xbd
 867 0394 1F       		.uleb128 0x1f
 868 0395 12010000 		.4byte	.LASF38
 869 0399 12010000 		.4byte	.LASF38
 870 039d 04       		.byte	0x4
 871 039e C3       		.byte	0xc3
 872 039f 00       		.byte	0
 873              		.section	.debug_abbrev,"",%progbits
 874              	.Ldebug_abbrev0:
 875 0000 01       		.uleb128 0x1
 876 0001 11       		.uleb128 0x11
 877 0002 01       		.byte	0x1
 878 0003 25       		.uleb128 0x25
 879 0004 0E       		.uleb128 0xe
 880 0005 13       		.uleb128 0x13
 881 0006 0B       		.uleb128 0xb
 882 0007 03       		.uleb128 0x3
 883 0008 0E       		.uleb128 0xe
 884 0009 1B       		.uleb128 0x1b
 885 000a 0E       		.uleb128 0xe
 886 000b 55       		.uleb128 0x55
 887 000c 17       		.uleb128 0x17
 888 000d 11       		.uleb128 0x11
 889 000e 01       		.uleb128 0x1
 890 000f 10       		.uleb128 0x10
 891 0010 17       		.uleb128 0x17
 892 0011 00       		.byte	0
 893 0012 00       		.byte	0
 894 0013 02       		.uleb128 0x2
 895 0014 24       		.uleb128 0x24
 896 0015 00       		.byte	0
 897 0016 0B       		.uleb128 0xb
 898 0017 0B       		.uleb128 0xb
 899 0018 3E       		.uleb128 0x3e
 900 0019 0B       		.uleb128 0xb
 901 001a 03       		.uleb128 0x3
 902 001b 08       		.uleb128 0x8
 903 001c 00       		.byte	0
 904 001d 00       		.byte	0
 905 001e 03       		.uleb128 0x3
 906 001f 16       		.uleb128 0x16
 907 0020 00       		.byte	0
 908 0021 03       		.uleb128 0x3
 909 0022 0E       		.uleb128 0xe
 910 0023 3A       		.uleb128 0x3a
 911 0024 0B       		.uleb128 0xb
 912 0025 3B       		.uleb128 0x3b
 913 0026 0B       		.uleb128 0xb
 914 0027 49       		.uleb128 0x49
 915 0028 13       		.uleb128 0x13
 916 0029 00       		.byte	0
 917 002a 00       		.byte	0
 918 002b 04       		.uleb128 0x4
 919 002c 24       		.uleb128 0x24
ARM GAS  C:\Users\aasys\AppData\Local\Temp\cclg06rH.s 			page 24


 920 002d 00       		.byte	0
 921 002e 0B       		.uleb128 0xb
 922 002f 0B       		.uleb128 0xb
 923 0030 3E       		.uleb128 0x3e
 924 0031 0B       		.uleb128 0xb
 925 0032 03       		.uleb128 0x3
 926 0033 0E       		.uleb128 0xe
 927 0034 00       		.byte	0
 928 0035 00       		.byte	0
 929 0036 05       		.uleb128 0x5
 930 0037 0F       		.uleb128 0xf
 931 0038 00       		.byte	0
 932 0039 0B       		.uleb128 0xb
 933 003a 0B       		.uleb128 0xb
 934 003b 00       		.byte	0
 935 003c 00       		.byte	0
 936 003d 06       		.uleb128 0x6
 937 003e 16       		.uleb128 0x16
 938 003f 00       		.byte	0
 939 0040 03       		.uleb128 0x3
 940 0041 0E       		.uleb128 0xe
 941 0042 3A       		.uleb128 0x3a
 942 0043 0B       		.uleb128 0xb
 943 0044 3B       		.uleb128 0x3b
 944 0045 05       		.uleb128 0x5
 945 0046 49       		.uleb128 0x49
 946 0047 13       		.uleb128 0x13
 947 0048 00       		.byte	0
 948 0049 00       		.byte	0
 949 004a 07       		.uleb128 0x7
 950 004b 35       		.uleb128 0x35
 951 004c 00       		.byte	0
 952 004d 49       		.uleb128 0x49
 953 004e 13       		.uleb128 0x13
 954 004f 00       		.byte	0
 955 0050 00       		.byte	0
 956 0051 08       		.uleb128 0x8
 957 0052 13       		.uleb128 0x13
 958 0053 01       		.byte	0x1
 959 0054 0B       		.uleb128 0xb
 960 0055 0B       		.uleb128 0xb
 961 0056 3A       		.uleb128 0x3a
 962 0057 0B       		.uleb128 0xb
 963 0058 3B       		.uleb128 0x3b
 964 0059 0B       		.uleb128 0xb
 965 005a 01       		.uleb128 0x1
 966 005b 13       		.uleb128 0x13
 967 005c 00       		.byte	0
 968 005d 00       		.byte	0
 969 005e 09       		.uleb128 0x9
 970 005f 0D       		.uleb128 0xd
 971 0060 00       		.byte	0
 972 0061 03       		.uleb128 0x3
 973 0062 0E       		.uleb128 0xe
 974 0063 3A       		.uleb128 0x3a
 975 0064 0B       		.uleb128 0xb
 976 0065 3B       		.uleb128 0x3b
ARM GAS  C:\Users\aasys\AppData\Local\Temp\cclg06rH.s 			page 25


 977 0066 0B       		.uleb128 0xb
 978 0067 49       		.uleb128 0x49
 979 0068 13       		.uleb128 0x13
 980 0069 38       		.uleb128 0x38
 981 006a 0B       		.uleb128 0xb
 982 006b 00       		.byte	0
 983 006c 00       		.byte	0
 984 006d 0A       		.uleb128 0xa
 985 006e 2E       		.uleb128 0x2e
 986 006f 01       		.byte	0x1
 987 0070 03       		.uleb128 0x3
 988 0071 0E       		.uleb128 0xe
 989 0072 3A       		.uleb128 0x3a
 990 0073 0B       		.uleb128 0xb
 991 0074 3B       		.uleb128 0x3b
 992 0075 0B       		.uleb128 0xb
 993 0076 27       		.uleb128 0x27
 994 0077 19       		.uleb128 0x19
 995 0078 11       		.uleb128 0x11
 996 0079 01       		.uleb128 0x1
 997 007a 12       		.uleb128 0x12
 998 007b 06       		.uleb128 0x6
 999 007c 40       		.uleb128 0x40
 1000 007d 18       		.uleb128 0x18
 1001 007e 9742     		.uleb128 0x2117
 1002 0080 19       		.uleb128 0x19
 1003 0081 01       		.uleb128 0x1
 1004 0082 13       		.uleb128 0x13
 1005 0083 00       		.byte	0
 1006 0084 00       		.byte	0
 1007 0085 0B       		.uleb128 0xb
 1008 0086 05       		.uleb128 0x5
 1009 0087 00       		.byte	0
 1010 0088 03       		.uleb128 0x3
 1011 0089 0E       		.uleb128 0xe
 1012 008a 3A       		.uleb128 0x3a
 1013 008b 0B       		.uleb128 0xb
 1014 008c 3B       		.uleb128 0x3b
 1015 008d 0B       		.uleb128 0xb
 1016 008e 49       		.uleb128 0x49
 1017 008f 13       		.uleb128 0x13
 1018 0090 02       		.uleb128 0x2
 1019 0091 18       		.uleb128 0x18
 1020 0092 00       		.byte	0
 1021 0093 00       		.byte	0
 1022 0094 0C       		.uleb128 0xc
 1023 0095 34       		.uleb128 0x34
 1024 0096 00       		.byte	0
 1025 0097 03       		.uleb128 0x3
 1026 0098 08       		.uleb128 0x8
 1027 0099 3A       		.uleb128 0x3a
 1028 009a 0B       		.uleb128 0xb
 1029 009b 3B       		.uleb128 0x3b
 1030 009c 0B       		.uleb128 0xb
 1031 009d 49       		.uleb128 0x49
 1032 009e 13       		.uleb128 0x13
 1033 009f 02       		.uleb128 0x2
ARM GAS  C:\Users\aasys\AppData\Local\Temp\cclg06rH.s 			page 26


 1034 00a0 17       		.uleb128 0x17
 1035 00a1 00       		.byte	0
 1036 00a2 00       		.byte	0
 1037 00a3 0D       		.uleb128 0xd
 1038 00a4 0B       		.uleb128 0xb
 1039 00a5 01       		.byte	0x1
 1040 00a6 11       		.uleb128 0x11
 1041 00a7 01       		.uleb128 0x1
 1042 00a8 12       		.uleb128 0x12
 1043 00a9 06       		.uleb128 0x6
 1044 00aa 00       		.byte	0
 1045 00ab 00       		.byte	0
 1046 00ac 0E       		.uleb128 0xe
 1047 00ad 34       		.uleb128 0x34
 1048 00ae 00       		.byte	0
 1049 00af 03       		.uleb128 0x3
 1050 00b0 0E       		.uleb128 0xe
 1051 00b1 3A       		.uleb128 0x3a
 1052 00b2 0B       		.uleb128 0xb
 1053 00b3 3B       		.uleb128 0x3b
 1054 00b4 0B       		.uleb128 0xb
 1055 00b5 49       		.uleb128 0x49
 1056 00b6 13       		.uleb128 0x13
 1057 00b7 02       		.uleb128 0x2
 1058 00b8 17       		.uleb128 0x17
 1059 00b9 00       		.byte	0
 1060 00ba 00       		.byte	0
 1061 00bb 0F       		.uleb128 0xf
 1062 00bc 0F       		.uleb128 0xf
 1063 00bd 00       		.byte	0
 1064 00be 0B       		.uleb128 0xb
 1065 00bf 0B       		.uleb128 0xb
 1066 00c0 49       		.uleb128 0x49
 1067 00c1 13       		.uleb128 0x13
 1068 00c2 00       		.byte	0
 1069 00c3 00       		.byte	0
 1070 00c4 10       		.uleb128 0x10
 1071 00c5 26       		.uleb128 0x26
 1072 00c6 00       		.byte	0
 1073 00c7 49       		.uleb128 0x49
 1074 00c8 13       		.uleb128 0x13
 1075 00c9 00       		.byte	0
 1076 00ca 00       		.byte	0
 1077 00cb 11       		.uleb128 0x11
 1078 00cc 05       		.uleb128 0x5
 1079 00cd 00       		.byte	0
 1080 00ce 03       		.uleb128 0x3
 1081 00cf 08       		.uleb128 0x8
 1082 00d0 3A       		.uleb128 0x3a
 1083 00d1 0B       		.uleb128 0xb
 1084 00d2 3B       		.uleb128 0x3b
 1085 00d3 0B       		.uleb128 0xb
 1086 00d4 49       		.uleb128 0x49
 1087 00d5 13       		.uleb128 0x13
 1088 00d6 02       		.uleb128 0x2
 1089 00d7 17       		.uleb128 0x17
 1090 00d8 00       		.byte	0
ARM GAS  C:\Users\aasys\AppData\Local\Temp\cclg06rH.s 			page 27


 1091 00d9 00       		.byte	0
 1092 00da 12       		.uleb128 0x12
 1093 00db 898201   		.uleb128 0x4109
 1094 00de 01       		.byte	0x1
 1095 00df 11       		.uleb128 0x11
 1096 00e0 01       		.uleb128 0x1
 1097 00e1 31       		.uleb128 0x31
 1098 00e2 13       		.uleb128 0x13
 1099 00e3 00       		.byte	0
 1100 00e4 00       		.byte	0
 1101 00e5 13       		.uleb128 0x13
 1102 00e6 8A8201   		.uleb128 0x410a
 1103 00e9 00       		.byte	0
 1104 00ea 02       		.uleb128 0x2
 1105 00eb 18       		.uleb128 0x18
 1106 00ec 9142     		.uleb128 0x2111
 1107 00ee 18       		.uleb128 0x18
 1108 00ef 00       		.byte	0
 1109 00f0 00       		.byte	0
 1110 00f1 14       		.uleb128 0x14
 1111 00f2 898201   		.uleb128 0x4109
 1112 00f5 01       		.byte	0x1
 1113 00f6 11       		.uleb128 0x11
 1114 00f7 01       		.uleb128 0x1
 1115 00f8 31       		.uleb128 0x31
 1116 00f9 13       		.uleb128 0x13
 1117 00fa 01       		.uleb128 0x1
 1118 00fb 13       		.uleb128 0x13
 1119 00fc 00       		.byte	0
 1120 00fd 00       		.byte	0
 1121 00fe 15       		.uleb128 0x15
 1122 00ff 2E       		.uleb128 0x2e
 1123 0100 01       		.byte	0x1
 1124 0101 3F       		.uleb128 0x3f
 1125 0102 19       		.uleb128 0x19
 1126 0103 03       		.uleb128 0x3
 1127 0104 0E       		.uleb128 0xe
 1128 0105 3A       		.uleb128 0x3a
 1129 0106 0B       		.uleb128 0xb
 1130 0107 3B       		.uleb128 0x3b
 1131 0108 05       		.uleb128 0x5
 1132 0109 27       		.uleb128 0x27
 1133 010a 19       		.uleb128 0x19
 1134 010b 11       		.uleb128 0x11
 1135 010c 01       		.uleb128 0x1
 1136 010d 12       		.uleb128 0x12
 1137 010e 06       		.uleb128 0x6
 1138 010f 40       		.uleb128 0x40
 1139 0110 18       		.uleb128 0x18
 1140 0111 9742     		.uleb128 0x2117
 1141 0113 19       		.uleb128 0x19
 1142 0114 01       		.uleb128 0x1
 1143 0115 13       		.uleb128 0x13
 1144 0116 00       		.byte	0
 1145 0117 00       		.byte	0
 1146 0118 16       		.uleb128 0x16
 1147 0119 0B       		.uleb128 0xb
ARM GAS  C:\Users\aasys\AppData\Local\Temp\cclg06rH.s 			page 28


 1148 011a 01       		.byte	0x1
 1149 011b 11       		.uleb128 0x11
 1150 011c 01       		.uleb128 0x1
 1151 011d 12       		.uleb128 0x12
 1152 011e 06       		.uleb128 0x6
 1153 011f 01       		.uleb128 0x1
 1154 0120 13       		.uleb128 0x13
 1155 0121 00       		.byte	0
 1156 0122 00       		.byte	0
 1157 0123 17       		.uleb128 0x17
 1158 0124 34       		.uleb128 0x34
 1159 0125 00       		.byte	0
 1160 0126 03       		.uleb128 0x3
 1161 0127 0E       		.uleb128 0xe
 1162 0128 3A       		.uleb128 0x3a
 1163 0129 0B       		.uleb128 0xb
 1164 012a 3B       		.uleb128 0x3b
 1165 012b 05       		.uleb128 0x5
 1166 012c 49       		.uleb128 0x49
 1167 012d 13       		.uleb128 0x13
 1168 012e 02       		.uleb128 0x2
 1169 012f 18       		.uleb128 0x18
 1170 0130 00       		.byte	0
 1171 0131 00       		.byte	0
 1172 0132 18       		.uleb128 0x18
 1173 0133 13       		.uleb128 0x13
 1174 0134 01       		.byte	0x1
 1175 0135 0B       		.uleb128 0xb
 1176 0136 0B       		.uleb128 0xb
 1177 0137 3A       		.uleb128 0x3a
 1178 0138 0B       		.uleb128 0xb
 1179 0139 3B       		.uleb128 0x3b
 1180 013a 05       		.uleb128 0x5
 1181 013b 01       		.uleb128 0x1
 1182 013c 13       		.uleb128 0x13
 1183 013d 00       		.byte	0
 1184 013e 00       		.byte	0
 1185 013f 19       		.uleb128 0x19
 1186 0140 0D       		.uleb128 0xd
 1187 0141 00       		.byte	0
 1188 0142 03       		.uleb128 0x3
 1189 0143 0E       		.uleb128 0xe
 1190 0144 3A       		.uleb128 0x3a
 1191 0145 0B       		.uleb128 0xb
 1192 0146 3B       		.uleb128 0x3b
 1193 0147 05       		.uleb128 0x5
 1194 0148 49       		.uleb128 0x49
 1195 0149 13       		.uleb128 0x13
 1196 014a 38       		.uleb128 0x38
 1197 014b 0B       		.uleb128 0xb
 1198 014c 00       		.byte	0
 1199 014d 00       		.byte	0
 1200 014e 1A       		.uleb128 0x1a
 1201 014f 01       		.uleb128 0x1
 1202 0150 01       		.byte	0x1
 1203 0151 49       		.uleb128 0x49
 1204 0152 13       		.uleb128 0x13
ARM GAS  C:\Users\aasys\AppData\Local\Temp\cclg06rH.s 			page 29


 1205 0153 01       		.uleb128 0x1
 1206 0154 13       		.uleb128 0x13
 1207 0155 00       		.byte	0
 1208 0156 00       		.byte	0
 1209 0157 1B       		.uleb128 0x1b
 1210 0158 21       		.uleb128 0x21
 1211 0159 00       		.byte	0
 1212 015a 49       		.uleb128 0x49
 1213 015b 13       		.uleb128 0x13
 1214 015c 2F       		.uleb128 0x2f
 1215 015d 0B       		.uleb128 0xb
 1216 015e 00       		.byte	0
 1217 015f 00       		.byte	0
 1218 0160 1C       		.uleb128 0x1c
 1219 0161 34       		.uleb128 0x34
 1220 0162 00       		.byte	0
 1221 0163 03       		.uleb128 0x3
 1222 0164 08       		.uleb128 0x8
 1223 0165 3A       		.uleb128 0x3a
 1224 0166 0B       		.uleb128 0xb
 1225 0167 3B       		.uleb128 0x3b
 1226 0168 05       		.uleb128 0x5
 1227 0169 49       		.uleb128 0x49
 1228 016a 13       		.uleb128 0x13
 1229 016b 02       		.uleb128 0x2
 1230 016c 17       		.uleb128 0x17
 1231 016d 00       		.byte	0
 1232 016e 00       		.byte	0
 1233 016f 1D       		.uleb128 0x1d
 1234 0170 898201   		.uleb128 0x4109
 1235 0173 00       		.byte	0
 1236 0174 11       		.uleb128 0x11
 1237 0175 01       		.uleb128 0x1
 1238 0176 31       		.uleb128 0x31
 1239 0177 13       		.uleb128 0x13
 1240 0178 00       		.byte	0
 1241 0179 00       		.byte	0
 1242 017a 1E       		.uleb128 0x1e
 1243 017b 2E       		.uleb128 0x2e
 1244 017c 00       		.byte	0
 1245 017d 3F       		.uleb128 0x3f
 1246 017e 19       		.uleb128 0x19
 1247 017f 3C       		.uleb128 0x3c
 1248 0180 19       		.uleb128 0x19
 1249 0181 6E       		.uleb128 0x6e
 1250 0182 0E       		.uleb128 0xe
 1251 0183 03       		.uleb128 0x3
 1252 0184 0E       		.uleb128 0xe
 1253 0185 00       		.byte	0
 1254 0186 00       		.byte	0
 1255 0187 1F       		.uleb128 0x1f
 1256 0188 2E       		.uleb128 0x2e
 1257 0189 00       		.byte	0
 1258 018a 3F       		.uleb128 0x3f
 1259 018b 19       		.uleb128 0x19
 1260 018c 3C       		.uleb128 0x3c
 1261 018d 19       		.uleb128 0x19
ARM GAS  C:\Users\aasys\AppData\Local\Temp\cclg06rH.s 			page 30


 1262 018e 6E       		.uleb128 0x6e
 1263 018f 0E       		.uleb128 0xe
 1264 0190 03       		.uleb128 0x3
 1265 0191 0E       		.uleb128 0xe
 1266 0192 3A       		.uleb128 0x3a
 1267 0193 0B       		.uleb128 0xb
 1268 0194 3B       		.uleb128 0x3b
 1269 0195 0B       		.uleb128 0xb
 1270 0196 00       		.byte	0
 1271 0197 00       		.byte	0
 1272 0198 00       		.byte	0
 1273              		.section	.debug_loc,"",%progbits
 1274              	.Ldebug_loc0:
 1275              	.LLST0:
 1276 0000 02000000 		.4byte	.LVL1
 1277 0004 08000000 		.4byte	.LVL2
 1278 0008 0200     		.2byte	0x2
 1279 000a 30       		.byte	0x30
 1280 000b 9F       		.byte	0x9f
 1281 000c 08000000 		.4byte	.LVL2
 1282 0010 30000000 		.4byte	.LVL11
 1283 0014 0100     		.2byte	0x1
 1284 0016 57       		.byte	0x57
 1285 0017 00000000 		.4byte	0
 1286 001b 00000000 		.4byte	0
 1287              	.LLST1:
 1288 001f 02000000 		.4byte	.LVL1
 1289 0023 08000000 		.4byte	.LVL2
 1290 0027 0200     		.2byte	0x2
 1291 0029 30       		.byte	0x30
 1292 002a 9F       		.byte	0x9f
 1293 002b 08000000 		.4byte	.LVL2
 1294 002f 30000000 		.4byte	.LVL10
 1295 0033 0100     		.2byte	0x1
 1296 0035 55       		.byte	0x55
 1297 0036 00000000 		.4byte	0
 1298 003a 00000000 		.4byte	0
 1299              	.LLST2:
 1300 003e 0C000000 		.4byte	.LVL3
 1301 0042 2C000000 		.4byte	.LVL9
 1302 0046 0100     		.2byte	0x1
 1303 0048 56       		.byte	0x56
 1304 0049 00000000 		.4byte	0
 1305 004d 00000000 		.4byte	0
 1306              	.LLST3:
 1307 0051 0E000000 		.4byte	.LVL4
 1308 0055 24000000 		.4byte	.LVL7
 1309 0059 0100     		.2byte	0x1
 1310 005b 53       		.byte	0x53
 1311 005c 26000000 		.4byte	.LVL8
 1312 0060 2C000000 		.4byte	.LVL9
 1313 0064 0100     		.2byte	0x1
 1314 0066 53       		.byte	0x53
 1315 0067 00000000 		.4byte	0
 1316 006b 00000000 		.4byte	0
 1317              	.LLST4:
 1318 006f 00000000 		.4byte	.LVL12
ARM GAS  C:\Users\aasys\AppData\Local\Temp\cclg06rH.s 			page 31


 1319 0073 09000000 		.4byte	.LVL14-1
 1320 0077 0100     		.2byte	0x1
 1321 0079 50       		.byte	0x50
 1322 007a 09000000 		.4byte	.LVL14-1
 1323 007e 0C000000 		.4byte	.LFE0
 1324 0082 0400     		.2byte	0x4
 1325 0084 F3       		.byte	0xf3
 1326 0085 01       		.uleb128 0x1
 1327 0086 50       		.byte	0x50
 1328 0087 9F       		.byte	0x9f
 1329 0088 00000000 		.4byte	0
 1330 008c 00000000 		.4byte	0
 1331              	.LLST5:
 1332 0090 00000000 		.4byte	.LVL12
 1333 0094 06000000 		.4byte	.LVL13
 1334 0098 0100     		.2byte	0x1
 1335 009a 51       		.byte	0x51
 1336 009b 06000000 		.4byte	.LVL13
 1337 009f 09000000 		.4byte	.LVL14-1
 1338 00a3 0100     		.2byte	0x1
 1339 00a5 52       		.byte	0x52
 1340 00a6 09000000 		.4byte	.LVL14-1
 1341 00aa 0C000000 		.4byte	.LFE0
 1342 00ae 0400     		.2byte	0x4
 1343 00b0 F3       		.byte	0xf3
 1344 00b1 01       		.uleb128 0x1
 1345 00b2 51       		.byte	0x51
 1346 00b3 9F       		.byte	0x9f
 1347 00b4 00000000 		.4byte	0
 1348 00b8 00000000 		.4byte	0
 1349              	.LLST6:
 1350 00bc A4000000 		.4byte	.LVL18
 1351 00c0 A8000000 		.4byte	.LVL19
 1352 00c4 0200     		.2byte	0x2
 1353 00c6 30       		.byte	0x30
 1354 00c7 9F       		.byte	0x9f
 1355 00c8 A8000000 		.4byte	.LVL19
 1356 00cc C6000000 		.4byte	.LVL21
 1357 00d0 0100     		.2byte	0x1
 1358 00d2 54       		.byte	0x54
 1359 00d3 C8000000 		.4byte	.LVL22
 1360 00d7 40010000 		.4byte	.LVL25
 1361 00db 0100     		.2byte	0x1
 1362 00dd 54       		.byte	0x54
 1363 00de 00000000 		.4byte	0
 1364 00e2 00000000 		.4byte	0
 1365              	.LLST7:
 1366 00e6 A8000000 		.4byte	.LVL19
 1367 00ea C6000000 		.4byte	.LVL21
 1368 00ee 0B00     		.2byte	0xb
 1369 00f0 74       		.byte	0x74
 1370 00f1 00       		.sleb128 0
 1371 00f2 36       		.byte	0x36
 1372 00f3 1E       		.byte	0x1e
 1373 00f4 03       		.byte	0x3
 1374 00f5 00000000 		.4byte	cfg_memset_list.4870
 1375 00f9 22       		.byte	0x22
ARM GAS  C:\Users\aasys\AppData\Local\Temp\cclg06rH.s 			page 32


 1376 00fa 9F       		.byte	0x9f
 1377 00fb C6000000 		.4byte	.LVL21
 1378 00ff C8000000 		.4byte	.LVL22
 1379 0103 0B00     		.2byte	0xb
 1380 0105 74       		.byte	0x74
 1381 0106 7F       		.sleb128 -1
 1382 0107 36       		.byte	0x36
 1383 0108 1E       		.byte	0x1e
 1384 0109 03       		.byte	0x3
 1385 010a 00000000 		.4byte	cfg_memset_list.4870
 1386 010e 22       		.byte	0x22
 1387 010f 9F       		.byte	0x9f
 1388 0110 00000000 		.4byte	0
 1389 0114 00000000 		.4byte	0
 1390              		.section	.debug_aranges,"",%progbits
 1391 0000 34000000 		.4byte	0x34
 1392 0004 0200     		.2byte	0x2
 1393 0006 00000000 		.4byte	.Ldebug_info0
 1394 000a 04       		.byte	0x4
 1395 000b 00       		.byte	0
 1396 000c 0000     		.2byte	0
 1397 000e 0000     		.2byte	0
 1398 0010 00000000 		.4byte	.LFB3
 1399 0014 32000000 		.4byte	.LFE3-.LFB3
 1400 0018 00000000 		.4byte	.LFB0
 1401 001c 0C000000 		.4byte	.LFE0-.LFB0
 1402 0020 00000000 		.4byte	.LFB4
 1403 0024 A0000000 		.4byte	.LFE4-.LFB4
 1404 0028 A0000000 		.4byte	.LFB6
 1405 002c E4000000 		.4byte	.LFE6-.LFB6
 1406 0030 00000000 		.4byte	0
 1407 0034 00000000 		.4byte	0
 1408              		.section	.debug_ranges,"",%progbits
 1409              	.Ldebug_ranges0:
 1410 0000 00000000 		.4byte	.LFB3
 1411 0004 32000000 		.4byte	.LFE3
 1412 0008 00000000 		.4byte	.LFB0
 1413 000c 0C000000 		.4byte	.LFE0
 1414 0010 00000000 		.4byte	.LFB4
 1415 0014 A0000000 		.4byte	.LFE4
 1416 0018 A0000000 		.4byte	.LFB6
 1417 001c 84010000 		.4byte	.LFE6
 1418 0020 00000000 		.4byte	0
 1419 0024 00000000 		.4byte	0
 1420              		.section	.debug_line,"",%progbits
 1421              	.Ldebug_line0:
 1422 0000 62010000 		.section	.debug_str,"MS",%progbits,1
 1422      0200D600 
 1422      00000201 
 1422      FB0E0D00 
 1422      01010101 
 1423              	.LASF19:
 1424 0000 72656733 		.ascii	"reg32\000"
 1424      3200
 1425              	.LASF12:
 1426 0006 73697A65 		.ascii	"size_t\000"
 1426      5F7400
ARM GAS  C:\Users\aasys\AppData\Local\Temp\cclg06rH.s 			page 33


 1427              	.LASF37:
 1428 000d 4379496E 		.ascii	"CyIntSetVector\000"
 1428      74536574 
 1428      56656374 
 1428      6F7200
 1429              	.LASF21:
 1430 001c 76616C75 		.ascii	"value\000"
 1430      6500
 1431              	.LASF26:
 1432 0022 636F756E 		.ascii	"count\000"
 1432      7400
 1433              	.LASF29:
 1434 0028 436C6F63 		.ascii	"ClockSetup\000"
 1434      6B536574 
 1434      757000
 1435              	.LASF30:
 1436 0033 63795F63 		.ascii	"cy_cfg_addr_table\000"
 1436      66675F61 
 1436      6464725F 
 1436      7461626C 
 1436      6500
 1437              	.LASF31:
 1438 0045 63795F63 		.ascii	"cy_cfg_data_table\000"
 1438      66675F64 
 1438      6174615F 
 1438      7461626C 
 1438      6500
 1439              	.LASF41:
 1440 0057 433A5C55 		.ascii	"C:\\Users\\aasys\\OneDrive - Drexel University\\PSO"
 1440      73657273 
 1440      5C616173 
 1440      79735C4F 
 1440      6E654472 
 1441 0086 43343230 		.ascii	"C4200\\PSoc4200\\L05X02.cydsn\000"
 1441      305C5053 
 1441      6F633432 
 1441      30305C4C 
 1441      30355830 
 1442              	.LASF16:
 1443 00a2 666C6F61 		.ascii	"float\000"
 1443      7400
 1444              	.LASF35:
 1445 00a8 6366675F 		.ascii	"cfg_memset_list\000"
 1445      6D656D73 
 1445      65745F6C 
 1445      69737400 
 1446              	.LASF33:
 1447 00b8 73697A65 		.ascii	"size\000"
 1447      00
 1448              	.LASF18:
 1449 00bd 72656738 		.ascii	"reg8\000"
 1449      00
 1450              	.LASF8:
 1451 00c2 6C6F6E67 		.ascii	"long unsigned int\000"
 1451      20756E73 
 1451      69676E65 
 1451      6420696E 
ARM GAS  C:\Users\aasys\AppData\Local\Temp\cclg06rH.s 			page 34


 1451      7400
 1452              	.LASF13:
 1453 00d4 75696E74 		.ascii	"uint8\000"
 1453      3800
 1454              	.LASF28:
 1455 00da 43594D45 		.ascii	"CYMEMZERO\000"
 1455      4D5A4552 
 1455      4F00
 1456              	.LASF4:
 1457 00e4 756E7369 		.ascii	"unsigned char\000"
 1457      676E6564 
 1457      20636861 
 1457      7200
 1458              	.LASF43:
 1459 00f2 6D656D73 		.ascii	"memset\000"
 1459      657400
 1460              	.LASF17:
 1461 00f9 646F7562 		.ascii	"double\000"
 1461      6C6500
 1462              	.LASF27:
 1463 0100 6366675F 		.ascii	"cfg_write_bytes32\000"
 1463      77726974 
 1463      655F6279 
 1463      74657333 
 1463      3200
 1464              	.LASF38:
 1465 0112 4379496E 		.ascii	"CyIntEnable\000"
 1465      74456E61 
 1465      626C6500 
 1466              	.LASF23:
 1467 011e 61646472 		.ascii	"addr_table\000"
 1467      5F746162 
 1467      6C6500
 1468              	.LASF14:
 1469 0129 75696E74 		.ascii	"uint16\000"
 1469      313600
 1470              	.LASF24:
 1471 0130 64617461 		.ascii	"data_table\000"
 1471      5F746162 
 1471      6C6500
 1472              	.LASF15:
 1473 013b 75696E74 		.ascii	"uint32\000"
 1473      333200
 1474              	.LASF0:
 1475 0142 756E7369 		.ascii	"unsigned int\000"
 1475      676E6564 
 1475      20696E74 
 1475      00
 1476              	.LASF42:
 1477 014f 63796669 		.ascii	"cyfitter_cfg\000"
 1477      74746572 
 1477      5F636667 
 1477      00
 1478              	.LASF32:
 1479 015c 61646472 		.ascii	"address\000"
 1479      65737300 
 1480              	.LASF9:
ARM GAS  C:\Users\aasys\AppData\Local\Temp\cclg06rH.s 			page 35


 1481 0164 6C6F6E67 		.ascii	"long long unsigned int\000"
 1481      206C6F6E 
 1481      6720756E 
 1481      7369676E 
 1481      65642069 
 1482              	.LASF39:
 1483 017b 474E5520 		.ascii	"GNU C11 5.4.1 20160609 (release) [ARM/embedded-5-br"
 1483      43313120 
 1483      352E342E 
 1483      31203230 
 1483      31363036 
 1484 01ae 616E6368 		.ascii	"anch revision 237715] -mcpu=cortex-m0 -mthumb -g -O"
 1484      20726576 
 1484      6973696F 
 1484      6E203233 
 1484      37373135 
 1485 01e1 67202D66 		.ascii	"g -ffunction-sections -ffat-lto-objects\000"
 1485      66756E63 
 1485      74696F6E 
 1485      2D736563 
 1485      74696F6E 
 1486              	.LASF34:
 1487 0209 6366675F 		.ascii	"cfg_memset_t\000"
 1487      6D656D73 
 1487      65745F74 
 1487      00
 1488              	.LASF25:
 1489 0216 62617365 		.ascii	"baseAddr\000"
 1489      41646472 
 1489      00
 1490              	.LASF10:
 1491 021f 73697A65 		.ascii	"sizetype\000"
 1491      74797065 
 1491      00
 1492              	.LASF6:
 1493 0228 73686F72 		.ascii	"short unsigned int\000"
 1493      7420756E 
 1493      7369676E 
 1493      65642069 
 1493      6E7400
 1494              	.LASF1:
 1495 023b 6C6F6E67 		.ascii	"long long int\000"
 1495      206C6F6E 
 1495      6720696E 
 1495      7400
 1496              	.LASF11:
 1497 0249 63686172 		.ascii	"char\000"
 1497      00
 1498              	.LASF22:
 1499 024e 63795F63 		.ascii	"cy_cfg_addrvalue_t\000"
 1499      66675F61 
 1499      64647276 
 1499      616C7565 
 1499      5F7400
 1500              	.LASF20:
 1501 0261 6F666673 		.ascii	"offset\000"
 1501      657400
ARM GAS  C:\Users\aasys\AppData\Local\Temp\cclg06rH.s 			page 36


 1502              	.LASF5:
 1503 0268 73686F72 		.ascii	"short int\000"
 1503      7420696E 
 1503      7400
 1504              	.LASF36:
 1505 0272 43795379 		.ascii	"CySysClkWriteImoFreq\000"
 1505      73436C6B 
 1505      57726974 
 1505      65496D6F 
 1505      46726571 
 1506              	.LASF7:
 1507 0287 6C6F6E67 		.ascii	"long int\000"
 1507      20696E74 
 1507      00
 1508              	.LASF2:
 1509 0290 6C6F6E67 		.ascii	"long double\000"
 1509      20646F75 
 1509      626C6500 
 1510              	.LASF3:
 1511 029c 7369676E 		.ascii	"signed char\000"
 1511      65642063 
 1511      68617200 
 1512              	.LASF40:
 1513 02a8 47656E65 		.ascii	"Generated_Source\\PSoC4\\cyfitter_cfg.c\000"
 1513      72617465 
 1513      645F536F 
 1513      75726365 
 1513      5C50536F 
 1514              		.ident	"GCC: (GNU Tools for ARM Embedded Processors) 5.4.1 20160609 (release) [ARM/embedded-5-bran
