Archive member included to satisfy reference by file (symbol)

.\CortexM0\ARM_GCC_541\Debug\Design03.a(CyLib.o)
                              .\CortexM0\ARM_GCC_541\Debug\cyfitter_cfg.o (CyIntEnable)
.\CortexM0\ARM_GCC_541\Debug\Design03.a(CyLFClk.o)
                              .\CortexM0\ARM_GCC_541\Debug\cyfitter_cfg.o (CySysWdtIsr)
.\CortexM0\ARM_GCC_541\Debug\Design03.a(my_isr.o)
                              .\CortexM0\ARM_GCC_541\Debug\main.o (my_isr_SetVector)
.\CortexM0\ARM_GCC_541\Debug\Design03.a(my_PWM.o)
                              .\CortexM0\ARM_GCC_541\Debug\main.o (my_PWM_Stop)
.\CortexM0\ARM_GCC_541\Debug\Design03.a(LED_Red.o)
                              .\CortexM0\ARM_GCC_541\Debug\main.o (LED_Red_Write)
.\CortexM0\ARM_GCC_541\Debug\Design03.a(LED_Green.o)
                              .\CortexM0\ARM_GCC_541\Debug\main.o (LED_Green_Write)
.\CortexM0\ARM_GCC_541\Debug\Design03.a(CrossWalk_Button.o)
                              .\CortexM0\ARM_GCC_541\Debug\main.o (CrossWalk_Button_Read)
.\CortexM0\ARM_GCC_541\Debug\Design03.a(isr_btn.o)
                              .\CortexM0\ARM_GCC_541\Debug\main.o (isr_btn_SetVector)
.\CortexM0\ARM_GCC_541\Debug\Design03.a(CyBootAsmGnu.o)
                              .\CortexM0\ARM_GCC_541\Debug\Design03.a(CyLib.o) (CyDelayCycles)
c:/program files (x86)/cypress/psoc creator/4.1/psoc creator/import/gnu/arm/5.4.1/bin/../lib/gcc/arm-none-eabi/5.4.1/armv6-m\libgcc.a(_udivsi3.o)
                              .\CortexM0\ARM_GCC_541\Debug\Design03.a(CyLib.o) (__aeabi_uidiv)
c:/program files (x86)/cypress/psoc creator/4.1/psoc creator/import/gnu/arm/5.4.1/bin/../lib/gcc/arm-none-eabi/5.4.1/armv6-m\libgcc.a(_dvmd_tls.o)
                              c:/program files (x86)/cypress/psoc creator/4.1/psoc creator/import/gnu/arm/5.4.1/bin/../lib/gcc/arm-none-eabi/5.4.1/armv6-m\libgcc.a(_udivsi3.o) (__aeabi_idiv0)
c:/program files (x86)/cypress/psoc creator/4.1/psoc creator/import/gnu/arm/5.4.1/bin/../lib/gcc/arm-none-eabi/5.4.1/../../../../arm-none-eabi/lib/armv6-m\libg_nano.a(lib_a-errno.o)
                              .\CortexM0\ARM_GCC_541\Debug\Cm0Start.o (__errno)
c:/program files (x86)/cypress/psoc creator/4.1/psoc creator/import/gnu/arm/5.4.1/bin/../lib/gcc/arm-none-eabi/5.4.1/../../../../arm-none-eabi/lib/armv6-m\libg_nano.a(lib_a-exit.o)
                              c:/program files (x86)/cypress/psoc creator/4.1/psoc creator/import/gnu/arm/5.4.1/bin/../lib/gcc/arm-none-eabi/5.4.1/../../../../arm-none-eabi/lib/armv6-m/crt0.o (exit)
c:/program files (x86)/cypress/psoc creator/4.1/psoc creator/import/gnu/arm/5.4.1/bin/../lib/gcc/arm-none-eabi/5.4.1/../../../../arm-none-eabi/lib/armv6-m\libg_nano.a(lib_a-impure.o)
                              c:/program files (x86)/cypress/psoc creator/4.1/psoc creator/import/gnu/arm/5.4.1/bin/../lib/gcc/arm-none-eabi/5.4.1/../../../../arm-none-eabi/lib/armv6-m\libg_nano.a(lib_a-exit.o) (_global_impure_ptr)
c:/program files (x86)/cypress/psoc creator/4.1/psoc creator/import/gnu/arm/5.4.1/bin/../lib/gcc/arm-none-eabi/5.4.1/../../../../arm-none-eabi/lib/armv6-m\libg_nano.a(lib_a-init.o)
                              c:/program files (x86)/cypress/psoc creator/4.1/psoc creator/import/gnu/arm/5.4.1/bin/../lib/gcc/arm-none-eabi/5.4.1/../../../../arm-none-eabi/lib/armv6-m/crt0.o (__libc_init_array)
c:/program files (x86)/cypress/psoc creator/4.1/psoc creator/import/gnu/arm/5.4.1/bin/../lib/gcc/arm-none-eabi/5.4.1/../../../../arm-none-eabi/lib/armv6-m\libg_nano.a(lib_a-memset.o)
                              c:/program files (x86)/cypress/psoc creator/4.1/psoc creator/import/gnu/arm/5.4.1/bin/../lib/gcc/arm-none-eabi/5.4.1/../../../../arm-none-eabi/lib/armv6-m/crt0.o (memset)

Allocating common symbols
Common symbol       size              file

Max_Count           0x2               .\CortexM0\ARM_GCC_541\Debug\main.o
Ped_Waiting         0x1               .\CortexM0\ARM_GCC_541\Debug\main.o
state               0x1               .\CortexM0\ARM_GCC_541\Debug\main.o
count               0x2               .\CortexM0\ARM_GCC_541\Debug\main.o
Time_Expired        0x1               .\CortexM0\ARM_GCC_541\Debug\main.o

Discarded input sections

 .text          0x00000000        0x0 c:/program files (x86)/cypress/psoc creator/4.1/psoc creator/import/gnu/arm/5.4.1/bin/../lib/gcc/arm-none-eabi/5.4.1/armv6-m/crti.o
 .data          0x00000000        0x0 c:/program files (x86)/cypress/psoc creator/4.1/psoc creator/import/gnu/arm/5.4.1/bin/../lib/gcc/arm-none-eabi/5.4.1/armv6-m/crti.o
 .bss           0x00000000        0x0 c:/program files (x86)/cypress/psoc creator/4.1/psoc creator/import/gnu/arm/5.4.1/bin/../lib/gcc/arm-none-eabi/5.4.1/armv6-m/crti.o
 .data          0x00000000        0x4 c:/program files (x86)/cypress/psoc creator/4.1/psoc creator/import/gnu/arm/5.4.1/bin/../lib/gcc/arm-none-eabi/5.4.1/armv6-m/crtbegin.o
 .text          0x00000000       0x78 c:/program files (x86)/cypress/psoc creator/4.1/psoc creator/import/gnu/arm/5.4.1/bin/../lib/gcc/arm-none-eabi/5.4.1/../../../../arm-none-eabi/lib/armv6-m/crt0.o
 .data          0x00000000        0x0 c:/program files (x86)/cypress/psoc creator/4.1/psoc creator/import/gnu/arm/5.4.1/bin/../lib/gcc/arm-none-eabi/5.4.1/../../../../arm-none-eabi/lib/armv6-m/crt0.o
 .bss           0x00000000        0x0 c:/program files (x86)/cypress/psoc creator/4.1/psoc creator/import/gnu/arm/5.4.1/bin/../lib/gcc/arm-none-eabi/5.4.1/../../../../arm-none-eabi/lib/armv6-m/crt0.o
 .ARM.extab     0x00000000        0x0 c:/program files (x86)/cypress/psoc creator/4.1/psoc creator/import/gnu/arm/5.4.1/bin/../lib/gcc/arm-none-eabi/5.4.1/../../../../arm-none-eabi/lib/armv6-m/crt0.o
 .ARM.exidx     0x00000000        0x8 c:/program files (x86)/cypress/psoc creator/4.1/psoc creator/import/gnu/arm/5.4.1/bin/../lib/gcc/arm-none-eabi/5.4.1/../../../../arm-none-eabi/lib/armv6-m/crt0.o
 .text          0x00000000        0x0 .\CortexM0\ARM_GCC_541\Debug\main.o
 .data          0x00000000        0x0 .\CortexM0\ARM_GCC_541\Debug\main.o
 .bss           0x00000000        0x0 .\CortexM0\ARM_GCC_541\Debug\main.o
 .text          0x00000000        0x0 .\CortexM0\ARM_GCC_541\Debug\cyfitter_cfg.o
 .data          0x00000000        0x0 .\CortexM0\ARM_GCC_541\Debug\cyfitter_cfg.o
 .bss           0x00000000        0x0 .\CortexM0\ARM_GCC_541\Debug\cyfitter_cfg.o
 .text          0x00000000        0x0 .\CortexM0\ARM_GCC_541\Debug\cymetadata.o
 .data          0x00000000        0x0 .\CortexM0\ARM_GCC_541\Debug\cymetadata.o
 .bss           0x00000000        0x0 .\CortexM0\ARM_GCC_541\Debug\cymetadata.o
 .text          0x00000000        0x0 .\CortexM0\ARM_GCC_541\Debug\Cm0Start.o
 .data          0x00000000        0x4 .\CortexM0\ARM_GCC_541\Debug\Cm0Start.o
 .bss           0x00000000        0x0 .\CortexM0\ARM_GCC_541\Debug\Cm0Start.o
 .text._exit    0x00000000        0xc .\CortexM0\ARM_GCC_541\Debug\Cm0Start.o
 .text._sbrk    0x00000000       0x30 .\CortexM0\ARM_GCC_541\Debug\Cm0Start.o
 .text          0x00000000        0x0 .\CortexM0\ARM_GCC_541\Debug\Design03.a(CyLib.o)
 .bss           0x00000000       0x18 .\CortexM0\ARM_GCC_541\Debug\Design03.a(CyLib.o)
 .text.CySysClkImoStart
                0x00000000       0x14 .\CortexM0\ARM_GCC_541\Debug\Design03.a(CyLib.o)
 .text.CySysClkImoStop
                0x00000000       0x10 .\CortexM0\ARM_GCC_541\Debug\Design03.a(CyLib.o)
 .text.CySysClkWriteHfclkDirect
                0x00000000       0x20 .\CortexM0\ARM_GCC_541\Debug\Design03.a(CyLib.o)
 .text.CySysEnablePumpClock
                0x00000000       0x38 .\CortexM0\ARM_GCC_541\Debug\Design03.a(CyLib.o)
 .text.CySysClkGetSysclkSource
                0x00000000       0x1c .\CortexM0\ARM_GCC_541\Debug\Design03.a(CyLib.o)
 .text.CySysClkWriteSysclkDiv
                0x00000000       0x30 .\CortexM0\ARM_GCC_541\Debug\Design03.a(CyLib.o)
 .text.CySysLvdDisable
                0x00000000       0x20 .\CortexM0\ARM_GCC_541\Debug\Design03.a(CyLib.o)
 .text.CySysLvdGetInterruptSource
                0x00000000       0x10 .\CortexM0\ARM_GCC_541\Debug\Design03.a(CyLib.o)
 .text.CySysLvdClearInterrupt
                0x00000000        0xc .\CortexM0\ARM_GCC_541\Debug\Design03.a(CyLib.o)
 .text.CySysGetResetReason
                0x00000000       0x14 .\CortexM0\ARM_GCC_541\Debug\Design03.a(CyLib.o)
 .text.CyDisableInts
                0x00000000       0x10 .\CortexM0\ARM_GCC_541\Debug\Design03.a(CyLib.o)
 .text.CyEnableInts
                0x00000000        0xc .\CortexM0\ARM_GCC_541\Debug\Design03.a(CyLib.o)
 .text.CyIntGetState
                0x00000000       0x18 .\CortexM0\ARM_GCC_541\Debug\Design03.a(CyLib.o)
 .text.CyIntDisable
                0x00000000       0x14 .\CortexM0\ARM_GCC_541\Debug\Design03.a(CyLib.o)
 .text.CyIntSetPending
                0x00000000       0x14 .\CortexM0\ARM_GCC_541\Debug\Design03.a(CyLib.o)
 .text.CyIntClearPending
                0x00000000       0x14 .\CortexM0\ARM_GCC_541\Debug\Design03.a(CyLib.o)
 .text.CyIntSetSysVector
                0x00000000       0x20 .\CortexM0\ARM_GCC_541\Debug\Design03.a(CyLib.o)
 .text.CyIntGetSysVector
                0x00000000       0x1c .\CortexM0\ARM_GCC_541\Debug\Design03.a(CyLib.o)
 .text.CyIntGetVector
                0x00000000       0x20 .\CortexM0\ARM_GCC_541\Debug\Design03.a(CyLib.o)
 .text.CyIntSetPriority
                0x00000000       0x4c .\CortexM0\ARM_GCC_541\Debug\Design03.a(CyLib.o)
 .text.CyIntGetPriority
                0x00000000       0x2c .\CortexM0\ARM_GCC_541\Debug\Design03.a(CyLib.o)
 .text.CySoftwareReset
                0x00000000       0x18 .\CortexM0\ARM_GCC_541\Debug\Design03.a(CyLib.o)
 .text.CySysLvdEnable
                0x00000000       0x44 .\CortexM0\ARM_GCC_541\Debug\Design03.a(CyLib.o)
 .text.CyDelayFreq
                0x00000000       0x4c .\CortexM0\ARM_GCC_541\Debug\Design03.a(CyLib.o)
 .text.CySysTickStop
                0x00000000       0x10 .\CortexM0\ARM_GCC_541\Debug\Design03.a(CyLib.o)
 .text.CySysTickEnableInterrupt
                0x00000000       0x10 .\CortexM0\ARM_GCC_541\Debug\Design03.a(CyLib.o)
 .text.CySysTickEnable
                0x00000000       0x18 .\CortexM0\ARM_GCC_541\Debug\Design03.a(CyLib.o)
 .text.CySysTickDisableInterrupt
                0x00000000       0x10 .\CortexM0\ARM_GCC_541\Debug\Design03.a(CyLib.o)
 .text.CySysTickSetReload
                0x00000000       0x10 .\CortexM0\ARM_GCC_541\Debug\Design03.a(CyLib.o)
 .text.CySysTickGetReload
                0x00000000       0x10 .\CortexM0\ARM_GCC_541\Debug\Design03.a(CyLib.o)
 .text.CySysTickGetValue
                0x00000000       0x10 .\CortexM0\ARM_GCC_541\Debug\Design03.a(CyLib.o)
 .text.CySysTickGetCountFlag
                0x00000000       0x10 .\CortexM0\ARM_GCC_541\Debug\Design03.a(CyLib.o)
 .text.CySysTickServiceCallbacks
                0x00000000       0x28 .\CortexM0\ARM_GCC_541\Debug\Design03.a(CyLib.o)
 .text.CySysTickClear
                0x00000000        0xc .\CortexM0\ARM_GCC_541\Debug\Design03.a(CyLib.o)
 .text.CySysTickInit
                0x00000000       0x40 .\CortexM0\ARM_GCC_541\Debug\Design03.a(CyLib.o)
 .text.CySysTickStart
                0x00000000       0x20 .\CortexM0\ARM_GCC_541\Debug\Design03.a(CyLib.o)
 .text.CySysTickSetCallback
                0x00000000       0x10 .\CortexM0\ARM_GCC_541\Debug\Design03.a(CyLib.o)
 .text.CySysTickGetCallback
                0x00000000        0xc .\CortexM0\ARM_GCC_541\Debug\Design03.a(CyLib.o)
 .text.CyGetUniqueId
                0x00000000       0x70 .\CortexM0\ARM_GCC_541\Debug\Design03.a(CyLib.o)
 .text          0x00000000        0x0 .\CortexM0\ARM_GCC_541\Debug\Design03.a(CyLFClk.o)
 .text.CySysClkIloEnabled
                0x00000000       0x14 .\CortexM0\ARM_GCC_541\Debug\Design03.a(CyLFClk.o)
 .text.CySysClkIloStart
                0x00000000       0x14 .\CortexM0\ARM_GCC_541\Debug\Design03.a(CyLFClk.o)
 .text.CySysClkIloStartMeasurement
                0x00000000       0x34 .\CortexM0\ARM_GCC_541\Debug\Design03.a(CyLFClk.o)
 .text.CySysClkIloStopMeasurement
                0x00000000       0x14 .\CortexM0\ARM_GCC_541\Debug\Design03.a(CyLFClk.o)
 .text.CySysClkIloCompensate
                0x00000000      0x104 .\CortexM0\ARM_GCC_541\Debug\Design03.a(CyLFClk.o)
 .text.CySysWdtGetEnabledStatus
                0x00000000       0x24 .\CortexM0\ARM_GCC_541\Debug\Design03.a(CyLFClk.o)
 .text.CySysWdtSetMode
                0x00000000       0x38 .\CortexM0\ARM_GCC_541\Debug\Design03.a(CyLFClk.o)
 .text.CySysClkLfclkPosedgeRestore
                0x00000000       0x2c .\CortexM0\ARM_GCC_541\Debug\Design03.a(CyLFClk.o)
 .text.CySysWdtGetMode
                0x00000000       0x14 .\CortexM0\ARM_GCC_541\Debug\Design03.a(CyLFClk.o)
 .text.CySysWdtSetClearOnMatch
                0x00000000       0x34 .\CortexM0\ARM_GCC_541\Debug\Design03.a(CyLFClk.o)
 .text.CySysWdtGetClearOnMatch
                0x00000000       0x24 .\CortexM0\ARM_GCC_541\Debug\Design03.a(CyLFClk.o)
 .text.CySysWdtEnable
                0x00000000       0x40 .\CortexM0\ARM_GCC_541\Debug\Design03.a(CyLFClk.o)
 .text.CySysWdtDisable
                0x00000000       0x44 .\CortexM0\ARM_GCC_541\Debug\Design03.a(CyLFClk.o)
 .text.CySysWdtSetCascade
                0x00000000       0x34 .\CortexM0\ARM_GCC_541\Debug\Design03.a(CyLFClk.o)
 .text.CySysWdtGetCascade
                0x00000000       0x14 .\CortexM0\ARM_GCC_541\Debug\Design03.a(CyLFClk.o)
 .text.CySysWdtSetMatch
                0x00000000       0x38 .\CortexM0\ARM_GCC_541\Debug\Design03.a(CyLFClk.o)
 .text.CySysWdtSetToggleBit
                0x00000000       0x30 .\CortexM0\ARM_GCC_541\Debug\Design03.a(CyLFClk.o)
 .text.CySysWdtGetToggleBit
                0x00000000       0x10 .\CortexM0\ARM_GCC_541\Debug\Design03.a(CyLFClk.o)
 .text.CySysWdtGetMatch
                0x00000000       0x20 .\CortexM0\ARM_GCC_541\Debug\Design03.a(CyLFClk.o)
 .text.CySysWdtGetCount
                0x00000000       0x3c .\CortexM0\ARM_GCC_541\Debug\Design03.a(CyLFClk.o)
 .text.CySysClkLfclkPosedgeCatch
                0x00000000       0x74 .\CortexM0\ARM_GCC_541\Debug\Design03.a(CyLFClk.o)
 .text.CySysClkIloStop
                0x00000000       0x38 .\CortexM0\ARM_GCC_541\Debug\Design03.a(CyLFClk.o)
 .text.CySysWdtGetInterruptSource
                0x00000000       0x14 .\CortexM0\ARM_GCC_541\Debug\Design03.a(CyLFClk.o)
 .text.CySysWdtResetCounters
                0x00000000       0x20 .\CortexM0\ARM_GCC_541\Debug\Design03.a(CyLFClk.o)
 .text.CySysWdtSetInterruptCallback
                0x00000000       0x20 .\CortexM0\ARM_GCC_541\Debug\Design03.a(CyLFClk.o)
 .text.CySysWdtGetInterruptCallback
                0x00000000       0x20 .\CortexM0\ARM_GCC_541\Debug\Design03.a(CyLFClk.o)
 .text.CySysWdtEnableCounterIsr
                0x00000000       0x34 .\CortexM0\ARM_GCC_541\Debug\Design03.a(CyLFClk.o)
 .text.CySysWdtDisableCounterIsr
                0x00000000       0x28 .\CortexM0\ARM_GCC_541\Debug\Design03.a(CyLFClk.o)
 .text.CySysWatchdogFeed
                0x00000000       0x60 .\CortexM0\ARM_GCC_541\Debug\Design03.a(CyLFClk.o)
 .text.CySysTimerDelayUntilMatch
                0x00000000       0x6c .\CortexM0\ARM_GCC_541\Debug\Design03.a(CyLFClk.o)
 .text.CySysTimerDelay
                0x00000000       0x3c .\CortexM0\ARM_GCC_541\Debug\Design03.a(CyLFClk.o)
 .rodata        0x00000000        0xc .\CortexM0\ARM_GCC_541\Debug\Design03.a(CyLFClk.o)
 .text          0x00000000        0x0 .\CortexM0\ARM_GCC_541\Debug\Design03.a(my_isr.o)
 .data          0x00000000        0x0 .\CortexM0\ARM_GCC_541\Debug\Design03.a(my_isr.o)
 .bss           0x00000000        0x0 .\CortexM0\ARM_GCC_541\Debug\Design03.a(my_isr.o)
 .text.my_isr_GetVector
                0x00000000        0xc .\CortexM0\ARM_GCC_541\Debug\Design03.a(my_isr.o)
 .text.my_isr_GetPriority
                0x00000000       0x10 .\CortexM0\ARM_GCC_541\Debug\Design03.a(my_isr.o)
 .text.my_isr_GetState
                0x00000000       0x14 .\CortexM0\ARM_GCC_541\Debug\Design03.a(my_isr.o)
 .text.my_isr_StartEx
                0x00000000       0x1c .\CortexM0\ARM_GCC_541\Debug\Design03.a(my_isr.o)
 .text.my_isr_Stop
                0x00000000       0x14 .\CortexM0\ARM_GCC_541\Debug\Design03.a(my_isr.o)
 .text.my_isr_SetPending
                0x00000000       0x10 .\CortexM0\ARM_GCC_541\Debug\Design03.a(my_isr.o)
 .text          0x00000000        0x0 .\CortexM0\ARM_GCC_541\Debug\Design03.a(my_PWM.o)
 .data          0x00000000        0x0 .\CortexM0\ARM_GCC_541\Debug\Design03.a(my_PWM.o)
 .text.my_PWM_SetMode
                0x00000000       0x28 .\CortexM0\ARM_GCC_541\Debug\Design03.a(my_PWM.o)
 .text.my_PWM_SetQDMode
                0x00000000       0x28 .\CortexM0\ARM_GCC_541\Debug\Design03.a(my_PWM.o)
 .text.my_PWM_SetPrescaler
                0x00000000       0x28 .\CortexM0\ARM_GCC_541\Debug\Design03.a(my_PWM.o)
 .text.my_PWM_SetOneShot
                0x00000000       0x30 .\CortexM0\ARM_GCC_541\Debug\Design03.a(my_PWM.o)
 .text.my_PWM_SetPWMMode
                0x00000000       0x10 .\CortexM0\ARM_GCC_541\Debug\Design03.a(my_PWM.o)
 .text.my_PWM_SetPWMSyncKill
                0x00000000       0x28 .\CortexM0\ARM_GCC_541\Debug\Design03.a(my_PWM.o)
 .text.my_PWM_SetPWMStopOnKill
                0x00000000       0x28 .\CortexM0\ARM_GCC_541\Debug\Design03.a(my_PWM.o)
 .text.my_PWM_SetPWMDeadTime
                0x00000000       0x2c .\CortexM0\ARM_GCC_541\Debug\Design03.a(my_PWM.o)
 .text.my_PWM_SetPWMInvert
                0x00000000       0x28 .\CortexM0\ARM_GCC_541\Debug\Design03.a(my_PWM.o)
 .text.my_PWM_ReadCounter
                0x00000000       0x10 .\CortexM0\ARM_GCC_541\Debug\Design03.a(my_PWM.o)
 .text.my_PWM_SetCounterMode
                0x00000000       0x28 .\CortexM0\ARM_GCC_541\Debug\Design03.a(my_PWM.o)
 .text.my_PWM_ReadPeriod
                0x00000000       0x10 .\CortexM0\ARM_GCC_541\Debug\Design03.a(my_PWM.o)
 .text.my_PWM_SetCompareSwap
                0x00000000       0x24 .\CortexM0\ARM_GCC_541\Debug\Design03.a(my_PWM.o)
 .text.my_PWM_WritePeriodBuf
                0x00000000       0x10 .\CortexM0\ARM_GCC_541\Debug\Design03.a(my_PWM.o)
 .text.my_PWM_ReadPeriodBuf
                0x00000000       0x10 .\CortexM0\ARM_GCC_541\Debug\Design03.a(my_PWM.o)
 .text.my_PWM_SetPeriodSwap
                0x00000000       0x28 .\CortexM0\ARM_GCC_541\Debug\Design03.a(my_PWM.o)
 .text.my_PWM_ReadCompare
                0x00000000       0x10 .\CortexM0\ARM_GCC_541\Debug\Design03.a(my_PWM.o)
 .text.my_PWM_WriteCompareBuf
                0x00000000       0x10 .\CortexM0\ARM_GCC_541\Debug\Design03.a(my_PWM.o)
 .text.my_PWM_ReadCompareBuf
                0x00000000       0x10 .\CortexM0\ARM_GCC_541\Debug\Design03.a(my_PWM.o)
 .text.my_PWM_ReadCapture
                0x00000000       0x10 .\CortexM0\ARM_GCC_541\Debug\Design03.a(my_PWM.o)
 .text.my_PWM_ReadCaptureBuf
                0x00000000       0x10 .\CortexM0\ARM_GCC_541\Debug\Design03.a(my_PWM.o)
 .text.my_PWM_SetCaptureMode
                0x00000000       0x24 .\CortexM0\ARM_GCC_541\Debug\Design03.a(my_PWM.o)
 .text.my_PWM_SetReloadMode
                0x00000000       0x24 .\CortexM0\ARM_GCC_541\Debug\Design03.a(my_PWM.o)
 .text.my_PWM_SetStartMode
                0x00000000       0x28 .\CortexM0\ARM_GCC_541\Debug\Design03.a(my_PWM.o)
 .text.my_PWM_SetStopMode
                0x00000000       0x24 .\CortexM0\ARM_GCC_541\Debug\Design03.a(my_PWM.o)
 .text.my_PWM_SetCountMode
                0x00000000       0x24 .\CortexM0\ARM_GCC_541\Debug\Design03.a(my_PWM.o)
 .text.my_PWM_ReadStatus
                0x00000000       0x14 .\CortexM0\ARM_GCC_541\Debug\Design03.a(my_PWM.o)
 .text.my_PWM_GetInterruptSource
                0x00000000        0xc .\CortexM0\ARM_GCC_541\Debug\Design03.a(my_PWM.o)
 .text.my_PWM_SetInterrupt
                0x00000000        0xc .\CortexM0\ARM_GCC_541\Debug\Design03.a(my_PWM.o)
 .text          0x00000000        0x0 .\CortexM0\ARM_GCC_541\Debug\Design03.a(LED_Red.o)
 .data          0x00000000        0x0 .\CortexM0\ARM_GCC_541\Debug\Design03.a(LED_Red.o)
 .bss           0x00000000        0x0 .\CortexM0\ARM_GCC_541\Debug\Design03.a(LED_Red.o)
 .text.LED_Red_SetDriveMode
                0x00000000       0x18 .\CortexM0\ARM_GCC_541\Debug\Design03.a(LED_Red.o)
 .text.LED_Red_Read
                0x00000000       0x10 .\CortexM0\ARM_GCC_541\Debug\Design03.a(LED_Red.o)
 .text.LED_Red_ReadDataReg
                0x00000000       0x10 .\CortexM0\ARM_GCC_541\Debug\Design03.a(LED_Red.o)
 .text.LED_Red_SetInterruptMode
                0x00000000       0x14 .\CortexM0\ARM_GCC_541\Debug\Design03.a(LED_Red.o)
 .text.LED_Red_ClearInterrupt
                0x00000000       0x14 .\CortexM0\ARM_GCC_541\Debug\Design03.a(LED_Red.o)
 .text          0x00000000        0x0 .\CortexM0\ARM_GCC_541\Debug\Design03.a(LED_Green.o)
 .data          0x00000000        0x0 .\CortexM0\ARM_GCC_541\Debug\Design03.a(LED_Green.o)
 .bss           0x00000000        0x0 .\CortexM0\ARM_GCC_541\Debug\Design03.a(LED_Green.o)
 .text.LED_Green_SetDriveMode
                0x00000000       0x18 .\CortexM0\ARM_GCC_541\Debug\Design03.a(LED_Green.o)
 .text.LED_Green_Read
                0x00000000       0x10 .\CortexM0\ARM_GCC_541\Debug\Design03.a(LED_Green.o)
 .text.LED_Green_ReadDataReg
                0x00000000       0x10 .\CortexM0\ARM_GCC_541\Debug\Design03.a(LED_Green.o)
 .text.LED_Green_SetInterruptMode
                0x00000000       0x14 .\CortexM0\ARM_GCC_541\Debug\Design03.a(LED_Green.o)
 .text.LED_Green_ClearInterrupt
                0x00000000       0x14 .\CortexM0\ARM_GCC_541\Debug\Design03.a(LED_Green.o)
 .text          0x00000000        0x0 .\CortexM0\ARM_GCC_541\Debug\Design03.a(CrossWalk_Button.o)
 .data          0x00000000        0x0 .\CortexM0\ARM_GCC_541\Debug\Design03.a(CrossWalk_Button.o)
 .bss           0x00000000        0x0 .\CortexM0\ARM_GCC_541\Debug\Design03.a(CrossWalk_Button.o)
 .text.CrossWalk_Button_SetDriveMode
                0x00000000       0x18 .\CortexM0\ARM_GCC_541\Debug\Design03.a(CrossWalk_Button.o)
 .text.CrossWalk_Button_Write
                0x00000000       0x18 .\CortexM0\ARM_GCC_541\Debug\Design03.a(CrossWalk_Button.o)
 .text.CrossWalk_Button_ReadDataReg
                0x00000000       0x10 .\CortexM0\ARM_GCC_541\Debug\Design03.a(CrossWalk_Button.o)
 .text.CrossWalk_Button_SetInterruptMode
                0x00000000       0x14 .\CortexM0\ARM_GCC_541\Debug\Design03.a(CrossWalk_Button.o)
 .text          0x00000000        0x0 .\CortexM0\ARM_GCC_541\Debug\Design03.a(isr_btn.o)
 .data          0x00000000        0x0 .\CortexM0\ARM_GCC_541\Debug\Design03.a(isr_btn.o)
 .bss           0x00000000        0x0 .\CortexM0\ARM_GCC_541\Debug\Design03.a(isr_btn.o)
 .text.isr_btn_GetVector
                0x00000000        0xc .\CortexM0\ARM_GCC_541\Debug\Design03.a(isr_btn.o)
 .text.isr_btn_GetPriority
                0x00000000       0x10 .\CortexM0\ARM_GCC_541\Debug\Design03.a(isr_btn.o)
 .text.isr_btn_GetState
                0x00000000       0x10 .\CortexM0\ARM_GCC_541\Debug\Design03.a(isr_btn.o)
 .text.isr_btn_StartEx
                0x00000000       0x1c .\CortexM0\ARM_GCC_541\Debug\Design03.a(isr_btn.o)
 .text.isr_btn_Stop
                0x00000000       0x14 .\CortexM0\ARM_GCC_541\Debug\Design03.a(isr_btn.o)
 .text.isr_btn_SetPending
                0x00000000        0xc .\CortexM0\ARM_GCC_541\Debug\Design03.a(isr_btn.o)
 .text.isr_btn_ClearPending
                0x00000000        0xc .\CortexM0\ARM_GCC_541\Debug\Design03.a(isr_btn.o)
 .data          0x00000000        0x0 .\CortexM0\ARM_GCC_541\Debug\Design03.a(CyBootAsmGnu.o)
 .bss           0x00000000        0x0 .\CortexM0\ARM_GCC_541\Debug\Design03.a(CyBootAsmGnu.o)
 .text          0x00000000      0x114 c:/program files (x86)/cypress/psoc creator/4.1/psoc creator/import/gnu/arm/5.4.1/bin/../lib/gcc/arm-none-eabi/5.4.1/armv6-m\libgcc.a(_udivsi3.o)
 .data          0x00000000        0x0 c:/program files (x86)/cypress/psoc creator/4.1/psoc creator/import/gnu/arm/5.4.1/bin/../lib/gcc/arm-none-eabi/5.4.1/armv6-m\libgcc.a(_udivsi3.o)
 .bss           0x00000000        0x0 c:/program files (x86)/cypress/psoc creator/4.1/psoc creator/import/gnu/arm/5.4.1/bin/../lib/gcc/arm-none-eabi/5.4.1/armv6-m\libgcc.a(_udivsi3.o)
 .text          0x00000000        0x4 c:/program files (x86)/cypress/psoc creator/4.1/psoc creator/import/gnu/arm/5.4.1/bin/../lib/gcc/arm-none-eabi/5.4.1/armv6-m\libgcc.a(_dvmd_tls.o)
 .data          0x00000000        0x0 c:/program files (x86)/cypress/psoc creator/4.1/psoc creator/import/gnu/arm/5.4.1/bin/../lib/gcc/arm-none-eabi/5.4.1/armv6-m\libgcc.a(_dvmd_tls.o)
 .bss           0x00000000        0x0 c:/program files (x86)/cypress/psoc creator/4.1/psoc creator/import/gnu/arm/5.4.1/bin/../lib/gcc/arm-none-eabi/5.4.1/armv6-m\libgcc.a(_dvmd_tls.o)
 .text          0x00000000        0x0 c:/program files (x86)/cypress/psoc creator/4.1/psoc creator/import/gnu/arm/5.4.1/bin/../lib/gcc/arm-none-eabi/5.4.1/../../../../arm-none-eabi/lib/armv6-m\libg_nano.a(lib_a-errno.o)
 .data          0x00000000        0x0 c:/program files (x86)/cypress/psoc creator/4.1/psoc creator/import/gnu/arm/5.4.1/bin/../lib/gcc/arm-none-eabi/5.4.1/../../../../arm-none-eabi/lib/armv6-m\libg_nano.a(lib_a-errno.o)
 .bss           0x00000000        0x0 c:/program files (x86)/cypress/psoc creator/4.1/psoc creator/import/gnu/arm/5.4.1/bin/../lib/gcc/arm-none-eabi/5.4.1/../../../../arm-none-eabi/lib/armv6-m\libg_nano.a(lib_a-errno.o)
 .text          0x00000000        0x0 c:/program files (x86)/cypress/psoc creator/4.1/psoc creator/import/gnu/arm/5.4.1/bin/../lib/gcc/arm-none-eabi/5.4.1/../../../../arm-none-eabi/lib/armv6-m\libg_nano.a(lib_a-exit.o)
 .data          0x00000000        0x0 c:/program files (x86)/cypress/psoc creator/4.1/psoc creator/import/gnu/arm/5.4.1/bin/../lib/gcc/arm-none-eabi/5.4.1/../../../../arm-none-eabi/lib/armv6-m\libg_nano.a(lib_a-exit.o)
 .bss           0x00000000        0x0 c:/program files (x86)/cypress/psoc creator/4.1/psoc creator/import/gnu/arm/5.4.1/bin/../lib/gcc/arm-none-eabi/5.4.1/../../../../arm-none-eabi/lib/armv6-m\libg_nano.a(lib_a-exit.o)
 .text.exit     0x00000000       0x2c c:/program files (x86)/cypress/psoc creator/4.1/psoc creator/import/gnu/arm/5.4.1/bin/../lib/gcc/arm-none-eabi/5.4.1/../../../../arm-none-eabi/lib/armv6-m\libg_nano.a(lib_a-exit.o)
 .text          0x00000000        0x0 c:/program files (x86)/cypress/psoc creator/4.1/psoc creator/import/gnu/arm/5.4.1/bin/../lib/gcc/arm-none-eabi/5.4.1/../../../../arm-none-eabi/lib/armv6-m\libg_nano.a(lib_a-impure.o)
 .data          0x00000000        0x0 c:/program files (x86)/cypress/psoc creator/4.1/psoc creator/import/gnu/arm/5.4.1/bin/../lib/gcc/arm-none-eabi/5.4.1/../../../../arm-none-eabi/lib/armv6-m\libg_nano.a(lib_a-impure.o)
 .bss           0x00000000        0x0 c:/program files (x86)/cypress/psoc creator/4.1/psoc creator/import/gnu/arm/5.4.1/bin/../lib/gcc/arm-none-eabi/5.4.1/../../../../arm-none-eabi/lib/armv6-m\libg_nano.a(lib_a-impure.o)
 .rodata._global_impure_ptr
                0x00000000        0x4 c:/program files (x86)/cypress/psoc creator/4.1/psoc creator/import/gnu/arm/5.4.1/bin/../lib/gcc/arm-none-eabi/5.4.1/../../../../arm-none-eabi/lib/armv6-m\libg_nano.a(lib_a-impure.o)
 .text          0x00000000        0x0 c:/program files (x86)/cypress/psoc creator/4.1/psoc creator/import/gnu/arm/5.4.1/bin/../lib/gcc/arm-none-eabi/5.4.1/../../../../arm-none-eabi/lib/armv6-m\libg_nano.a(lib_a-init.o)
 .data          0x00000000        0x0 c:/program files (x86)/cypress/psoc creator/4.1/psoc creator/import/gnu/arm/5.4.1/bin/../lib/gcc/arm-none-eabi/5.4.1/../../../../arm-none-eabi/lib/armv6-m\libg_nano.a(lib_a-init.o)
 .bss           0x00000000        0x0 c:/program files (x86)/cypress/psoc creator/4.1/psoc creator/import/gnu/arm/5.4.1/bin/../lib/gcc/arm-none-eabi/5.4.1/../../../../arm-none-eabi/lib/armv6-m\libg_nano.a(lib_a-init.o)
 .text          0x00000000        0x0 c:/program files (x86)/cypress/psoc creator/4.1/psoc creator/import/gnu/arm/5.4.1/bin/../lib/gcc/arm-none-eabi/5.4.1/../../../../arm-none-eabi/lib/armv6-m\libg_nano.a(lib_a-memset.o)
 .data          0x00000000        0x0 c:/program files (x86)/cypress/psoc creator/4.1/psoc creator/import/gnu/arm/5.4.1/bin/../lib/gcc/arm-none-eabi/5.4.1/../../../../arm-none-eabi/lib/armv6-m\libg_nano.a(lib_a-memset.o)
 .bss           0x00000000        0x0 c:/program files (x86)/cypress/psoc creator/4.1/psoc creator/import/gnu/arm/5.4.1/bin/../lib/gcc/arm-none-eabi/5.4.1/../../../../arm-none-eabi/lib/armv6-m\libg_nano.a(lib_a-memset.o)
 .text          0x00000000        0x0 c:/program files (x86)/cypress/psoc creator/4.1/psoc creator/import/gnu/arm/5.4.1/bin/../lib/gcc/arm-none-eabi/5.4.1/armv6-m/crtend.o
 .data          0x00000000        0x0 c:/program files (x86)/cypress/psoc creator/4.1/psoc creator/import/gnu/arm/5.4.1/bin/../lib/gcc/arm-none-eabi/5.4.1/armv6-m/crtend.o
 .bss           0x00000000        0x0 c:/program files (x86)/cypress/psoc creator/4.1/psoc creator/import/gnu/arm/5.4.1/bin/../lib/gcc/arm-none-eabi/5.4.1/armv6-m/crtend.o
 .text          0x00000000        0x0 c:/program files (x86)/cypress/psoc creator/4.1/psoc creator/import/gnu/arm/5.4.1/bin/../lib/gcc/arm-none-eabi/5.4.1/armv6-m/crtn.o
 .data          0x00000000        0x0 c:/program files (x86)/cypress/psoc creator/4.1/psoc creator/import/gnu/arm/5.4.1/bin/../lib/gcc/arm-none-eabi/5.4.1/armv6-m/crtn.o
 .bss           0x00000000        0x0 c:/program files (x86)/cypress/psoc creator/4.1/psoc creator/import/gnu/arm/5.4.1/bin/../lib/gcc/arm-none-eabi/5.4.1/armv6-m/crtn.o

Memory Configuration

Name             Origin             Length             Attributes
rom              0x00000000         0x00008000         xr
ram              0x20000000         0x00001000         xrw
*default*        0x00000000         0xffffffff

Linker script and memory map

LOAD c:/program files (x86)/cypress/psoc creator/4.1/psoc creator/import/gnu/arm/5.4.1/bin/../lib/gcc/arm-none-eabi/5.4.1/armv6-m/crti.o
LOAD c:/program files (x86)/cypress/psoc creator/4.1/psoc creator/import/gnu/arm/5.4.1/bin/../lib/gcc/arm-none-eabi/5.4.1/armv6-m/crtbegin.o
LOAD c:/program files (x86)/cypress/psoc creator/4.1/psoc creator/import/gnu/arm/5.4.1/bin/../lib/gcc/arm-none-eabi/5.4.1/../../../../arm-none-eabi/lib/armv6-m/crt0.o
START GROUP
LOAD .\CortexM0\ARM_GCC_541\Debug\main.o
LOAD .\CortexM0\ARM_GCC_541\Debug\cyfitter_cfg.o
LOAD .\CortexM0\ARM_GCC_541\Debug\cymetadata.o
LOAD .\CortexM0\ARM_GCC_541\Debug\Cm0Start.o
LOAD .\CortexM0\ARM_GCC_541\Debug\Design03.a
LOAD C:\Program Files (x86)\Cypress\PSoC Creator\4.1\PSoC Creator\psoc\content\cycomponentlibrary\CyComponentLibrary.cylib\CortexM0\ARM_GCC_541\Debug\CyComponentLibrary.a
END GROUP
START GROUP
LOAD c:/program files (x86)/cypress/psoc creator/4.1/psoc creator/import/gnu/arm/5.4.1/bin/../lib/gcc/arm-none-eabi/5.4.1/armv6-m\libgcc.a
LOAD c:/program files (x86)/cypress/psoc creator/4.1/psoc creator/import/gnu/arm/5.4.1/bin/../lib/gcc/arm-none-eabi/5.4.1/../../../../arm-none-eabi/lib/armv6-m\libg_nano.a
LOAD c:/program files (x86)/cypress/psoc creator/4.1/psoc creator/import/gnu/arm/5.4.1/bin/../lib/gcc/arm-none-eabi/5.4.1/../../../../arm-none-eabi/lib/armv6-m\libc_nano.a
END GROUP
START GROUP
LOAD c:/program files (x86)/cypress/psoc creator/4.1/psoc creator/import/gnu/arm/5.4.1/bin/../lib/gcc/arm-none-eabi/5.4.1/armv6-m\libgcc.a
LOAD c:/program files (x86)/cypress/psoc creator/4.1/psoc creator/import/gnu/arm/5.4.1/bin/../lib/gcc/arm-none-eabi/5.4.1/../../../../arm-none-eabi/lib/armv6-m\libc_nano.a
END GROUP
LOAD c:/program files (x86)/cypress/psoc creator/4.1/psoc creator/import/gnu/arm/5.4.1/bin/../lib/gcc/arm-none-eabi/5.4.1/armv6-m/crtend.o
LOAD c:/program files (x86)/cypress/psoc creator/4.1/psoc creator/import/gnu/arm/5.4.1/bin/../lib/gcc/arm-none-eabi/5.4.1/armv6-m/crtn.o
START GROUP
LOAD c:/program files (x86)/cypress/psoc creator/4.1/psoc creator/import/gnu/arm/5.4.1/bin/../lib/gcc/arm-none-eabi/5.4.1/armv6-m\libgcc.a
LOAD c:/program files (x86)/cypress/psoc creator/4.1/psoc creator/import/gnu/arm/5.4.1/bin/../lib/gcc/arm-none-eabi/5.4.1/../../../../arm-none-eabi/lib/armv6-m\libc.a
LOAD c:/program files (x86)/cypress/psoc creator/4.1/psoc creator/import/gnu/arm/5.4.1/bin/../lib/gcc/arm-none-eabi/5.4.1/../../../../arm-none-eabi/lib/armv6-m\libnosys.a
END GROUP
                0x00000000                CY_APPL_ORIGIN = 0x0
                0x00000080                CY_FLASH_ROW_SIZE = 0x80
                0x00000001                CY_APPL_NUM = 0x1
                0x00000001                CY_APPL_MAX = 0x1
                0x00000040                CY_METADATA_SIZE = 0x40
                0x00000000                CY_APPL_LOADABLE = 0x0
                0x00000000                CY_CHECKSUM_EXCLUDE_SIZE = ALIGN (0x0, CY_FLASH_ROW_SIZE)
                0x00000000                CY_APP_FOR_STACK_AND_COPIER = 0x0
                [!provide]                PROVIDE (__cy_heap_start, _end)
                0x00000001                PROVIDE (__cy_region_num, ((__cy_regions_end - __cy_regions) / 0x10))
                0x20001000                PROVIDE (__cy_stack, (ORIGIN (ram) + LENGTH (ram)))
                [!provide]                PROVIDE (__cy_heap_end, (__cy_stack - 0x400))

.cybootloader   0x00000000        0x0
 *(.cybootloader)
                0x00000000                appl1_start = CY_APPL_ORIGIN?CY_APPL_ORIGIN:ALIGN (CY_FLASH_ROW_SIZE)
                0x00003f80                appl2_start = (appl1_start + ALIGN ((((LENGTH (rom) - appl1_start) - (0x2 * CY_FLASH_ROW_SIZE)) / 0x2), CY_FLASH_ROW_SIZE))
                0x00000000                appl_start = (CY_APPL_NUM == 0x1)?appl1_start:appl2_start
                0x00000001                cy_project_type_bootloader = (appl_start == 0x0)?0x1:0x0
                0x00000000                cy_project_type_app_for_stack_and_copier = (CY_APP_FOR_STACK_AND_COPIER == 0x1)?0x1:0x0

.text           0x00000000      0xa54
 CREATE_OBJECT_SYMBOLS
                0x00000000                PROVIDE (__cy_interrupt_vector, RomVectors)
 *(.romvectors)
 .romvectors    0x00000000       0x10 .\CortexM0\ARM_GCC_541\Debug\Cm0Start.o
                0x00000000                RomVectors
                0x00000001                ASSERT ((. != __cy_interrupt_vector), No interrupt vector)
                0x00000001                ASSERT (CY_APPL_ORIGIN?(SIZEOF (.cybootloader) <= CY_APPL_ORIGIN):0x1, Wrong image location)
                0x00000010                PROVIDE (__cy_reset, Reset)
 *(.text.Reset)
 .text.Reset    0x00000010        0x8 .\CortexM0\ARM_GCC_541\Debug\Cm0Start.o
                0x00000010                Reset
                0x00000001                ASSERT ((. != __cy_reset), No reset code)
 *(.psocinit)
 .psocinit      0x00000018      0x124 .\CortexM0\ARM_GCC_541\Debug\cyfitter_cfg.o
                0x00000090                cyfitter_cfg
                0x0000013c                . = MAX (., 0x100)
 *(.text .text.* .gnu.linkonce.t.*)
 .text          0x0000013c       0x60 c:/program files (x86)/cypress/psoc creator/4.1/psoc creator/import/gnu/arm/5.4.1/bin/../lib/gcc/arm-none-eabi/5.4.1/armv6-m/crtbegin.o
 .text.my_PWM_TC_isr
                0x0000019c       0x44 .\CortexM0\ARM_GCC_541\Debug\main.o
                0x0000019c                my_PWM_TC_isr
 .text.SW_int   0x000001e0       0x28 .\CortexM0\ARM_GCC_541\Debug\main.o
                0x000001e0                SW_int
 .text.main     0x00000208      0x194 .\CortexM0\ARM_GCC_541\Debug\main.o
                0x00000208                main
 .text.CYMEMZERO
                0x0000039c        0xc .\CortexM0\ARM_GCC_541\Debug\cyfitter_cfg.o
 .text.IntDefaultHandler
                0x000003a8       0x10 .\CortexM0\ARM_GCC_541\Debug\Cm0Start.o
                0x000003a8                IntDefaultHandler
 .text.Start_c  0x000003b8       0x48 .\CortexM0\ARM_GCC_541\Debug\Cm0Start.o
                0x000003b8                Start_c
 .text.initialize_psoc
                0x00000400       0x40 .\CortexM0\ARM_GCC_541\Debug\Cm0Start.o
                0x00000400                initialize_psoc
 .text.CyIntEnable
                0x00000440       0x14 .\CortexM0\ARM_GCC_541\Debug\Design03.a(CyLib.o)
                0x00000440                CyIntEnable
 .text.CyHalt   0x00000454        0x4 .\CortexM0\ARM_GCC_541\Debug\Design03.a(CyLib.o)
                0x00000454                CyHalt
 .text.CyIntSetVector
                0x00000458       0x24 .\CortexM0\ARM_GCC_541\Debug\Design03.a(CyLib.o)
                0x00000458                CyIntSetVector
 .text.CyDelay  0x0000047c       0x30 .\CortexM0\ARM_GCC_541\Debug\Design03.a(CyLib.o)
                0x0000047c                CyDelay
 .text.CyDelayUs
                0x000004ac       0x14 .\CortexM0\ARM_GCC_541\Debug\Design03.a(CyLib.o)
                0x000004ac                CyDelayUs
 .text.CySysClkWriteImoFreq
                0x000004c0      0x164 .\CortexM0\ARM_GCC_541\Debug\Design03.a(CyLib.o)
                0x000004c0                CySysClkWriteImoFreq
 .text.CySysWdtLocked
                0x00000624       0x14 .\CortexM0\ARM_GCC_541\Debug\Design03.a(CyLFClk.o)
 .text.CySysWdtLock
                0x00000638       0x1c .\CortexM0\ARM_GCC_541\Debug\Design03.a(CyLFClk.o)
                0x00000638                CySysWdtLock
 .text.CySysWdtUnlock
                0x00000654       0x30 .\CortexM0\ARM_GCC_541\Debug\Design03.a(CyLFClk.o)
                0x00000654                CySysWdtUnlock
 .text.CySysWdtClearInterrupt
                0x00000684       0x4c .\CortexM0\ARM_GCC_541\Debug\Design03.a(CyLFClk.o)
                0x00000684                CySysWdtClearInterrupt
 .text.CySysWdtIsr
                0x000006d0       0xa4 .\CortexM0\ARM_GCC_541\Debug\Design03.a(CyLFClk.o)
                0x000006d0                CySysWdtIsr
 .text.my_isr_Interrupt
                0x00000774        0x4 .\CortexM0\ARM_GCC_541\Debug\Design03.a(my_isr.o)
                0x00000774                my_isr_Interrupt
 .text.my_isr_SetVector
                0x00000778        0xc .\CortexM0\ARM_GCC_541\Debug\Design03.a(my_isr.o)
                0x00000778                my_isr_SetVector
 .text.my_isr_SetPriority
                0x00000784       0x20 .\CortexM0\ARM_GCC_541\Debug\Design03.a(my_isr.o)
                0x00000784                my_isr_SetPriority
 .text.my_isr_Enable
                0x000007a4       0x10 .\CortexM0\ARM_GCC_541\Debug\Design03.a(my_isr.o)
                0x000007a4                my_isr_Enable
 .text.my_isr_Disable
                0x000007b4       0x10 .\CortexM0\ARM_GCC_541\Debug\Design03.a(my_isr.o)
                0x000007b4                my_isr_Disable
 .text.my_isr_Start
                0x000007c4       0x1c .\CortexM0\ARM_GCC_541\Debug\Design03.a(my_isr.o)
                0x000007c4                my_isr_Start
 .text.my_isr_ClearPending
                0x000007e0       0x10 .\CortexM0\ARM_GCC_541\Debug\Design03.a(my_isr.o)
                0x000007e0                my_isr_ClearPending
 .text.my_PWM_Stop
                0x000007f0       0x1c .\CortexM0\ARM_GCC_541\Debug\Design03.a(my_PWM.o)
                0x000007f0                my_PWM_Stop
 .text.my_PWM_WriteCounter
                0x0000080c       0x10 .\CortexM0\ARM_GCC_541\Debug\Design03.a(my_PWM.o)
                0x0000080c                my_PWM_WriteCounter
 .text.my_PWM_WritePeriod
                0x0000081c       0x10 .\CortexM0\ARM_GCC_541\Debug\Design03.a(my_PWM.o)
                0x0000081c                my_PWM_WritePeriod
 .text.my_PWM_WriteCompare
                0x0000082c       0x10 .\CortexM0\ARM_GCC_541\Debug\Design03.a(my_PWM.o)
                0x0000082c                my_PWM_WriteCompare
 .text.my_PWM_TriggerCommand
                0x0000083c       0x1c .\CortexM0\ARM_GCC_541\Debug\Design03.a(my_PWM.o)
                0x0000083c                my_PWM_TriggerCommand
 .text.my_PWM_Enable
                0x00000858       0x24 .\CortexM0\ARM_GCC_541\Debug\Design03.a(my_PWM.o)
                0x00000858                my_PWM_Enable
 .text.my_PWM_SetInterruptMode
                0x0000087c        0xc .\CortexM0\ARM_GCC_541\Debug\Design03.a(my_PWM.o)
                0x0000087c                my_PWM_SetInterruptMode
 .text.my_PWM_Init
                0x00000888       0x4c .\CortexM0\ARM_GCC_541\Debug\Design03.a(my_PWM.o)
                0x00000888                my_PWM_Init
 .text.my_PWM_Start
                0x000008d4       0x20 .\CortexM0\ARM_GCC_541\Debug\Design03.a(my_PWM.o)
                0x000008d4                my_PWM_Start
 .text.my_PWM_GetInterruptSourceMasked
                0x000008f4        0xc .\CortexM0\ARM_GCC_541\Debug\Design03.a(my_PWM.o)
                0x000008f4                my_PWM_GetInterruptSourceMasked
 .text.my_PWM_ClearInterrupt
                0x00000900        0xc .\CortexM0\ARM_GCC_541\Debug\Design03.a(my_PWM.o)
                0x00000900                my_PWM_ClearInterrupt
 .text.LED_Red_Write
                0x0000090c       0x18 .\CortexM0\ARM_GCC_541\Debug\Design03.a(LED_Red.o)
                0x0000090c                LED_Red_Write
 .text.LED_Green_Write
                0x00000924       0x18 .\CortexM0\ARM_GCC_541\Debug\Design03.a(LED_Green.o)
                0x00000924                LED_Green_Write
 .text.CrossWalk_Button_Read
                0x0000093c       0x10 .\CortexM0\ARM_GCC_541\Debug\Design03.a(CrossWalk_Button.o)
                0x0000093c                CrossWalk_Button_Read
 .text.CrossWalk_Button_ClearInterrupt
                0x0000094c       0x14 .\CortexM0\ARM_GCC_541\Debug\Design03.a(CrossWalk_Button.o)
                0x0000094c                CrossWalk_Button_ClearInterrupt
 .text.isr_btn_Interrupt
                0x00000960        0x4 .\CortexM0\ARM_GCC_541\Debug\Design03.a(isr_btn.o)
                0x00000960                isr_btn_Interrupt
 .text.isr_btn_SetVector
                0x00000964        0xc .\CortexM0\ARM_GCC_541\Debug\Design03.a(isr_btn.o)
                0x00000964                isr_btn_SetVector
 .text.isr_btn_SetPriority
                0x00000970       0x20 .\CortexM0\ARM_GCC_541\Debug\Design03.a(isr_btn.o)
                0x00000970                isr_btn_SetPriority
 .text.isr_btn_Enable
                0x00000990        0xc .\CortexM0\ARM_GCC_541\Debug\Design03.a(isr_btn.o)
                0x00000990                isr_btn_Enable
 .text.isr_btn_Disable
                0x0000099c        0xc .\CortexM0\ARM_GCC_541\Debug\Design03.a(isr_btn.o)
                0x0000099c                isr_btn_Disable
 .text.isr_btn_Start
                0x000009a8       0x1c .\CortexM0\ARM_GCC_541\Debug\Design03.a(isr_btn.o)
                0x000009a8                isr_btn_Start
 *fill*         0x000009c4        0x4 
 .text          0x000009c8       0x24 .\CortexM0\ARM_GCC_541\Debug\Design03.a(CyBootAsmGnu.o)
                0x000009c8                CyDelayCycles
                0x000009dc                CyEnterCriticalSection
                0x000009e4                CyExitCriticalSection
 .text.__errno  0x000009ec        0xc c:/program files (x86)/cypress/psoc creator/4.1/psoc creator/import/gnu/arm/5.4.1/bin/../lib/gcc/arm-none-eabi/5.4.1/../../../../arm-none-eabi/lib/armv6-m\libg_nano.a(lib_a-errno.o)
                0x000009ec                __errno
 .text.__libc_init_array
                0x000009f8       0x4c c:/program files (x86)/cypress/psoc creator/4.1/psoc creator/import/gnu/arm/5.4.1/bin/../lib/gcc/arm-none-eabi/5.4.1/../../../../arm-none-eabi/lib/armv6-m\libg_nano.a(lib_a-init.o)
                0x000009f8                __libc_init_array
 .text.memset   0x00000a44       0x10 c:/program files (x86)/cypress/psoc creator/4.1/psoc creator/import/gnu/arm/5.4.1/bin/../lib/gcc/arm-none-eabi/5.4.1/../../../../arm-none-eabi/lib/armv6-m\libg_nano.a(lib_a-memset.o)
                0x00000a44                memset
 *(.plt)
 *(.gnu.warning)
 *(.glue_7t)
 .glue_7t       0x00000a54        0x0 linker stubs
 *(.glue_7)
 .glue_7        0x00000a54        0x0 linker stubs
 *(.vfp11_veneer)
 .vfp11_veneer  0x00000a54        0x0 linker stubs
 *(.bootloader)
 *(.ARM.extab* .gnu.linkonce.armextab.*)
 *(.gcc_except_table)

.v4_bx          0x00000a54        0x0
 .v4_bx         0x00000a54        0x0 linker stubs

.iplt           0x00000a54        0x0
 .iplt          0x00000a54        0x0 c:/program files (x86)/cypress/psoc creator/4.1/psoc creator/import/gnu/arm/5.4.1/bin/../lib/gcc/arm-none-eabi/5.4.1/armv6-m/crtbegin.o

.eh_frame_hdr
 *(.eh_frame_hdr)

.eh_frame       0x00000a54        0x4
 *(.eh_frame)
 .eh_frame      0x00000a54        0x0 c:/program files (x86)/cypress/psoc creator/4.1/psoc creator/import/gnu/arm/5.4.1/bin/../lib/gcc/arm-none-eabi/5.4.1/armv6-m/crtbegin.o
 .eh_frame      0x00000a54        0x4 c:/program files (x86)/cypress/psoc creator/4.1/psoc creator/import/gnu/arm/5.4.1/bin/../lib/gcc/arm-none-eabi/5.4.1/armv6-m/crtend.o
                [!provide]                PROVIDE (__exidx_start, .)

.ARM.exidx
 *(.ARM.exidx* .gnu.linkonce.armexidx.*)
                0x00000a58                __exidx_end = .

.rodata         0x00000a58       0x70
 *(.rodata .rodata.* .gnu.linkonce.r.*)
 .rodata        0x00000a58        0xc .\CortexM0\ARM_GCC_541\Debug\cyfitter_cfg.o
 .rodata        0x00000a64       0x2e .\CortexM0\ARM_GCC_541\Debug\Design03.a(CyLib.o)
                0x00000a64                cyImoFreqMhz2Reg
 .rodata.str1.1
                0x00000a92        0x2 c:/program files (x86)/cypress/psoc creator/4.1/psoc creator/import/gnu/arm/5.4.1/bin/../lib/gcc/arm-none-eabi/5.4.1/../../../../arm-none-eabi/lib/armv6-m\libg_nano.a(lib_a-impure.o)
                0x00000a94                . = ALIGN (0x4)
 *(.init)
 .init          0x00000a94        0x4 c:/program files (x86)/cypress/psoc creator/4.1/psoc creator/import/gnu/arm/5.4.1/bin/../lib/gcc/arm-none-eabi/5.4.1/armv6-m/crti.o
                0x00000a94                _init
 .init          0x00000a98        0x8 c:/program files (x86)/cypress/psoc creator/4.1/psoc creator/import/gnu/arm/5.4.1/bin/../lib/gcc/arm-none-eabi/5.4.1/armv6-m/crtn.o
                0x00000aa0                . = ALIGN (0x4)
                0x00000aa0                __preinit_array_start = .
 *(.preinit_array)
                0x00000aa0                __preinit_array_end = .
                0x00000aa0                . = ALIGN (0x4)
                0x00000aa0                __init_array_start = .
 *(SORT(.init_array.*))
 *(.init_array)
 .init_array    0x00000aa0        0x4 c:/program files (x86)/cypress/psoc creator/4.1/psoc creator/import/gnu/arm/5.4.1/bin/../lib/gcc/arm-none-eabi/5.4.1/armv6-m/crtbegin.o
 .init_array    0x00000aa4        0x4 .\CortexM0\ARM_GCC_541\Debug\Cm0Start.o
                0x00000aa8                __init_array_end = .
                0x00000aa8                . = ALIGN (0x4)
 *(.fini)
 .fini          0x00000aa8        0x4 c:/program files (x86)/cypress/psoc creator/4.1/psoc creator/import/gnu/arm/5.4.1/bin/../lib/gcc/arm-none-eabi/5.4.1/armv6-m/crti.o
                0x00000aa8                _fini
 .fini          0x00000aac        0x8 c:/program files (x86)/cypress/psoc creator/4.1/psoc creator/import/gnu/arm/5.4.1/bin/../lib/gcc/arm-none-eabi/5.4.1/armv6-m/crtn.o
                0x00000ab4                . = ALIGN (0x4)
                0x00000ab4                __fini_array_start = .
 *(.fini_array)
 .fini_array    0x00000ab4        0x4 c:/program files (x86)/cypress/psoc creator/4.1/psoc creator/import/gnu/arm/5.4.1/bin/../lib/gcc/arm-none-eabi/5.4.1/armv6-m/crtbegin.o
 *(SORT(.fini_array.*))
                0x00000ab8                __fini_array_end = .
                0x00000ab8                . = ALIGN (0x4)
 *crtbegin.o(.ctors)
 *(EXCLUDE_FILE(*crtend.o) .ctors)
 *(SORT(.ctors.*))
 *crtend.o(.ctors)
                0x00000ab8                . = ALIGN (0x4)
 *crtbegin.o(.dtors)
 *(EXCLUDE_FILE(*crtend.o) .dtors)
 *(SORT(.dtors.*))
 *crtend.o(.dtors)
                0x00000ab8                . = ALIGN (0x4)
                0x00000ab8                __cy_regions = .
                0x00000ab8        0x4 LONG 0xac8 __cy_region_init_ram
                0x00000abc        0x4 LONG 0x200000c0 __cy_region_start_data
                0x00000ac0        0x4 LONG 0x80 __cy_region_init_size_ram
                0x00000ac4        0x4 LONG 0x48 __cy_region_zero_size_ram
                0x00000ac8                __cy_regions_end = .
                0x00000ac8                . = ALIGN (0x8)
                0x00000ac8                _etext = .

.cy_checksum_exclude
                0x00000ac8        0x0
 *(.cy_checksum_exclude)

.ramvectors     0x20000000       0xc0
                0x20000000                __cy_region_start_ram = .
 *(.ramvectors)
 .ramvectors    0x20000000       0xc0 .\CortexM0\ARM_GCC_541\Debug\Cm0Start.o
                0x20000000                CyRamVectors

.noinit
 *(.noinit)

.data           0x200000c0       0x80 load address 0x00000ac8
                0x200000c0                __cy_region_start_data = .
 *(.jcr)
 .jcr           0x200000c0        0x0 c:/program files (x86)/cypress/psoc creator/4.1/psoc creator/import/gnu/arm/5.4.1/bin/../lib/gcc/arm-none-eabi/5.4.1/armv6-m/crtbegin.o
 .jcr           0x200000c0        0x4 c:/program files (x86)/cypress/psoc creator/4.1/psoc creator/import/gnu/arm/5.4.1/bin/../lib/gcc/arm-none-eabi/5.4.1/armv6-m/crtend.o
 *(.got.plt)
 *(.got)
 *(.shdata)
 *(.data .data.* .gnu.linkonce.d.*)
 .data          0x200000c4       0x14 .\CortexM0\ARM_GCC_541\Debug\Design03.a(CyLib.o)
                0x200000c4                CySysClkPumpConfig
                0x200000c8                cydelay32kMs
                0x200000cc                cydelayFreqKhz
                0x200000d0                cydelayFreqMhz
                0x200000d4                cydelayFreqHz
 .data          0x200000d8        0x4 .\CortexM0\ARM_GCC_541\Debug\Design03.a(CyLFClk.o)
 .data.impure_data
                0x200000dc       0x60 c:/program files (x86)/cypress/psoc creator/4.1/psoc creator/import/gnu/arm/5.4.1/bin/../lib/gcc/arm-none-eabi/5.4.1/../../../../arm-none-eabi/lib/armv6-m\libg_nano.a(lib_a-impure.o)
 .data._impure_ptr
                0x2000013c        0x4 c:/program files (x86)/cypress/psoc creator/4.1/psoc creator/import/gnu/arm/5.4.1/bin/../lib/gcc/arm-none-eabi/5.4.1/../../../../arm-none-eabi/lib/armv6-m\libg_nano.a(lib_a-impure.o)
                0x2000013c                _impure_ptr
                0x20000140                . = ALIGN (0x8)
 *(.ram)
                0x20000140                _edata = .

.igot.plt       0x20000140        0x0 load address 0x00000b48
 .igot.plt      0x20000140        0x0 c:/program files (x86)/cypress/psoc creator/4.1/psoc creator/import/gnu/arm/5.4.1/bin/../lib/gcc/arm-none-eabi/5.4.1/armv6-m/crtbegin.o

.bss            0x20000140       0x48 load address 0x00000b48
                0x20000140                PROVIDE (__bss_start__, .)
 *(.shbss)
 *(.bss .bss.* .gnu.linkonce.b.*)
 .bss           0x20000140       0x1c c:/program files (x86)/cypress/psoc creator/4.1/psoc creator/import/gnu/arm/5.4.1/bin/../lib/gcc/arm-none-eabi/5.4.1/armv6-m/crtbegin.o
 .bss           0x2000015c       0x20 .\CortexM0\ARM_GCC_541\Debug\Design03.a(CyLFClk.o)
 .bss           0x2000017c        0x1 .\CortexM0\ARM_GCC_541\Debug\Design03.a(my_PWM.o)
                0x2000017c                my_PWM_initVar
 *(COMMON)
 *fill*         0x2000017d        0x1 
 COMMON         0x2000017e        0x7 .\CortexM0\ARM_GCC_541\Debug\main.o
                0x2000017e                Max_Count
                0x20000180                Ped_Waiting
                0x20000181                state
                0x20000182                count
                0x20000184                Time_Expired
                0x20000188                . = ALIGN (0x8)
 *fill*         0x20000185        0x3 
 *(.ram.b)
                0x20000188                _end = .
                0x20000188                __end = .
                0x20000188                PROVIDE (end, .)
                0x20000188                PROVIDE (__bss_end__, .)
                0x00000ac8                __cy_region_init_ram = LOADADDR (.data)
                0x00000080                __cy_region_init_size_ram = (_edata - ADDR (.data))
                0x00000048                __cy_region_zero_size_ram = (_end - _edata)

.heap           0x20000188       0x80 load address 0x00000b48
                0x20000188                . = _end
                0x20000208                . = (. + 0x80)
 *fill*         0x20000188       0x80 
                0x20000208                __cy_heap_limit = .

.stack          0x20000c00      0x400
                0x20000c00                __cy_stack_limit = .
                0x20001000                . = (. + 0x400)
 *fill*         0x20000c00      0x400 
                0x00000001                ASSERT ((__cy_stack_limit >= __cy_heap_limit), region RAM overflowed with stack)
                0x00000000                cy_checksum_exclude_size = (CY_APPL_LOADABLE == 0x1)?SIZEOF (.cy_checksum_exclude):0x0
                0x00000001                ASSERT ((cy_checksum_exclude_size <= CY_CHECKSUM_EXCLUDE_SIZE), CY_BOOT: Section .cy_checksum_exclude size exceedes specified limit.)
                0x00007fc0                cyloadermeta_start = (cy_project_type_bootloader || cy_project_type_app_for_stack_and_copier)?(LENGTH (rom) - CY_METADATA_SIZE):0xf0000000

.cyloadermeta
 *(.cyloadermeta)
                0x00007fc0                cyloadablemeta_start = cy_project_type_app_for_stack_and_copier?((LENGTH (rom) - CY_FLASH_ROW_SIZE) - CY_METADATA_SIZE):((LENGTH (rom) - (CY_FLASH_ROW_SIZE * (CY_APPL_NUM - 0x1))) - CY_METADATA_SIZE)

.cyloadablemeta
 *(.cyloadablemeta)

.cyflashprotect
                0x90400000       0x20
 *(.cyflashprotect)
 .cyflashprotect
                0x90400000       0x20 .\CortexM0\ARM_GCC_541\Debug\cymetadata.o
                0x90400000                cy_meta_flashprotect

.cymeta         0x90500000        0xc
 *(.cymeta)
 .cymeta        0x90500000        0xc .\CortexM0\ARM_GCC_541\Debug\cymetadata.o
                0x90500000                cy_metadata

.cychipprotect  0x90600000        0x1
 *(.cychipprotect)
 .cychipprotect
                0x90600000        0x1 .\CortexM0\ARM_GCC_541\Debug\cymetadata.o
                0x90600000                cy_meta_chipprotect

.rel.dyn        0x00000b48        0x0 load address 0x90600004
 .rel.iplt      0x00000b48        0x0 c:/program files (x86)/cypress/psoc creator/4.1/psoc creator/import/gnu/arm/5.4.1/bin/../lib/gcc/arm-none-eabi/5.4.1/armv6-m/crtbegin.o

.stab
 *(.stab)

.stabstr
 *(.stabstr)

.debug
 *(.debug)

.line
 *(.line)

.debug_srcinfo
 *(.debug_srcinfo)

.debug_sfnames
 *(.debug_sfnames)

.debug_aranges  0x00000000      0x6c8
 *(.debug_aranges)
 .debug_aranges
                0x00000000       0x30 .\CortexM0\ARM_GCC_541\Debug\main.o
 .debug_aranges
                0x00000030       0x30 .\CortexM0\ARM_GCC_541\Debug\cyfitter_cfg.o
 .debug_aranges
                0x00000060       0x18 .\CortexM0\ARM_GCC_541\Debug\cymetadata.o
 .debug_aranges
                0x00000078       0x48 .\CortexM0\ARM_GCC_541\Debug\Cm0Start.o
 .debug_aranges
                0x000000c0      0x180 .\CortexM0\ARM_GCC_541\Debug\Design03.a(CyLib.o)
 .debug_aranges
                0x00000240      0x138 .\CortexM0\ARM_GCC_541\Debug\Design03.a(CyLFClk.o)
 .debug_aranges
                0x00000378       0x80 .\CortexM0\ARM_GCC_541\Debug\Design03.a(my_isr.o)
 .debug_aranges
                0x000003f8      0x158 .\CortexM0\ARM_GCC_541\Debug\Design03.a(my_PWM.o)
 .debug_aranges
                0x00000550       0x48 .\CortexM0\ARM_GCC_541\Debug\Design03.a(LED_Red.o)
 .debug_aranges
                0x00000598       0x48 .\CortexM0\ARM_GCC_541\Debug\Design03.a(LED_Green.o)
 .debug_aranges
                0x000005e0       0x48 .\CortexM0\ARM_GCC_541\Debug\Design03.a(CrossWalk_Button.o)
 .debug_aranges
                0x00000628       0x80 .\CortexM0\ARM_GCC_541\Debug\Design03.a(isr_btn.o)
 .debug_aranges
                0x000006a8       0x20 .\CortexM0\ARM_GCC_541\Debug\Design03.a(CyBootAsmGnu.o)

.debug_pubnames
 *(.debug_pubnames)

.debug_info     0x00000000     0x382a
 *(.debug_info .gnu.linkonce.wi.*)
 .debug_info    0x00000000      0x4ac .\CortexM0\ARM_GCC_541\Debug\main.o
 .debug_info    0x000004ac      0x27c .\CortexM0\ARM_GCC_541\Debug\cyfitter_cfg.o
 .debug_info    0x00000728       0xf8 .\CortexM0\ARM_GCC_541\Debug\cymetadata.o
 .debug_info    0x00000820      0x3a2 .\CortexM0\ARM_GCC_541\Debug\Cm0Start.o
 .debug_info    0x00000bc2      0xafc .\CortexM0\ARM_GCC_541\Debug\Design03.a(CyLib.o)
 .debug_info    0x000016be      0xcfe .\CortexM0\ARM_GCC_541\Debug\Design03.a(CyLFClk.o)
 .debug_info    0x000023bc      0x305 .\CortexM0\ARM_GCC_541\Debug\Design03.a(my_isr.o)
 .debug_info    0x000026c1      0x909 .\CortexM0\ARM_GCC_541\Debug\Design03.a(my_PWM.o)
 .debug_info    0x00002fca      0x19d .\CortexM0\ARM_GCC_541\Debug\Design03.a(LED_Red.o)
 .debug_info    0x00003167      0x19d .\CortexM0\ARM_GCC_541\Debug\Design03.a(LED_Green.o)
 .debug_info    0x00003304      0x19d .\CortexM0\ARM_GCC_541\Debug\Design03.a(CrossWalk_Button.o)
 .debug_info    0x000034a1      0x305 .\CortexM0\ARM_GCC_541\Debug\Design03.a(isr_btn.o)
 .debug_info    0x000037a6       0x84 .\CortexM0\ARM_GCC_541\Debug\Design03.a(CyBootAsmGnu.o)

.debug_abbrev   0x00000000      0xf03
 *(.debug_abbrev)
 .debug_abbrev  0x00000000       0xd6 .\CortexM0\ARM_GCC_541\Debug\main.o
 .debug_abbrev  0x000000d6      0x150 .\CortexM0\ARM_GCC_541\Debug\cyfitter_cfg.o
 .debug_abbrev  0x00000226       0x5d .\CortexM0\ARM_GCC_541\Debug\cymetadata.o
 .debug_abbrev  0x00000283      0x1d7 .\CortexM0\ARM_GCC_541\Debug\Cm0Start.o
 .debug_abbrev  0x0000045a      0x1e0 .\CortexM0\ARM_GCC_541\Debug\Design03.a(CyLib.o)
 .debug_abbrev  0x0000063a      0x210 .\CortexM0\ARM_GCC_541\Debug\Design03.a(CyLFClk.o)
 .debug_abbrev  0x0000084a      0x19a .\CortexM0\ARM_GCC_541\Debug\Design03.a(my_isr.o)
 .debug_abbrev  0x000009e4      0x119 .\CortexM0\ARM_GCC_541\Debug\Design03.a(my_PWM.o)
 .debug_abbrev  0x00000afd       0xc8 .\CortexM0\ARM_GCC_541\Debug\Design03.a(LED_Red.o)
 .debug_abbrev  0x00000bc5       0xc8 .\CortexM0\ARM_GCC_541\Debug\Design03.a(LED_Green.o)
 .debug_abbrev  0x00000c8d       0xc8 .\CortexM0\ARM_GCC_541\Debug\Design03.a(CrossWalk_Button.o)
 .debug_abbrev  0x00000d55      0x19a .\CortexM0\ARM_GCC_541\Debug\Design03.a(isr_btn.o)
 .debug_abbrev  0x00000eef       0x14 .\CortexM0\ARM_GCC_541\Debug\Design03.a(CyBootAsmGnu.o)

.debug_line     0x00000000     0x177e
 *(.debug_line)
 .debug_line    0x00000000      0x13f .\CortexM0\ARM_GCC_541\Debug\main.o
 .debug_line    0x0000013f      0x133 .\CortexM0\ARM_GCC_541\Debug\cyfitter_cfg.o
 .debug_line    0x00000272      0x141 .\CortexM0\ARM_GCC_541\Debug\cymetadata.o
 .debug_line    0x000003b3      0x235 .\CortexM0\ARM_GCC_541\Debug\Cm0Start.o
 .debug_line    0x000005e8      0x45f .\CortexM0\ARM_GCC_541\Debug\Design03.a(CyLib.o)
 .debug_line    0x00000a47      0x466 .\CortexM0\ARM_GCC_541\Debug\Design03.a(CyLFClk.o)
 .debug_line    0x00000ead      0x152 .\CortexM0\ARM_GCC_541\Debug\Design03.a(my_isr.o)
 .debug_line    0x00000fff      0x37f .\CortexM0\ARM_GCC_541\Debug\Design03.a(my_PWM.o)
 .debug_line    0x0000137e       0xbf .\CortexM0\ARM_GCC_541\Debug\Design03.a(LED_Red.o)
 .debug_line    0x0000143d       0xc1 .\CortexM0\ARM_GCC_541\Debug\Design03.a(LED_Green.o)
 .debug_line    0x000014fe       0xc8 .\CortexM0\ARM_GCC_541\Debug\Design03.a(CrossWalk_Button.o)
 .debug_line    0x000015c6      0x14f .\CortexM0\ARM_GCC_541\Debug\Design03.a(isr_btn.o)
 .debug_line    0x00001715       0x69 .\CortexM0\ARM_GCC_541\Debug\Design03.a(CyBootAsmGnu.o)

.debug_frame    0x00000000     0x10d4
 *(.debug_frame)
 .debug_frame   0x00000000       0x64 .\CortexM0\ARM_GCC_541\Debug\main.o
 .debug_frame   0x00000064       0x68 .\CortexM0\ARM_GCC_541\Debug\cyfitter_cfg.o
 .debug_frame   0x000000cc       0xbc .\CortexM0\ARM_GCC_541\Debug\Cm0Start.o
 .debug_frame   0x00000188      0x3e0 .\CortexM0\ARM_GCC_541\Debug\Design03.a(CyLib.o)
 .debug_frame   0x00000568      0x3a8 .\CortexM0\ARM_GCC_541\Debug\Design03.a(CyLFClk.o)
 .debug_frame   0x00000910      0x110 .\CortexM0\ARM_GCC_541\Debug\Design03.a(my_isr.o)
 .debug_frame   0x00000a20      0x3a0 .\CortexM0\ARM_GCC_541\Debug\Design03.a(my_PWM.o)
 .debug_frame   0x00000dc0       0x70 .\CortexM0\ARM_GCC_541\Debug\Design03.a(LED_Red.o)
 .debug_frame   0x00000e30       0x70 .\CortexM0\ARM_GCC_541\Debug\Design03.a(LED_Green.o)
 .debug_frame   0x00000ea0       0x70 .\CortexM0\ARM_GCC_541\Debug\Design03.a(CrossWalk_Button.o)
 .debug_frame   0x00000f10      0x110 .\CortexM0\ARM_GCC_541\Debug\Design03.a(isr_btn.o)
 .debug_frame   0x00001020       0x20 c:/program files (x86)/cypress/psoc creator/4.1/psoc creator/import/gnu/arm/5.4.1/bin/../lib/gcc/arm-none-eabi/5.4.1/armv6-m\libgcc.a(_udivsi3.o)
 .debug_frame   0x00001040       0x20 c:/program files (x86)/cypress/psoc creator/4.1/psoc creator/import/gnu/arm/5.4.1/bin/../lib/gcc/arm-none-eabi/5.4.1/../../../../arm-none-eabi/lib/armv6-m\libg_nano.a(lib_a-errno.o)
 .debug_frame   0x00001060       0x28 c:/program files (x86)/cypress/psoc creator/4.1/psoc creator/import/gnu/arm/5.4.1/bin/../lib/gcc/arm-none-eabi/5.4.1/../../../../arm-none-eabi/lib/armv6-m\libg_nano.a(lib_a-exit.o)
 .debug_frame   0x00001088       0x2c c:/program files (x86)/cypress/psoc creator/4.1/psoc creator/import/gnu/arm/5.4.1/bin/../lib/gcc/arm-none-eabi/5.4.1/../../../../arm-none-eabi/lib/armv6-m\libg_nano.a(lib_a-init.o)
 .debug_frame   0x000010b4       0x20 c:/program files (x86)/cypress/psoc creator/4.1/psoc creator/import/gnu/arm/5.4.1/bin/../lib/gcc/arm-none-eabi/5.4.1/../../../../arm-none-eabi/lib/armv6-m\libg_nano.a(lib_a-memset.o)

.debug_str      0x00000000     0x1642
 *(.debug_str)
 .debug_str     0x00000000      0x2d2 .\CortexM0\ARM_GCC_541\Debug\main.o
                                0x312 (size before relaxing)
 .debug_str     0x000002d2       0xae .\CortexM0\ARM_GCC_541\Debug\cyfitter_cfg.o
                                0x23e (size before relaxing)
 .debug_str     0x00000380       0x63 .\CortexM0\ARM_GCC_541\Debug\cymetadata.o
                                0x1bc (size before relaxing)
 .debug_str     0x000003e3      0x13a .\CortexM0\ARM_GCC_541\Debug\Cm0Start.o
                                0x2f5 (size before relaxing)
 .debug_str     0x0000051d      0x4d6 .\CortexM0\ARM_GCC_541\Debug\Design03.a(CyLib.o)
                                0x6b8 (size before relaxing)
 .debug_str     0x000009f3      0x530 .\CortexM0\ARM_GCC_541\Debug\Design03.a(CyLFClk.o)
                                0x731 (size before relaxing)
 .debug_str     0x00000f23       0xb4 .\CortexM0\ARM_GCC_541\Debug\Design03.a(my_isr.o)
                                0x2ec (size before relaxing)
 .debug_str     0x00000fd7      0x3ad .\CortexM0\ARM_GCC_541\Debug\Design03.a(my_PWM.o)
                                0x5cf (size before relaxing)
 .debug_str     0x00001384       0xab .\CortexM0\ARM_GCC_541\Debug\Design03.a(LED_Red.o)
                                0x238 (size before relaxing)
 .debug_str     0x0000142f       0x93 .\CortexM0\ARM_GCC_541\Debug\Design03.a(LED_Green.o)
                                0x246 (size before relaxing)
 .debug_str     0x000014c2       0x9e .\CortexM0\ARM_GCC_541\Debug\Design03.a(CrossWalk_Button.o)
                                0x277 (size before relaxing)
 .debug_str     0x00001560       0xe2 .\CortexM0\ARM_GCC_541\Debug\Design03.a(isr_btn.o)
                                0x2fa (size before relaxing)

.debug_loc      0x00000000     0x19bc
 *(.debug_loc)
 .debug_loc     0x00000000       0x13 .\CortexM0\ARM_GCC_541\Debug\main.o
 .debug_loc     0x00000013       0xa9 .\CortexM0\ARM_GCC_541\Debug\cyfitter_cfg.o
 .debug_loc     0x000000bc      0x14f .\CortexM0\ARM_GCC_541\Debug\Cm0Start.o
 .debug_loc     0x0000020b      0x5cb .\CortexM0\ARM_GCC_541\Debug\Design03.a(CyLib.o)
 .debug_loc     0x000007d6      0x9b5 .\CortexM0\ARM_GCC_541\Debug\Design03.a(CyLFClk.o)
 .debug_loc     0x0000118b       0x82 .\CortexM0\ARM_GCC_541\Debug\Design03.a(my_isr.o)
 .debug_loc     0x0000120d      0x547 .\CortexM0\ARM_GCC_541\Debug\Design03.a(my_PWM.o)
 .debug_loc     0x00001754       0xa2 .\CortexM0\ARM_GCC_541\Debug\Design03.a(LED_Red.o)
 .debug_loc     0x000017f6       0xa2 .\CortexM0\ARM_GCC_541\Debug\Design03.a(LED_Green.o)
 .debug_loc     0x00001898       0xa2 .\CortexM0\ARM_GCC_541\Debug\Design03.a(CrossWalk_Button.o)
 .debug_loc     0x0000193a       0x82 .\CortexM0\ARM_GCC_541\Debug\Design03.a(isr_btn.o)

.debug_macinfo
 *(.debug_macinfo)

.debug_ranges   0x00000000      0x5e0
 *(.debug_ranges)
 .debug_ranges  0x00000000       0x20 .\CortexM0\ARM_GCC_541\Debug\main.o
 .debug_ranges  0x00000020       0x20 .\CortexM0\ARM_GCC_541\Debug\cyfitter_cfg.o
 .debug_ranges  0x00000040       0x38 .\CortexM0\ARM_GCC_541\Debug\Cm0Start.o
 .debug_ranges  0x00000078      0x170 .\CortexM0\ARM_GCC_541\Debug\Design03.a(CyLib.o)
 .debug_ranges  0x000001e8      0x128 .\CortexM0\ARM_GCC_541\Debug\Design03.a(CyLFClk.o)
 .debug_ranges  0x00000310       0x70 .\CortexM0\ARM_GCC_541\Debug\Design03.a(my_isr.o)
 .debug_ranges  0x00000380      0x148 .\CortexM0\ARM_GCC_541\Debug\Design03.a(my_PWM.o)
 .debug_ranges  0x000004c8       0x38 .\CortexM0\ARM_GCC_541\Debug\Design03.a(LED_Red.o)
 .debug_ranges  0x00000500       0x38 .\CortexM0\ARM_GCC_541\Debug\Design03.a(LED_Green.o)
 .debug_ranges  0x00000538       0x38 .\CortexM0\ARM_GCC_541\Debug\Design03.a(CrossWalk_Button.o)
 .debug_ranges  0x00000570       0x70 .\CortexM0\ARM_GCC_541\Debug\Design03.a(isr_btn.o)

.comment        0x00000000       0x6e
 .comment       0x00000000       0x6e .\CortexM0\ARM_GCC_541\Debug\main.o
                                 0x6f (size before relaxing)
 .comment       0x0000006e       0x6f .\CortexM0\ARM_GCC_541\Debug\cyfitter_cfg.o
 .comment       0x0000006e       0x6f .\CortexM0\ARM_GCC_541\Debug\cymetadata.o
 .comment       0x0000006e       0x6f .\CortexM0\ARM_GCC_541\Debug\Cm0Start.o
 .comment       0x0000006e       0x6f .\CortexM0\ARM_GCC_541\Debug\Design03.a(CyLib.o)
 .comment       0x0000006e       0x6f .\CortexM0\ARM_GCC_541\Debug\Design03.a(CyLFClk.o)
 .comment       0x0000006e       0x6f .\CortexM0\ARM_GCC_541\Debug\Design03.a(my_isr.o)
 .comment       0x0000006e       0x6f .\CortexM0\ARM_GCC_541\Debug\Design03.a(my_PWM.o)
 .comment       0x0000006e       0x6f .\CortexM0\ARM_GCC_541\Debug\Design03.a(LED_Red.o)
 .comment       0x0000006e       0x6f .\CortexM0\ARM_GCC_541\Debug\Design03.a(LED_Green.o)
 .comment       0x0000006e       0x6f .\CortexM0\ARM_GCC_541\Debug\Design03.a(CrossWalk_Button.o)
 .comment       0x0000006e       0x6f .\CortexM0\ARM_GCC_541\Debug\Design03.a(isr_btn.o)

.debug_weaknames
 *(.debug_weaknames)

.debug_funcnames
 *(.debug_funcnames)

.debug_typenames
 *(.debug_typenames)

.debug_varnames
 *(.debug_varnames)

.note.gnu.arm.ident
 *(.note.gnu.arm.ident)

.ARM.attributes
                0x00000000       0x28
 *(.ARM.attributes)
 .ARM.attributes
                0x00000000       0x1e c:/program files (x86)/cypress/psoc creator/4.1/psoc creator/import/gnu/arm/5.4.1/bin/../lib/gcc/arm-none-eabi/5.4.1/armv6-m/crti.o
 .ARM.attributes
                0x0000001e       0x2c c:/program files (x86)/cypress/psoc creator/4.1/psoc creator/import/gnu/arm/5.4.1/bin/../lib/gcc/arm-none-eabi/5.4.1/armv6-m/crtbegin.o
 .ARM.attributes
                0x0000004a       0x1b c:/program files (x86)/cypress/psoc creator/4.1/psoc creator/import/gnu/arm/5.4.1/bin/../lib/gcc/arm-none-eabi/5.4.1/../../../../arm-none-eabi/lib/armv6-m/crt0.o
 .ARM.attributes
                0x00000065       0x31 .\CortexM0\ARM_GCC_541\Debug\main.o
 .ARM.attributes
                0x00000096       0x31 .\CortexM0\ARM_GCC_541\Debug\cyfitter_cfg.o
 .ARM.attributes
                0x000000c7       0x31 .\CortexM0\ARM_GCC_541\Debug\cymetadata.o
 .ARM.attributes
                0x000000f8       0x31 .\CortexM0\ARM_GCC_541\Debug\Cm0Start.o
 .ARM.attributes
                0x00000129       0x31 .\CortexM0\ARM_GCC_541\Debug\Design03.a(CyLib.o)
 .ARM.attributes
                0x0000015a       0x31 .\CortexM0\ARM_GCC_541\Debug\Design03.a(CyLFClk.o)
 .ARM.attributes
                0x0000018b       0x31 .\CortexM0\ARM_GCC_541\Debug\Design03.a(my_isr.o)
 .ARM.attributes
                0x000001bc       0x31 .\CortexM0\ARM_GCC_541\Debug\Design03.a(my_PWM.o)
 .ARM.attributes
                0x000001ed       0x31 .\CortexM0\ARM_GCC_541\Debug\Design03.a(LED_Red.o)
 .ARM.attributes
                0x0000021e       0x31 .\CortexM0\ARM_GCC_541\Debug\Design03.a(LED_Green.o)
 .ARM.attributes
                0x0000024f       0x31 .\CortexM0\ARM_GCC_541\Debug\Design03.a(CrossWalk_Button.o)
 .ARM.attributes
                0x00000280       0x31 .\CortexM0\ARM_GCC_541\Debug\Design03.a(isr_btn.o)
 .ARM.attributes
                0x000002b1       0x21 .\CortexM0\ARM_GCC_541\Debug\Design03.a(CyBootAsmGnu.o)
 .ARM.attributes
                0x000002d2       0x1e c:/program files (x86)/cypress/psoc creator/4.1/psoc creator/import/gnu/arm/5.4.1/bin/../lib/gcc/arm-none-eabi/5.4.1/armv6-m\libgcc.a(_udivsi3.o)
 .ARM.attributes
                0x000002f0       0x1e c:/program files (x86)/cypress/psoc creator/4.1/psoc creator/import/gnu/arm/5.4.1/bin/../lib/gcc/arm-none-eabi/5.4.1/armv6-m\libgcc.a(_dvmd_tls.o)
 .ARM.attributes
                0x0000030e       0x2c c:/program files (x86)/cypress/psoc creator/4.1/psoc creator/import/gnu/arm/5.4.1/bin/../lib/gcc/arm-none-eabi/5.4.1/../../../../arm-none-eabi/lib/armv6-m\libg_nano.a(lib_a-errno.o)
 .ARM.attributes
                0x0000033a       0x2c c:/program files (x86)/cypress/psoc creator/4.1/psoc creator/import/gnu/arm/5.4.1/bin/../lib/gcc/arm-none-eabi/5.4.1/../../../../arm-none-eabi/lib/armv6-m\libg_nano.a(lib_a-exit.o)
 .ARM.attributes
                0x00000366       0x2c c:/program files (x86)/cypress/psoc creator/4.1/psoc creator/import/gnu/arm/5.4.1/bin/../lib/gcc/arm-none-eabi/5.4.1/../../../../arm-none-eabi/lib/armv6-m\libg_nano.a(lib_a-impure.o)
 .ARM.attributes
                0x00000392       0x2c c:/program files (x86)/cypress/psoc creator/4.1/psoc creator/import/gnu/arm/5.4.1/bin/../lib/gcc/arm-none-eabi/5.4.1/../../../../arm-none-eabi/lib/armv6-m\libg_nano.a(lib_a-init.o)
 .ARM.attributes
                0x000003be       0x2c c:/program files (x86)/cypress/psoc creator/4.1/psoc creator/import/gnu/arm/5.4.1/bin/../lib/gcc/arm-none-eabi/5.4.1/../../../../arm-none-eabi/lib/armv6-m\libg_nano.a(lib_a-memset.o)
 .ARM.attributes
                0x000003ea       0x2c c:/program files (x86)/cypress/psoc creator/4.1/psoc creator/import/gnu/arm/5.4.1/bin/../lib/gcc/arm-none-eabi/5.4.1/armv6-m/crtend.o
 .ARM.attributes
                0x00000416       0x1e c:/program files (x86)/cypress/psoc creator/4.1/psoc creator/import/gnu/arm/5.4.1/bin/../lib/gcc/arm-none-eabi/5.4.1/armv6-m/crtn.o

/DISCARD/
 *(.note.GNU-stack)
OUTPUT(C:\Users\as3828\Desktop\L4\Workspace01\Design03.cydsn\CortexM0\ARM_GCC_541\Debug\Design03.elf elf32-littlearm)
